Archive member included to satisfy reference by file (symbol)

d:/program files (x86)/stm32/stm32cubeide_1.1.0/stm32cubeide/plugins/com.st.stm32cube.ide.mcu.externaltools.gnu-tools-for-stm32.7-2018-q2-update.win32_1.0.0.201904181610/tools/bin/../lib/gcc/arm-none-eabi/7.3.1/../../../../arm-none-eabi/lib/thumb/v7e-m/fpv4-sp/hard\libc_nano.a(lib_a-errno.o)
                              Core/Src/syscalls.o (__errno)
d:/program files (x86)/stm32/stm32cubeide_1.1.0/stm32cubeide/plugins/com.st.stm32cube.ide.mcu.externaltools.gnu-tools-for-stm32.7-2018-q2-update.win32_1.0.0.201904181610/tools/bin/../lib/gcc/arm-none-eabi/7.3.1/../../../../arm-none-eabi/lib/thumb/v7e-m/fpv4-sp/hard\libc_nano.a(lib_a-exit.o)
                              d:/program files (x86)/stm32/stm32cubeide_1.1.0/stm32cubeide/plugins/com.st.stm32cube.ide.mcu.externaltools.gnu-tools-for-stm32.7-2018-q2-update.win32_1.0.0.201904181610/tools/bin/../lib/gcc/arm-none-eabi/7.3.1/../../../../arm-none-eabi/lib/thumb/v7e-m/fpv4-sp/hard/crt0.o (exit)
d:/program files (x86)/stm32/stm32cubeide_1.1.0/stm32cubeide/plugins/com.st.stm32cube.ide.mcu.externaltools.gnu-tools-for-stm32.7-2018-q2-update.win32_1.0.0.201904181610/tools/bin/../lib/gcc/arm-none-eabi/7.3.1/../../../../arm-none-eabi/lib/thumb/v7e-m/fpv4-sp/hard\libc_nano.a(lib_a-impure.o)
                              d:/program files (x86)/stm32/stm32cubeide_1.1.0/stm32cubeide/plugins/com.st.stm32cube.ide.mcu.externaltools.gnu-tools-for-stm32.7-2018-q2-update.win32_1.0.0.201904181610/tools/bin/../lib/gcc/arm-none-eabi/7.3.1/../../../../arm-none-eabi/lib/thumb/v7e-m/fpv4-sp/hard\libc_nano.a(lib_a-exit.o) (_global_impure_ptr)
d:/program files (x86)/stm32/stm32cubeide_1.1.0/stm32cubeide/plugins/com.st.stm32cube.ide.mcu.externaltools.gnu-tools-for-stm32.7-2018-q2-update.win32_1.0.0.201904181610/tools/bin/../lib/gcc/arm-none-eabi/7.3.1/../../../../arm-none-eabi/lib/thumb/v7e-m/fpv4-sp/hard\libc_nano.a(lib_a-init.o)
                              d:/program files (x86)/stm32/stm32cubeide_1.1.0/stm32cubeide/plugins/com.st.stm32cube.ide.mcu.externaltools.gnu-tools-for-stm32.7-2018-q2-update.win32_1.0.0.201904181610/tools/bin/../lib/gcc/arm-none-eabi/7.3.1/../../../../arm-none-eabi/lib/thumb/v7e-m/fpv4-sp/hard/crt0.o (__libc_init_array)
d:/program files (x86)/stm32/stm32cubeide_1.1.0/stm32cubeide/plugins/com.st.stm32cube.ide.mcu.externaltools.gnu-tools-for-stm32.7-2018-q2-update.win32_1.0.0.201904181610/tools/bin/../lib/gcc/arm-none-eabi/7.3.1/../../../../arm-none-eabi/lib/thumb/v7e-m/fpv4-sp/hard\libc_nano.a(lib_a-memset.o)
                              d:/program files (x86)/stm32/stm32cubeide_1.1.0/stm32cubeide/plugins/com.st.stm32cube.ide.mcu.externaltools.gnu-tools-for-stm32.7-2018-q2-update.win32_1.0.0.201904181610/tools/bin/../lib/gcc/arm-none-eabi/7.3.1/../../../../arm-none-eabi/lib/thumb/v7e-m/fpv4-sp/hard/crt0.o (memset)
d:/program files (x86)/stm32/stm32cubeide_1.1.0/stm32cubeide/plugins/com.st.stm32cube.ide.mcu.externaltools.gnu-tools-for-stm32.7-2018-q2-update.win32_1.0.0.201904181610/tools/bin/../lib/gcc/arm-none-eabi/7.3.1/../../../../arm-none-eabi/lib/thumb/v7e-m/fpv4-sp/hard\libc_nano.a(lib_a-nano-vfprintf_float.o)
                              (_printf_float)
d:/program files (x86)/stm32/stm32cubeide_1.1.0/stm32cubeide/plugins/com.st.stm32cube.ide.mcu.externaltools.gnu-tools-for-stm32.7-2018-q2-update.win32_1.0.0.201904181610/tools/bin/../lib/gcc/arm-none-eabi/7.3.1/../../../../arm-none-eabi/lib/thumb/v7e-m/fpv4-sp/hard\libc_nano.a(lib_a-nano-vfprintf_i.o)
                              d:/program files (x86)/stm32/stm32cubeide_1.1.0/stm32cubeide/plugins/com.st.stm32cube.ide.mcu.externaltools.gnu-tools-for-stm32.7-2018-q2-update.win32_1.0.0.201904181610/tools/bin/../lib/gcc/arm-none-eabi/7.3.1/../../../../arm-none-eabi/lib/thumb/v7e-m/fpv4-sp/hard\libc_nano.a(lib_a-nano-vfprintf_float.o) (_printf_common)
d:/program files (x86)/stm32/stm32cubeide_1.1.0/stm32cubeide/plugins/com.st.stm32cube.ide.mcu.externaltools.gnu-tools-for-stm32.7-2018-q2-update.win32_1.0.0.201904181610/tools/bin/../lib/gcc/arm-none-eabi/7.3.1/../../../../arm-none-eabi/lib/thumb/v7e-m/fpv4-sp/hard\libc_nano.a(lib_a-printf.o)
                              Core/Src/camera.o (printf)
d:/program files (x86)/stm32/stm32cubeide_1.1.0/stm32cubeide/plugins/com.st.stm32cube.ide.mcu.externaltools.gnu-tools-for-stm32.7-2018-q2-update.win32_1.0.0.201904181610/tools/bin/../lib/gcc/arm-none-eabi/7.3.1/../../../../arm-none-eabi/lib/thumb/v7e-m/fpv4-sp/hard\libc_nano.a(lib_a-strlen.o)
                              d:/program files (x86)/stm32/stm32cubeide_1.1.0/stm32cubeide/plugins/com.st.stm32cube.ide.mcu.externaltools.gnu-tools-for-stm32.7-2018-q2-update.win32_1.0.0.201904181610/tools/bin/../lib/gcc/arm-none-eabi/7.3.1/../../../../arm-none-eabi/lib/thumb/v7e-m/fpv4-sp/hard\libc_nano.a(lib_a-nano-vfprintf_float.o) (strlen)
[...]
Memory Configuration

Name             Origin             Length             Attributes
CCMRAM           0x0000000010000000 0x0000000000010000 xrw
RAM              0x0000000020000000 0x0000000000020000 xrw
FLASH            0x0000000008000000 0x0000000000100000 xr
*default*        0x0000000000000000 0xffffffffffffffff

Linker script and memory map

LOAD d:/program files (x86)/stm32/stm32cubeide_1.1.0/stm32cubeide/plugins/com.st.stm32cube.ide.mcu.externaltools.gnu-tools-for-stm32.7-2018-q2-update.win32_1.0.0.201904181610/tools/bin/../lib/gcc/arm-none-eabi/7.3.1/thumb/v7e-m/fpv4-sp/hard/crti.o
LOAD d:/program files (x86)/stm32/stm32cubeide_1.1.0/stm32cubeide/plugins/com.st.stm32cube.ide.mcu.externaltools.gnu-tools-for-stm32.7-2018-q2-update.win32_1.0.0.201904181610/tools/bin/../lib/gcc/arm-none-eabi/7.3.1/thumb/v7e-m/fpv4-sp/hard/crtbegin.o
LOAD d:/program files (x86)/stm32/stm32cubeide_1.1.0/stm32cubeide/plugins/com.st.stm32cube.ide.mcu.externaltools.gnu-tools-for-stm32.7-2018-q2-update.win32_1.0.0.201904181610/tools/bin/../lib/gcc/arm-none-eabi/7.3.1/../../../../arm-none-eabi/lib/thumb/v7e-m/fpv4-sp/hard/crt0.o
LOAD Core/Src/camera.o
LOAD Core/Src/diskio.o
LOAD Core/Src/dwt_delay.o
LOAD Core/Src/ff.o
LOAD Core/Src/ffsystem.o
LOAD Core/Src/ffunicode.o
LOAD Core/Src/main.o
LOAD Core/Src/ov7670.o
LOAD Core/Src/stm32f4xx_hal_msp.o
LOAD Core/Src/stm32f4xx_it.o
LOAD Core/Src/syscalls.o
LOAD Core/Src/sysmem.o
LOAD Core/Src/system_stm32f4xx.o
LOAD Core/Startup/startup_stm32f407vgtx.o
LOAD Drivers/STM32F4xx_HAL_Driver/Src/stm32f4xx_hal.o
LOAD Drivers/STM32F4xx_HAL_Driver/Src/stm32f4xx_hal_cortex.o
LOAD Drivers/STM32F4xx_HAL_Driver/Src/stm32f4xx_hal_dcmi.o
LOAD Drivers/STM32F4xx_HAL_Driver/Src/stm32f4xx_hal_dcmi_ex.o
LOAD Drivers/STM32F4xx_HAL_Driver/Src/stm32f4xx_hal_dma.o
LOAD Drivers/STM32F4xx_HAL_Driver/Src/stm32f4xx_hal_dma_ex.o
LOAD Drivers/STM32F4xx_HAL_Driver/Src/stm32f4xx_hal_exti.o
LOAD Drivers/STM32F4xx_HAL_Driver/Src/stm32f4xx_hal_flash.o
LOAD Drivers/STM32F4xx_HAL_Driver/Src/stm32f4xx_hal_flash_ex.o
LOAD Drivers/STM32F4xx_HAL_Driver/Src/stm32f4xx_hal_flash_ramfunc.o
LOAD Drivers/STM32F4xx_HAL_Driver/Src/stm32f4xx_hal_gpio.o
LOAD Drivers/STM32F4xx_HAL_Driver/Src/stm32f4xx_hal_i2c.o
LOAD Drivers/STM32F4xx_HAL_Driver/Src/stm32f4xx_hal_i2c_ex.o
LOAD Drivers/STM32F4xx_HAL_Driver/Src/stm32f4xx_hal_pwr.o
LOAD Drivers/STM32F4xx_HAL_Driver/Src/stm32f4xx_hal_pwr_ex.o
LOAD Drivers/STM32F4xx_HAL_Driver/Src/stm32f4xx_hal_rcc.o
LOAD Drivers/STM32F4xx_HAL_Driver/Src/stm32f4xx_hal_rcc_ex.o
LOAD Drivers/STM32F4xx_HAL_Driver/Src/stm32f4xx_hal_spi.o
LOAD Drivers/STM32F4xx_HAL_Driver/Src/stm32f4xx_hal_tim.o
LOAD Drivers/STM32F4xx_HAL_Driver/Src/stm32f4xx_hal_tim_ex.o
LOAD Drivers/STM32F4xx_HAL_Driver/Src/stm32f4xx_hal_uart.o
START GROUP
LOAD d:/program files (x86)/stm32/stm32cubeide_1.1.0/stm32cubeide/plugins/com.st.stm32cube.ide.mcu.externaltools.gnu-tools-for-stm32.7-2018-q2-update.win32_1.0.0.201904181610/tools/bin/../lib/gcc/arm-none-eabi/7.3.1/../../../../arm-none-eabi/lib/thumb/v7e-m/fpv4-sp/hard\libc_nano.a
LOAD d:/program files (x86)/stm32/stm32cubeide_1.1.0/stm32cubeide/plugins/com.st.stm32cube.ide.mcu.externaltools.gnu-tools-for-stm32.7-2018-q2-update.win32_1.0.0.201904181610/tools/bin/../lib/gcc/arm-none-eabi/7.3.1/../../../../arm-none-eabi/lib/thumb/v7e-m/fpv4-sp/hard\libm.a
END GROUP
START GROUP
LOAD d:/program files (x86)/stm32/stm32cubeide_1.1.0/stm32cubeide/plugins/com.st.stm32cube.ide.mcu.externaltools.gnu-tools-for-stm32.7-2018-q2-update.win32_1.0.0.201904181610/tools/bin/../lib/gcc/arm-none-eabi/7.3.1/thumb/v7e-m/fpv4-sp/hard\libgcc.a
LOAD d:/program files (x86)/stm32/stm32cubeide_1.1.0/stm32cubeide/plugins/com.st.stm32cube.ide.mcu.externaltools.gnu-tools-for-stm32.7-2018-q2-update.win32_1.0.0.201904181610/tools/bin/../lib/gcc/arm-none-eabi/7.3.1/../../../../arm-none-eabi/lib/thumb/v7e-m/fpv4-sp/hard\libc_nano.a
END GROUP
START GROUP
LOAD d:/program files (x86)/stm32/stm32cubeide_1.1.0/stm32cubeide/plugins/com.st.stm32cube.ide.mcu.externaltools.gnu-tools-for-stm32.7-2018-q2-update.win32_1.0.0.201904181610/tools/bin/../lib/gcc/arm-none-eabi/7.3.1/thumb/v7e-m/fpv4-sp/hard\libgcc.a
LOAD d:/program files (x86)/stm32/stm32cubeide_1.1.0/stm32cubeide/plugins/com.st.stm32cube.ide.mcu.externaltools.gnu-tools-for-stm32.7-2018-q2-update.win32_1.0.0.201904181610/tools/bin/../lib/gcc/arm-none-eabi/7.3.1/../../../../arm-none-eabi/lib/thumb/v7e-m/fpv4-sp/hard\libc_nano.a
LOAD d:/program files (x86)/stm32/stm32cubeide_1.1.0/stm32cubeide/plugins/com.st.stm32cube.ide.mcu.externaltools.gnu-tools-for-stm32.7-2018-q2-update.win32_1.0.0.201904181610/tools/bin/../lib/gcc/arm-none-eabi/7.3.1/../../../../arm-none-eabi/lib/thumb/v7e-m/fpv4-sp/hard\libnosys.a
END GROUP
START GROUP
LOAD d:/program files (x86)/stm32/stm32cubeide_1.1.0/stm32cubeide/plugins/com.st.stm32cube.ide.mcu.externaltools.gnu-tools-for-stm32.7-2018-q2-update.win32_1.0.0.201904181610/tools/bin/../lib/gcc/arm-none-eabi/7.3.1/thumb/v7e-m/fpv4-sp/hard\libgcc.a
LOAD d:/program files (x86)/stm32/stm32cubeide_1.1.0/stm32cubeide/plugins/com.st.stm32cube.ide.mcu.externaltools.gnu-tools-for-stm32.7-2018-q2-update.win32_1.0.0.201904181610/tools/bin/../lib/gcc/arm-none-eabi/7.3.1/../../../../arm-none-eabi/lib/thumb/v7e-m/fpv4-sp/hard\libc_nano.a
LOAD d:/program files (x86)/stm32/stm32cubeide_1.1.0/stm32cubeide/plugins/com.st.stm32cube.ide.mcu.externaltools.gnu-tools-for-stm32.7-2018-q2-update.win32_1.0.0.201904181610/tools/bin/../lib/gcc/arm-none-eabi/7.3.1/../../../../arm-none-eabi/lib/thumb/v7e-m/fpv4-sp/hard\libnosys.a
END GROUP
LOAD d:/program files (x86)/stm32/stm32cubeide_1.1.0/stm32cubeide/plugins/com.st.stm32cube.ide.mcu.externaltools.gnu-tools-for-stm32.7-2018-q2-update.win32_1.0.0.201904181610/tools/bin/../lib/gcc/arm-none-eabi/7.3.1/thumb/v7e-m/fpv4-sp/hard/crtend.o
LOAD d:/program files (x86)/stm32/stm32cubeide_1.1.0/stm32cubeide/plugins/com.st.stm32cube.ide.mcu.externaltools.gnu-tools-for-stm32.7-2018-q2-update.win32_1.0.0.201904181610/tools/bin/../lib/gcc/arm-none-eabi/7.3.1/thumb/v7e-m/fpv4-sp/hard/crtn.o
                0x0000000020020000                _estack = (ORIGIN (RAM) + LENGTH (RAM))
                0x0000000000000200                _Min_Heap_Size = 0x200
                0x0000000000000400                _Min_Stack_Size = 0x400

.isr_vector     0x0000000008000000      0x188
                0x0000000008000000                . = ALIGN (0x4)
 *(.isr_vector)
 .isr_vector    0x0000000008000000      0x188 Core/Startup/startup_stm32f407vgtx.o
                0x0000000008000000                g_pfnVectors
                0x0000000008000188                . = ALIGN (0x4)

.text           0x0000000008000190     0xc934
                0x0000000008000190                . = ALIGN (0x4)
 *(.text)
 .text          0x0000000008000190       0x40 d:/program files (x86)/stm32/stm32cubeide_1.1.0/stm32cubeide/plugins/com.st.stm32cube.ide.mcu.externaltools.gnu-tools-for-stm32.7-2018-q2-update.win32_1.0.0.201904181610/tools/bin/../lib/gcc/arm-none-eabi/7.3.1/thumb/v7e-m/fpv4-sp/hard/crtbegin.o
 .text          0x00000000080001d0       0x10 d:/program files (x86)/stm32/stm32cubeide_1.1.0/stm32cubeide/plugins/com.st.stm32cube.ide.mcu.externaltools.gnu-tools-for-stm32.7-2018-q2-update.win32_1.0.0.201904181610/tools/bin/../lib/gcc/arm-none-eabi/7.3.1/../../../../arm-none-eabi/lib/thumb/v7e-m/fpv4-sp/hard\libc_nano.a(lib_a-strlen.o)
                0x00000000080001d0                strlen
 .text          0x00000000080001e0       0xa0 d:/program files (x86)/stm32/stm32cubeide_1.1.0/stm32cubeide/plugins/com.st.stm32cube.ide.mcu.externaltools.gnu-tools-for-stm32.7-2018-q2-update.win32_1.0.0.201904181610/tools/bin/../lib/gcc/arm-none-eabi/7.3.1/../../../../arm-none-eabi/lib/thumb/v7e-m/fpv4-sp/hard\libc_nano.a(lib_a-memchr.o)
                0x00000000080001e0                memchr
 .text          0x0000000008000280      0x378 d:/program files (x86)/stm32/stm32cubeide_1.1.0/stm32cubeide/plugins/com.st.stm32cube.ide.mcu.externaltools.gnu-tools-for-stm32.7-2018-q2-update.win32_1.0.0.201904181610/tools/bin/../lib/gcc/arm-none-eabi/7.3.1/thumb/v7e-m/fpv4-sp/hard\libgcc.a(_arm_addsubdf3.o)
                0x0000000008000280                __aeabi_drsub
                0x0000000008000288                __aeabi_dsub
                0x0000000008000288                __subdf3
                0x000000000800028c                __aeabi_dadd
                0x000000000800028c                __adddf3
                0x0000000008000504                __floatunsidf
                0x0000000008000504                __aeabi_ui2d
                0x0000000008000524                __floatsidf
                0x0000000008000524                __aeabi_i2d
                0x0000000008000548                __aeabi_f2d
                0x0000000008000548                __extendsfdf2
                0x000000000800058c                __floatundidf
                0x000000000800058c                __aeabi_ul2d
                0x000000000800059c                __floatdidf
                0x000000000800059c                __aeabi_l2d
 .text          0x00000000080005f8      0x424 d:/program files (x86)/stm32/stm32cubeide_1.1.0/stm32cubeide/plugins/com.st.stm32cube.ide.mcu.externaltools.gnu-tools-for-stm32.7-2018-q2-update.win32_1.0.0.201904181610/tools/bin/../lib/gcc/arm-none-eabi/7.3.1/thumb/v7e-m/fpv4-sp/hard\libgcc.a(_arm_muldivdf3.o)
                0x00000000080005f8                __aeabi_dmul
                0x00000000080005f8                __muldf3
                0x000000000800084c                __divdf3
                0x000000000800084c                __aeabi_ddiv
 .text          0x0000000008000a1c      0x110 d:/program files (x86)/stm32/stm32cubeide_1.1.0/stm32cubeide/plugins/com.st.stm32cube.ide.mcu.externaltools.gnu-tools-for-stm32.7-2018-q2-update.win32_1.0.0.201904181610/tools/bin/../lib/gcc/arm-none-eabi/7.3.1/thumb/v7e-m/fpv4-sp/hard\libgcc.a(_arm_cmpdf2.o)
                0x0000000008000a1c                __gtdf2
                0x0000000008000a1c                __gedf2
                0x0000000008000a24                __ltdf2
                0x0000000008000a24                __ledf2
                0x0000000008000a2c                __nedf2
                0x0000000008000a2c                __eqdf2
                0x0000000008000a2c                __cmpdf2
                0x0000000008000aa8                __aeabi_cdrcmple
                0x0000000008000ab8                __aeabi_cdcmpeq
                0x0000000008000ab8                __aeabi_cdcmple
                0x0000000008000ac8                __aeabi_dcmpeq
                0x0000000008000adc                __aeabi_dcmplt
                0x0000000008000af0                __aeabi_dcmple
                0x0000000008000b04                __aeabi_dcmpge
                0x0000000008000b18                __aeabi_dcmpgt
 .text          0x0000000008000b2c       0x2c d:/program files (x86)/stm32/stm32cubeide_1.1.0/stm32cubeide/plugins/com.st.stm32cube.ide.mcu.externaltools.gnu-tools-for-stm32.7-2018-q2-update.win32_1.0.0.201904181610/tools/bin/../lib/gcc/arm-none-eabi/7.3.1/thumb/v7e-m/fpv4-sp/hard\libgcc.a(_arm_unorddf2.o)
                0x0000000008000b2c                __unorddf2
                0x0000000008000b2c                __aeabi_dcmpun
 .text          0x0000000008000b58       0x50 d:/program files (x86)/stm32/stm32cubeide_1.1.0/stm32cubeide/plugins/com.st.stm32cube.ide.mcu.externaltools.gnu-tools-for-stm32.7-2018-q2-update.win32_1.0.0.201904181610/tools/bin/../lib/gcc/arm-none-eabi/7.3.1/thumb/v7e-m/fpv4-sp/hard\libgcc.a(_arm_fixdfsi.o)
                0x0000000008000b58                __aeabi_d2iz
                0x0000000008000b58                __fixdfsi
 .text          0x0000000008000ba8       0x40 d:/program files (x86)/stm32/stm32cubeide_1.1.0/stm32cubeide/plugins/com.st.stm32cube.ide.mcu.externaltools.gnu-tools-for-stm32.7-2018-q2-update.win32_1.0.0.201904181610/tools/bin/../lib/gcc/arm-none-eabi/7.3.1/thumb/v7e-m/fpv4-sp/hard\libgcc.a(_arm_fixunsdfsi.o)
                0x0000000008000ba8                __aeabi_d2uiz
                0x0000000008000ba8                __fixunsdfsi
 .text          0x0000000008000be8       0x30 d:/program files (x86)/stm32/stm32cubeide_1.1.0/stm32cubeide/plugins/com.st.stm32cube.ide.mcu.externaltools.gnu-tools-for-stm32.7-2018-q2-update.win32_1.0.0.201904181610/tools/bin/../lib/gcc/arm-none-eabi/7.3.1/thumb/v7e-m/fpv4-sp/hard\libgcc.a(_aeabi_uldivmod.o)
                0x0000000008000be8                __aeabi_uldivmod
 .text          0x0000000008000c18      0x2cc d:/program files (x86)/stm32/stm32cubeide_1.1.0/stm32cubeide/plugins/com.st.stm32cube.ide.mcu.externaltools.gnu-tools-for-stm32.7-2018-q2-update.win32_1.0.0.201904181610/tools/bin/../lib/gcc/arm-none-eabi/7.3.1/thumb/v7e-m/fpv4-sp/hard\libgcc.a(_udivmoddi4.o)
                0x0000000008000c18                __udivmoddi4
 .text          0x0000000008000ee4        0x4 d:/program files (x86)/stm32/stm32cubeide_1.1.0/stm32cubeide/plugins/com.st.stm32cube.ide.mcu.externaltools.gnu-tools-for-stm32.7-2018-q2-update.win32_1.0.0.201904181610/tools/bin/../lib/gcc/arm-none-eabi/7.3.1/thumb/v7e-m/fpv4-sp/hard\libgcc.a(_dvmd_tls.o)
                0x0000000008000ee4                __aeabi_idiv0
                0x0000000008000ee4                __aeabi_ldiv0
 *(.text*)
 .text.camera_init
                0x0000000008000ee8       0x20 Core/Src/camera.o
                0x0000000008000ee8                camera_init
 .text.camera_config
                0x0000000008000f08       0x44 Core/Src/camera.o
                0x0000000008000f08                camera_config
 .text.camera_startCap
                0x0000000008000f4c       0x4c Core/Src/camera.o
                0x0000000008000f4c                camera_startCap
 .text.camera_stopCap
                0x0000000008000f98        0xe Core/Src/camera.o
                0x0000000008000f98                camera_stopCap
 .text.SELECT   0x0000000008000fa6        0xe Core/Src/diskio.o
 .text.DESELECT
                0x0000000008000fb4        0xe Core/Src/diskio.o
 *fill*         0x0000000008000fc2        0x2 
 .text.xmit_spi
                0x0000000008000fc4       0x34 Core/Src/diskio.o
 .text.rcvr_spi
                0x0000000008000ff8       0x3c Core/Src/diskio.o
 .text.rcvr_spi_m
                0x0000000008001034       0x1c Core/Src/diskio.o
 .text.wait_ready
                0x0000000008001050       0x38 Core/Src/diskio.o
 .text.power_on
                0x0000000008001088       0x9c Core/Src/diskio.o
 .text.power_off
                0x0000000008001124       0x18 Core/Src/diskio.o
 .text.chk_power
                0x000000000800113c       0x18 Core/Src/diskio.o
 .text.rcvr_datablock
                0x0000000008001154       0x6c Core/Src/diskio.o
 .text.xmit_datablock
                0x00000000080011c0       0xa8 Core/Src/diskio.o
 .text.send_cmd
                0x0000000008001268       0xa4 Core/Src/diskio.o
 .text.disk_initialize
                0x000000000800130c      0x1d4 Core/Src/diskio.o
                0x000000000800130c                disk_initialize
 .text.disk_status
                0x00000000080014e0       0x2c Core/Src/diskio.o
                0x00000000080014e0                disk_status
 .text.disk_read
                0x000000000800150c       0xd4 Core/Src/diskio.o
                0x000000000800150c                disk_read
 .text.disk_write
                0x00000000080015e0      0x108 Core/Src/diskio.o
                0x00000000080015e0                disk_write
 .text.disk_ioctl
                0x00000000080016e8      0x300 Core/Src/diskio.o
                0x00000000080016e8                disk_ioctl
 .text.disk_timerproc
                0x00000000080019e8       0x4c Core/Src/diskio.o
                0x00000000080019e8                disk_timerproc
 .text.sdcard_systick_timerproc
                0x0000000008001a34       0x30 Core/Src/diskio.o
                0x0000000008001a34                sdcard_systick_timerproc
 .text.get_fattime
                0x0000000008001a64       0x14 Core/Src/diskio.o
                0x0000000008001a64                get_fattime
 .text.DWT_Init
                0x0000000008001a78       0x40 Core/Src/dwt_delay.o
                0x0000000008001a78                DWT_Init
 .text.DWT_Delay
                0x0000000008001ab8       0x4c Core/Src/dwt_delay.o
                0x0000000008001ab8                DWT_Delay
 .text.ld_word  0x0000000008001b04       0x30 Core/Src/ff.o
 .text.ld_dword
                0x0000000008001b34       0x46 Core/Src/ff.o
 .text.st_word  0x0000000008001b7a       0x36 Core/Src/ff.o
 .text.st_dword
                0x0000000008001bb0       0x58 Core/Src/ff.o
 .text.mem_cpy  0x0000000008001c08       0x42 Core/Src/ff.o
 .text.mem_set  0x0000000008001c4a       0x34 Core/Src/ff.o
 .text.mem_cmp  0x0000000008001c7e       0x4e Core/Src/ff.o
 .text.chk_chr  0x0000000008001ccc       0x36 Core/Src/ff.o
 .text.dbc_1st  0x0000000008001d02       0x40 Core/Src/ff.o
 .text.dbc_2nd  0x0000000008001d42       0x54 Core/Src/ff.o
 .text.sync_window
                0x0000000008001d96       0x78 Core/Src/ff.o
 .text.move_window
                0x0000000008001e0e       0x5a Core/Src/ff.o
 .text.sync_fs  0x0000000008001e68       0xdc Core/Src/ff.o
 .text.clst2sect
                0x0000000008001f44       0x3e Core/Src/ff.o
 .text.get_fat  0x0000000008001f82      0x14a Core/Src/ff.o
 .text.put_fat  0x00000000080020cc      0x1ce Core/Src/ff.o
 .text.remove_chain
                0x000000000800229a       0xca Core/Src/ff.o
 .text.create_chain
                0x0000000008002364      0x1a2 Core/Src/ff.o
 .text.dir_clear
                0x0000000008002506       0x90 Core/Src/ff.o
 .text.dir_sdi  0x0000000008002596       0xf6 Core/Src/ff.o
 .text.dir_next
                0x000000000800268c      0x12c Core/Src/ff.o
 .text.dir_alloc
                0x00000000080027b8       0x8e Core/Src/ff.o
 .text.ld_clust
                0x0000000008002846       0x3e Core/Src/ff.o
 .text.st_clust
                0x0000000008002884       0x40 Core/Src/ff.o
 .text.dir_find
                0x00000000080028c4       0xaa Core/Src/ff.o
 .text.dir_register
                0x000000000800296e       0x64 Core/Src/ff.o
 *fill*         0x00000000080029d2        0x2 
 .text.create_name
                0x00000000080029d4      0x184 Core/Src/ff.o
 .text.follow_path
                0x0000000008002b58       0xde Core/Src/ff.o
 .text.get_ldnumber
                0x0000000008002c36       0x8a Core/Src/ff.o
 .text.check_fs
                0x0000000008002cc0       0xac Core/Src/ff.o
 .text.find_volume
                0x0000000008002d6c      0x4b0 Core/Src/ff.o
 .text.validate
                0x000000000800321c       0x6a Core/Src/ff.o
 *fill*         0x0000000008003286        0x2 
 .text.f_mount  0x0000000008003288       0x80 Core/Src/ff.o
                0x0000000008003288                f_mount
 .text.f_open   0x0000000008003308      0x306 Core/Src/ff.o
                0x0000000008003308                f_open
 .text.f_write  0x000000000800360e      0x2d2 Core/Src/ff.o
                0x000000000800360e                f_write
 .text.f_sync   0x00000000080038e0       0xfc Core/Src/ff.o
                0x00000000080038e0                f_sync
 .text.f_close  0x00000000080039dc       0x40 Core/Src/ff.o
                0x00000000080039dc                f_close
 .text.HAL_UART_RxCpltCallback
                0x0000000008003a1c       0x70 Core/Src/main.o
                0x0000000008003a1c                HAL_UART_RxCpltCallback
 .text.hcsr04_read
                0x0000000008003a8c       0x78 Core/Src/main.o
                0x0000000008003a8c                hcsr04_read
 .text.HAL_TIM_PeriodElapsedCallback
                0x0000000008003b04       0x14 Core/Src/main.o
                0x0000000008003b04                HAL_TIM_PeriodElapsedCallback
 .text.main     0x0000000008003b18      0x1d0 Core/Src/main.o
                0x0000000008003b18                main
 .text.SystemClock_Config
                0x0000000008003ce8       0xe0 Core/Src/main.o
                0x0000000008003ce8                SystemClock_Config
 .text.MX_DCMI_Init
                0x0000000008003dc8       0x50 Core/Src/main.o
 .text.MX_I2C2_Init
                0x0000000008003e18       0x5c Core/Src/main.o
 .text.MX_SPI1_Init
                0x0000000008003e74       0x6c Core/Src/main.o
 .text.MX_TIM3_Init
                0x0000000008003ee0       0x9c Core/Src/main.o
 .text.MX_USART2_UART_Init
                0x0000000008003f7c       0x54 Core/Src/main.o
 .text.MX_GPIO_Init
                0x0000000008003fd0      0x160 Core/Src/main.o
 .text.Error_Handler
                0x0000000008004130        0xe Core/Src/main.o
                0x0000000008004130                Error_Handler
 *fill*         0x000000000800413e        0x2 
 .text.ov7670_init
                0x0000000008004140       0x90 Core/Src/ov7670.o
                0x0000000008004140                ov7670_init
 .text.ov7670_config
                0x00000000080041d0       0x60 Core/Src/ov7670.o
                0x00000000080041d0                ov7670_config
 .text.ov7670_startCap
                0x0000000008004230       0x5c Core/Src/ov7670.o
                0x0000000008004230                ov7670_startCap
 .text.ov7670_stopCap
                0x000000000800428c       0x18 Core/Src/ov7670.o
                0x000000000800428c                ov7670_stopCap
 .text.HAL_DCMI_FrameEventCallback
                0x00000000080042a4       0x64 Core/Src/ov7670.o
                0x00000000080042a4                HAL_DCMI_FrameEventCallback
 .text.HAL_DCMI_VsyncEventCallback
                0x0000000008004308       0x14 Core/Src/ov7670.o
                0x0000000008004308                HAL_DCMI_VsyncEventCallback
 .text.ov7670_write
                0x000000000800431c       0x40 Core/Src/ov7670.o
                0x000000000800431c                ov7670_write
 .text.ov7670_read
                0x000000000800435c       0x4c Core/Src/ov7670.o
                0x000000000800435c                ov7670_read
 .text.HAL_MspInit
                0x00000000080043a8       0x50 Core/Src/stm32f4xx_hal_msp.o
                0x00000000080043a8                HAL_MspInit
 .text.HAL_DCMI_MspInit
                0x00000000080043f8      0x164 Core/Src/stm32f4xx_hal_msp.o
                0x00000000080043f8                HAL_DCMI_MspInit
 .text.HAL_I2C_MspInit
                0x000000000800455c       0x90 Core/Src/stm32f4xx_hal_msp.o
                0x000000000800455c                HAL_I2C_MspInit
 .text.HAL_SPI_MspInit
                0x00000000080045ec       0x90 Core/Src/stm32f4xx_hal_msp.o
                0x00000000080045ec                HAL_SPI_MspInit
 .text.HAL_TIM_Base_MspInit
                0x000000000800467c       0x50 Core/Src/stm32f4xx_hal_msp.o
                0x000000000800467c                HAL_TIM_Base_MspInit
 .text.HAL_UART_MspInit
                0x00000000080046cc       0xa0 Core/Src/stm32f4xx_hal_msp.o
                0x00000000080046cc                HAL_UART_MspInit
 .text.NMI_Handler
                0x000000000800476c        0xe Core/Src/stm32f4xx_it.o
                0x000000000800476c                NMI_Handler
 .text.HardFault_Handler
                0x000000000800477a        0x6 Core/Src/stm32f4xx_it.o
                0x000000000800477a                HardFault_Handler
 .text.MemManage_Handler
                0x0000000008004780        0x6 Core/Src/stm32f4xx_it.o
                0x0000000008004780                MemManage_Handler
 .text.BusFault_Handler
                0x0000000008004786        0x6 Core/Src/stm32f4xx_it.o
                0x0000000008004786                BusFault_Handler
 .text.UsageFault_Handler
                0x000000000800478c        0x6 Core/Src/stm32f4xx_it.o
                0x000000000800478c                UsageFault_Handler
 .text.SVC_Handler
                0x0000000008004792        0xe Core/Src/stm32f4xx_it.o
                0x0000000008004792                SVC_Handler
 .text.DebugMon_Handler
                0x00000000080047a0        0xe Core/Src/stm32f4xx_it.o
                0x00000000080047a0                DebugMon_Handler
 .text.PendSV_Handler
                0x00000000080047ae        0xe Core/Src/stm32f4xx_it.o
                0x00000000080047ae                PendSV_Handler
 .text.SysTick_Handler
                0x00000000080047bc       0x10 Core/Src/stm32f4xx_it.o
                0x00000000080047bc                SysTick_Handler
 .text.TIM3_IRQHandler
                0x00000000080047cc       0x14 Core/Src/stm32f4xx_it.o
                0x00000000080047cc                TIM3_IRQHandler
 .text.USART2_IRQHandler
                0x00000000080047e0       0x14 Core/Src/stm32f4xx_it.o
                0x00000000080047e0                USART2_IRQHandler
 .text.DCMI_IRQHandler
                0x00000000080047f4       0x14 Core/Src/stm32f4xx_it.o
                0x00000000080047f4                DCMI_IRQHandler
 .text._read    0x0000000008004808       0x3a Core/Src/syscalls.o
                0x0000000008004808                _read
 .text._write   0x0000000008004842       0x38 Core/Src/syscalls.o
                0x0000000008004842                _write
 .text._close   0x000000000800487a       0x18 Core/Src/syscalls.o
                0x000000000800487a                _close
 .text._fstat   0x0000000008004892       0x20 Core/Src/syscalls.o
                0x0000000008004892                _fstat
 .text._isatty  0x00000000080048b2       0x16 Core/Src/syscalls.o
                0x00000000080048b2                _isatty
 .text._lseek   0x00000000080048c8       0x1a Core/Src/syscalls.o
                0x00000000080048c8                _lseek
 *fill*         0x00000000080048e2        0x2 
 .text._sbrk    0x00000000080048e4       0x58 Core/Src/sysmem.o
                0x00000000080048e4                _sbrk
 .text.SystemInit
                0x000000000800493c       0x2c Core/Src/system_stm32f4xx.o
                0x000000000800493c                SystemInit
 .text.Reset_Handler
                0x0000000008004968       0x50 Core/Startup/startup_stm32f407vgtx.o
                0x0000000008004968                Reset_Handler
 .text.Default_Handler
                0x00000000080049b8        0x2 Core/Startup/startup_stm32f407vgtx.o
                0x00000000080049b8                RTC_Alarm_IRQHandler
                0x00000000080049b8                HASH_RNG_IRQHandler
                0x00000000080049b8                EXTI2_IRQHandler
                0x00000000080049b8                TIM8_CC_IRQHandler
                0x00000000080049b8                TIM1_CC_IRQHandler
                0x00000000080049b8                DMA2_Stream5_IRQHandler
                0x00000000080049b8                DMA1_Stream5_IRQHandler
                0x00000000080049b8                PVD_IRQHandler
                0x00000000080049b8                SDIO_IRQHandler
                0x00000000080049b8                TAMP_STAMP_IRQHandler
                0x00000000080049b8                CAN2_RX1_IRQHandler
                0x00000000080049b8                EXTI3_IRQHandler
                0x00000000080049b8                TIM8_TRG_COM_TIM14_IRQHandler
                0x00000000080049b8                TIM1_UP_TIM10_IRQHandler
                0x00000000080049b8                TIM8_UP_TIM13_IRQHandler
                0x00000000080049b8                I2C3_ER_IRQHandler
                0x00000000080049b8                EXTI0_IRQHandler
                0x00000000080049b8                I2C2_EV_IRQHandler
                0x00000000080049b8                DMA1_Stream2_IRQHandler
                0x00000000080049b8                CAN1_RX0_IRQHandler
                0x00000000080049b8                FPU_IRQHandler
                0x00000000080049b8                OTG_HS_WKUP_IRQHandler
                0x00000000080049b8                CAN2_SCE_IRQHandler
                0x00000000080049b8                DMA2_Stream2_IRQHandler
                0x00000000080049b8                SPI1_IRQHandler
                0x00000000080049b8                TIM6_DAC_IRQHandler
                0x00000000080049b8                TIM1_BRK_TIM9_IRQHandler
                0x00000000080049b8                CAN2_RX0_IRQHandler
                0x00000000080049b8                DMA2_Stream3_IRQHandler
                0x00000000080049b8                USART6_IRQHandler
                0x00000000080049b8                USART3_IRQHandler
                0x00000000080049b8                CAN1_RX1_IRQHandler
                0x00000000080049b8                UART5_IRQHandler
                0x00000000080049b8                DMA2_Stream0_IRQHandler
                0x00000000080049b8                TIM4_IRQHandler
                0x00000000080049b8                I2C1_EV_IRQHandler
                0x00000000080049b8                DMA1_Stream6_IRQHandler
                0x00000000080049b8                DMA1_Stream1_IRQHandler
                0x00000000080049b8                UART4_IRQHandler
                0x00000000080049b8                RCC_IRQHandler
                0x00000000080049b8                TIM8_BRK_TIM12_IRQHandler
                0x00000000080049b8                Default_Handler
                0x00000000080049b8                EXTI15_10_IRQHandler
                0x00000000080049b8                ADC_IRQHandler
                0x00000000080049b8                DMA1_Stream7_IRQHandler
                0x00000000080049b8                TIM7_IRQHandler
                0x00000000080049b8                CAN2_TX_IRQHandler
                0x00000000080049b8                TIM5_IRQHandler
                0x00000000080049b8                DMA2_Stream7_IRQHandler
                0x00000000080049b8                I2C3_EV_IRQHandler
                0x00000000080049b8                EXTI9_5_IRQHandler
                0x00000000080049b8                RTC_WKUP_IRQHandler
                0x00000000080049b8                ETH_WKUP_IRQHandler
                0x00000000080049b8                SPI2_IRQHandler
                0x00000000080049b8                OTG_HS_EP1_IN_IRQHandler
                0x00000000080049b8                DMA1_Stream0_IRQHandler
                0x00000000080049b8                CAN1_TX_IRQHandler
                0x00000000080049b8                EXTI4_IRQHandler
                0x00000000080049b8                FSMC_IRQHandler
                0x00000000080049b8                ETH_IRQHandler
                0x00000000080049b8                OTG_HS_EP1_OUT_IRQHandler
                0x00000000080049b8                WWDG_IRQHandler
                0x00000000080049b8                TIM2_IRQHandler
                0x00000000080049b8                OTG_FS_WKUP_IRQHandler
                0x00000000080049b8                TIM1_TRG_COM_TIM11_IRQHandler
                0x00000000080049b8                OTG_HS_IRQHandler
                0x00000000080049b8                EXTI1_IRQHandler
                0x00000000080049b8                I2C2_ER_IRQHandler
                0x00000000080049b8                DMA2_Stream1_IRQHandler
                0x00000000080049b8                CAN1_SCE_IRQHandler
                0x00000000080049b8                FLASH_IRQHandler
                0x00000000080049b8                DMA2_Stream4_IRQHandler
                0x00000000080049b8                USART1_IRQHandler
                0x00000000080049b8                OTG_FS_IRQHandler
                0x00000000080049b8                SPI3_IRQHandler
                0x00000000080049b8                DMA1_Stream4_IRQHandler
                0x00000000080049b8                I2C1_ER_IRQHandler
                0x00000000080049b8                DMA2_Stream6_IRQHandler
                0x00000000080049b8                DMA1_Stream3_IRQHandler
 *fill*         0x00000000080049ba        0x2 
 .text.HAL_Init
                0x00000000080049bc       0x44 Drivers/STM32F4xx_HAL_Driver/Src/stm32f4xx_hal.o
                0x00000000080049bc                HAL_Init
 .text.HAL_InitTick
                0x0000000008004a00       0x60 Drivers/STM32F4xx_HAL_Driver/Src/stm32f4xx_hal.o
                0x0000000008004a00                HAL_InitTick
 .text.HAL_IncTick
                0x0000000008004a60       0x28 Drivers/STM32F4xx_HAL_Driver/Src/stm32f4xx_hal.o
                0x0000000008004a60                HAL_IncTick
 .text.HAL_GetTick
                0x0000000008004a88       0x18 Drivers/STM32F4xx_HAL_Driver/Src/stm32f4xx_hal.o
                0x0000000008004a88                HAL_GetTick
 .text.HAL_Delay
                0x0000000008004aa0       0x44 Drivers/STM32F4xx_HAL_Driver/Src/stm32f4xx_hal.o
                0x0000000008004aa0                HAL_Delay
 .text.__NVIC_SetPriorityGrouping
                0x0000000008004ae4       0x48 Drivers/STM32F4xx_HAL_Driver/Src/stm32f4xx_hal_cortex.o
 .text.__NVIC_GetPriorityGrouping
                0x0000000008004b2c       0x1c Drivers/STM32F4xx_HAL_Driver/Src/stm32f4xx_hal_cortex.o
 .text.__NVIC_EnableIRQ
                0x0000000008004b48       0x3c Drivers/STM32F4xx_HAL_Driver/Src/stm32f4xx_hal_cortex.o
 .text.__NVIC_SetPriority
                0x0000000008004b84       0x54 Drivers/STM32F4xx_HAL_Driver/Src/stm32f4xx_hal_cortex.o
 .text.NVIC_EncodePriority
                0x0000000008004bd8       0x66 Drivers/STM32F4xx_HAL_Driver/Src/stm32f4xx_hal_cortex.o
 *fill*         0x0000000008004c3e        0x2 
 .text.SysTick_Config
                0x0000000008004c40       0x44 Drivers/STM32F4xx_HAL_Driver/Src/stm32f4xx_hal_cortex.o
 .text.HAL_NVIC_SetPriorityGrouping
                0x0000000008004c84       0x16 Drivers/STM32F4xx_HAL_Driver/Src/stm32f4xx_hal_cortex.o
                0x0000000008004c84                HAL_NVIC_SetPriorityGrouping
 .text.HAL_NVIC_SetPriority
                0x0000000008004c9a       0x38 Drivers/STM32F4xx_HAL_Driver/Src/stm32f4xx_hal_cortex.o
                0x0000000008004c9a                HAL_NVIC_SetPriority
 .text.HAL_NVIC_EnableIRQ
                0x0000000008004cd2       0x1c Drivers/STM32F4xx_HAL_Driver/Src/stm32f4xx_hal_cortex.o
                0x0000000008004cd2                HAL_NVIC_EnableIRQ
 .text.HAL_SYSTICK_Config
                0x0000000008004cee       0x18 Drivers/STM32F4xx_HAL_Driver/Src/stm32f4xx_hal_cortex.o
                0x0000000008004cee                HAL_SYSTICK_Config
 *fill*         0x0000000008004d06        0x2 
 .text.HAL_DCMI_Start_DMA
                0x0000000008004d08      0x140 Drivers/STM32F4xx_HAL_Driver/Src/stm32f4xx_hal_dcmi.o
                0x0000000008004d08                HAL_DCMI_Start_DMA
 .text.HAL_DCMI_Stop
                0x0000000008004e48       0xb8 Drivers/STM32F4xx_HAL_Driver/Src/stm32f4xx_hal_dcmi.o
                0x0000000008004e48                HAL_DCMI_Stop
 .text.HAL_DCMI_IRQHandler
                0x0000000008004f00       0xfc Drivers/STM32F4xx_HAL_Driver/Src/stm32f4xx_hal_dcmi.o
                0x0000000008004f00                HAL_DCMI_IRQHandler
 .text.HAL_DCMI_ErrorCallback
                0x0000000008004ffc       0x14 Drivers/STM32F4xx_HAL_Driver/Src/stm32f4xx_hal_dcmi.o
                0x0000000008004ffc                HAL_DCMI_ErrorCallback
 .text.HAL_DCMI_LineEventCallback
                0x0000000008005010       0x14 Drivers/STM32F4xx_HAL_Driver/Src/stm32f4xx_hal_dcmi.o
                0x0000000008005010                HAL_DCMI_LineEventCallback
 .text.DCMI_DMAXferCplt
                0x0000000008005024      0x12a Drivers/STM32F4xx_HAL_Driver/Src/stm32f4xx_hal_dcmi.o
 .text.DCMI_DMAError
                0x000000000800514e       0x2e Drivers/STM32F4xx_HAL_Driver/Src/stm32f4xx_hal_dcmi.o
 .text.HAL_DCMI_Init
                0x000000000800517c       0xcc Drivers/STM32F4xx_HAL_Driver/Src/stm32f4xx_hal_dcmi_ex.o
                0x000000000800517c                HAL_DCMI_Init
 .text.HAL_DMA_Start_IT
                0x0000000008005248       0xb0 Drivers/STM32F4xx_HAL_Driver/Src/stm32f4xx_hal_dma.o
                0x0000000008005248                HAL_DMA_Start_IT
 .text.HAL_DMA_Abort
                0x00000000080052f8       0xe0 Drivers/STM32F4xx_HAL_Driver/Src/stm32f4xx_hal_dma.o
                0x00000000080052f8                HAL_DMA_Abort
 .text.HAL_DMA_Abort_IT
                0x00000000080053d8       0x44 Drivers/STM32F4xx_HAL_Driver/Src/stm32f4xx_hal_dma.o
                0x00000000080053d8                HAL_DMA_Abort_IT
 .text.DMA_SetConfig
                0x000000000800541c       0x5c Drivers/STM32F4xx_HAL_Driver/Src/stm32f4xx_hal_dma.o
 .text.HAL_DMAEx_MultiBufferStart_IT
                0x0000000008005478     0x1290 Drivers/STM32F4xx_HAL_Driver/Src/stm32f4xx_hal_dma_ex.o
                0x0000000008005478                HAL_DMAEx_MultiBufferStart_IT
 .text.HAL_DMAEx_ChangeMemory
                0x0000000008006708       0x34 Drivers/STM32F4xx_HAL_Driver/Src/stm32f4xx_hal_dma_ex.o
                0x0000000008006708                HAL_DMAEx_ChangeMemory
 .text.DMA_MultiBufferSetConfig
                0x000000000800673c       0x4c Drivers/STM32F4xx_HAL_Driver/Src/stm32f4xx_hal_dma_ex.o
 .text.HAL_GPIO_Init
                0x0000000008006788      0x334 Drivers/STM32F4xx_HAL_Driver/Src/stm32f4xx_hal_gpio.o
                0x0000000008006788                HAL_GPIO_Init
 .text.HAL_GPIO_ReadPin
                0x0000000008006abc       0x30 Drivers/STM32F4xx_HAL_Driver/Src/stm32f4xx_hal_gpio.o
                0x0000000008006abc                HAL_GPIO_ReadPin
 .text.HAL_GPIO_WritePin
                0x0000000008006aec       0x32 Drivers/STM32F4xx_HAL_Driver/Src/stm32f4xx_hal_gpio.o
                0x0000000008006aec                HAL_GPIO_WritePin
 *fill*         0x0000000008006b1e        0x2 
 .text.HAL_I2C_Init
                0x0000000008006b20      0x270 Drivers/STM32F4xx_HAL_Driver/Src/stm32f4xx_hal_i2c.o
                0x0000000008006b20                HAL_I2C_Init
 .text.HAL_I2C_Master_Transmit
                0x0000000008006d90      0x1fc Drivers/STM32F4xx_HAL_Driver/Src/stm32f4xx_hal_i2c.o
                0x0000000008006d90                HAL_I2C_Master_Transmit
 .text.HAL_I2C_Master_Receive
                0x0000000008006f8c      0x44c Drivers/STM32F4xx_HAL_Driver/Src/stm32f4xx_hal_i2c.o
                0x0000000008006f8c                HAL_I2C_Master_Receive
 .text.HAL_I2C_Mem_Write
                0x00000000080073d8      0x1f4 Drivers/STM32F4xx_HAL_Driver/Src/stm32f4xx_hal_i2c.o
                0x00000000080073d8                HAL_I2C_Mem_Write
 .text.I2C_MasterRequestWrite
                0x00000000080075cc      0x104 Drivers/STM32F4xx_HAL_Driver/Src/stm32f4xx_hal_i2c.o
 .text.I2C_MasterRequestRead
                0x00000000080076d0      0x198 Drivers/STM32F4xx_HAL_Driver/Src/stm32f4xx_hal_i2c.o
 .text.I2C_RequestMemoryWrite
                0x0000000008007868      0x128 Drivers/STM32F4xx_HAL_Driver/Src/stm32f4xx_hal_i2c.o
 .text.I2C_WaitOnFlagUntilTimeout
                0x0000000008007990       0xae Drivers/STM32F4xx_HAL_Driver/Src/stm32f4xx_hal_i2c.o
 .text.I2C_WaitOnMasterAddressFlagUntilTimeout
                0x0000000008007a3e       0xfe Drivers/STM32F4xx_HAL_Driver/Src/stm32f4xx_hal_i2c.o
 .text.I2C_WaitOnTXEFlagUntilTimeout
                0x0000000008007b3c       0x82 Drivers/STM32F4xx_HAL_Driver/Src/stm32f4xx_hal_i2c.o
 .text.I2C_WaitOnBTFFlagUntilTimeout
                0x0000000008007bbe       0x82 Drivers/STM32F4xx_HAL_Driver/Src/stm32f4xx_hal_i2c.o
 .text.I2C_WaitOnRXNEFlagUntilTimeout
                0x0000000008007c40       0xac Drivers/STM32F4xx_HAL_Driver/Src/stm32f4xx_hal_i2c.o
 .text.I2C_IsAcknowledgeFailed
                0x0000000008007cec       0x5e Drivers/STM32F4xx_HAL_Driver/Src/stm32f4xx_hal_i2c.o
 *fill*         0x0000000008007d4a        0x2 
 .text.HAL_RCC_OscConfig
                0x0000000008007d4c      0x4e0 Drivers/STM32F4xx_HAL_Driver/Src/stm32f4xx_hal_rcc.o
                0x0000000008007d4c                HAL_RCC_OscConfig
 .text.HAL_RCC_ClockConfig
                0x000000000800822c      0x1cc Drivers/STM32F4xx_HAL_Driver/Src/stm32f4xx_hal_rcc.o
                0x000000000800822c                HAL_RCC_ClockConfig
 .text.HAL_RCC_MCOConfig
                0x00000000080083f8       0xd0 Drivers/STM32F4xx_HAL_Driver/Src/stm32f4xx_hal_rcc.o
                0x00000000080083f8                HAL_RCC_MCOConfig
 .text.HAL_RCC_GetSysClockFreq
                0x00000000080084c8      0x1b0 Drivers/STM32F4xx_HAL_Driver/Src/stm32f4xx_hal_rcc.o
                0x00000000080084c8                HAL_RCC_GetSysClockFreq
 .text.HAL_RCC_GetHCLKFreq
                0x0000000008008678       0x18 Drivers/STM32F4xx_HAL_Driver/Src/stm32f4xx_hal_rcc.o
                0x0000000008008678                HAL_RCC_GetHCLKFreq
 .text.HAL_RCC_GetPCLK1Freq
                0x0000000008008690       0x28 Drivers/STM32F4xx_HAL_Driver/Src/stm32f4xx_hal_rcc.o
                0x0000000008008690                HAL_RCC_GetPCLK1Freq
 .text.HAL_RCC_GetPCLK2Freq
                0x00000000080086b8       0x28 Drivers/STM32F4xx_HAL_Driver/Src/stm32f4xx_hal_rcc.o
                0x00000000080086b8                HAL_RCC_GetPCLK2Freq
 .text.HAL_SPI_Init
                0x00000000080086e0       0xc8 Drivers/STM32F4xx_HAL_Driver/Src/stm32f4xx_hal_spi.o
                0x00000000080086e0                HAL_SPI_Init
 .text.HAL_SPI_Transmit
                0x00000000080087a8      0x268 Drivers/STM32F4xx_HAL_Driver/Src/stm32f4xx_hal_spi.o
                0x00000000080087a8                HAL_SPI_Transmit
 .text.HAL_SPI_TransmitReceive
                0x0000000008008a10      0x344 Drivers/STM32F4xx_HAL_Driver/Src/stm32f4xx_hal_spi.o
                0x0000000008008a10                HAL_SPI_TransmitReceive
 .text.HAL_SPI_GetState
                0x0000000008008d54       0x1c Drivers/STM32F4xx_HAL_Driver/Src/stm32f4xx_hal_spi.o
                0x0000000008008d54                HAL_SPI_GetState
 .text.SPI_WaitFlagStateUntilTimeout
                0x0000000008008d70       0xd4 Drivers/STM32F4xx_HAL_Driver/Src/stm32f4xx_hal_spi.o
 .text.SPI_EndRxTxTransaction
                0x0000000008008e44       0x84 Drivers/STM32F4xx_HAL_Driver/Src/stm32f4xx_hal_spi.o
 .text.HAL_TIM_Base_Init
                0x0000000008008ec8       0x56 Drivers/STM32F4xx_HAL_Driver/Src/stm32f4xx_hal_tim.o
                0x0000000008008ec8                HAL_TIM_Base_Init
 .text.HAL_TIM_Base_Start_IT
                0x0000000008008f1e       0x48 Drivers/STM32F4xx_HAL_Driver/Src/stm32f4xx_hal_tim.o
                0x0000000008008f1e                HAL_TIM_Base_Start_IT
 .text.HAL_TIM_IRQHandler
                0x0000000008008f66      0x210 Drivers/STM32F4xx_HAL_Driver/Src/stm32f4xx_hal_tim.o
                0x0000000008008f66                HAL_TIM_IRQHandler
 .text.HAL_TIM_ConfigClockSource
                0x0000000008009176      0x16e Drivers/STM32F4xx_HAL_Driver/Src/stm32f4xx_hal_tim.o
                0x0000000008009176                HAL_TIM_ConfigClockSource
 .text.HAL_TIM_OC_DelayElapsedCallback
                0x00000000080092e4       0x14 Drivers/STM32F4xx_HAL_Driver/Src/stm32f4xx_hal_tim.o
                0x00000000080092e4                HAL_TIM_OC_DelayElapsedCallback
 .text.HAL_TIM_IC_CaptureCallback
                0x00000000080092f8       0x14 Drivers/STM32F4xx_HAL_Driver/Src/stm32f4xx_hal_tim.o
                0x00000000080092f8                HAL_TIM_IC_CaptureCallback
 .text.HAL_TIM_PWM_PulseFinishedCallback
                0x000000000800930c       0x14 Drivers/STM32F4xx_HAL_Driver/Src/stm32f4xx_hal_tim.o
                0x000000000800930c                HAL_TIM_PWM_PulseFinishedCallback
 .text.HAL_TIM_TriggerCallback
                0x0000000008009320       0x14 Drivers/STM32F4xx_HAL_Driver/Src/stm32f4xx_hal_tim.o
                0x0000000008009320                HAL_TIM_TriggerCallback
 .text.TIM_Base_SetConfig
                0x0000000008009334      0x140 Drivers/STM32F4xx_HAL_Driver/Src/stm32f4xx_hal_tim.o
                0x0000000008009334                TIM_Base_SetConfig
 .text.TIM_TI1_ConfigInputStage
                0x0000000008009474       0x5e Drivers/STM32F4xx_HAL_Driver/Src/stm32f4xx_hal_tim.o
 .text.TIM_TI2_ConfigInputStage
                0x00000000080094d2       0x60 Drivers/STM32F4xx_HAL_Driver/Src/stm32f4xx_hal_tim.o
 .text.TIM_ITRx_SetConfig
                0x0000000008009532       0x36 Drivers/STM32F4xx_HAL_Driver/Src/stm32f4xx_hal_tim.o
 .text.TIM_ETR_SetConfig
                0x0000000008009568       0x40 Drivers/STM32F4xx_HAL_Driver/Src/stm32f4xx_hal_tim.o
                0x0000000008009568                TIM_ETR_SetConfig
 .text.HAL_TIMEx_MasterConfigSynchronization
                0x00000000080095a8       0xf8 Drivers/STM32F4xx_HAL_Driver/Src/stm32f4xx_hal_tim_ex.o
                0x00000000080095a8                HAL_TIMEx_MasterConfigSynchronization
 .text.HAL_TIMEx_CommutCallback
                0x00000000080096a0       0x14 Drivers/STM32F4xx_HAL_Driver/Src/stm32f4xx_hal_tim_ex.o
                0x00000000080096a0                HAL_TIMEx_CommutCallback
 .text.HAL_TIMEx_BreakCallback
                0x00000000080096b4       0x14 Drivers/STM32F4xx_HAL_Driver/Src/stm32f4xx_hal_tim_ex.o
                0x00000000080096b4                HAL_TIMEx_BreakCallback
 .text.HAL_UART_Init
                0x00000000080096c8       0x9a Drivers/STM32F4xx_HAL_Driver/Src/stm32f4xx_hal_uart.o
                0x00000000080096c8                HAL_UART_Init
 .text.HAL_UART_Transmit_IT
                0x0000000008009762       0x8a Drivers/STM32F4xx_HAL_Driver/Src/stm32f4xx_hal_uart.o
                0x0000000008009762                HAL_UART_Transmit_IT
 .text.HAL_UART_Receive_IT
                0x00000000080097ec       0xaa Drivers/STM32F4xx_HAL_Driver/Src/stm32f4xx_hal_uart.o
                0x00000000080097ec                HAL_UART_Receive_IT
 *fill*         0x0000000008009896        0x2 
 .text.HAL_UART_IRQHandler
                0x0000000008009898      0x200 Drivers/STM32F4xx_HAL_Driver/Src/stm32f4xx_hal_uart.o
                0x0000000008009898                HAL_UART_IRQHandler
 .text.HAL_UART_TxCpltCallback
                0x0000000008009a98       0x14 Drivers/STM32F4xx_HAL_Driver/Src/stm32f4xx_hal_uart.o
                0x0000000008009a98                HAL_UART_TxCpltCallback
 .text.HAL_UART_ErrorCallback
                0x0000000008009aac       0x14 Drivers/STM32F4xx_HAL_Driver/Src/stm32f4xx_hal_uart.o
                0x0000000008009aac                HAL_UART_ErrorCallback
 .text.UART_EndRxTransfer
                0x0000000008009ac0       0x3c Drivers/STM32F4xx_HAL_Driver/Src/stm32f4xx_hal_uart.o
 .text.UART_DMAAbortOnError
                0x0000000008009afc       0x28 Drivers/STM32F4xx_HAL_Driver/Src/stm32f4xx_hal_uart.o
 .text.UART_Transmit_IT
                0x0000000008009b24       0xac Drivers/STM32F4xx_HAL_Driver/Src/stm32f4xx_hal_uart.o
 .text.UART_EndTransmit_IT
                0x0000000008009bd0       0x30 Drivers/STM32F4xx_HAL_Driver/Src/stm32f4xx_hal_uart.o
 .text.UART_Receive_IT
                0x0000000008009c00      0x102 Drivers/STM32F4xx_HAL_Driver/Src/stm32f4xx_hal_uart.o
 *fill*         0x0000000008009d02        0x2 
 .text.UART_SetConfig
                0x0000000008009d04      0x6f8 Drivers/STM32F4xx_HAL_Driver/Src/stm32f4xx_hal_uart.o
 .text.__errno  0x000000000800a3fc        0xc d:/program files (x86)/stm32/stm32cubeide_1.1.0/stm32cubeide/plugins/com.st.stm32cube.ide.mcu.externaltools.gnu-tools-for-stm32.7-2018-q2-update.win32_1.0.0.201904181610/tools/bin/../lib/gcc/arm-none-eabi/7.3.1/../../../../arm-none-eabi/lib/thumb/v7e-m/fpv4-sp/hard\libc_nano.a(lib_a-errno.o)
                0x000000000800a3fc                __errno
 .text.__libc_init_array
                0x000000000800a408       0x48 d:/program files (x86)/stm32/stm32cubeide_1.1.0/stm32cubeide/plugins/com.st.stm32cube.ide.mcu.externaltools.gnu-tools-for-stm32.7-2018-q2-update.win32_1.0.0.201904181610/tools/bin/../lib/gcc/arm-none-eabi/7.3.1/../../../../arm-none-eabi/lib/thumb/v7e-m/fpv4-sp/hard\libc_nano.a(lib_a-init.o)
                0x000000000800a408                __libc_init_array
 .text.memset   0x000000000800a450       0x10 d:/program files (x86)/stm32/stm32cubeide_1.1.0/stm32cubeide/plugins/com.st.stm32cube.ide.mcu.externaltools.gnu-tools-for-stm32.7-2018-q2-update.win32_1.0.0.201904181610/tools/bin/../lib/gcc/arm-none-eabi/7.3.1/../../../../arm-none-eabi/lib/thumb/v7e-m/fpv4-sp/hard\libc_nano.a(lib_a-memset.o)
                0x000000000800a450                memset
 .text.__cvt    0x000000000800a460       0xc2 d:/program files (x86)/stm32/stm32cubeide_1.1.0/stm32cubeide/plugins/com.st.stm32cube.ide.mcu.externaltools.gnu-tools-for-stm32.7-2018-q2-update.win32_1.0.0.201904181610/tools/bin/../lib/gcc/arm-none-eabi/7.3.1/../../../../arm-none-eabi/lib/thumb/v7e-m/fpv4-sp/hard\libc_nano.a(lib_a-nano-vfprintf_float.o)
                0x000000000800a460                __cvt
 .text.__exponent
                0x000000000800a522       0x66 d:/program files (x86)/stm32/stm32cubeide_1.1.0/stm32cubeide/plugins/com.st.stm32cube.ide.mcu.externaltools.gnu-tools-for-stm32.7-2018-q2-update.win32_1.0.0.201904181610/tools/bin/../lib/gcc/arm-none-eabi/7.3.1/../../../../arm-none-eabi/lib/thumb/v7e-m/fpv4-sp/hard\libc_nano.a(lib_a-nano-vfprintf_float.o)
                0x000000000800a522                __exponent
 .text._printf_float
                0x000000000800a588      0x480 d:/program files (x86)/stm32/stm32cubeide_1.1.0/stm32cubeide/plugins/com.st.stm32cube.ide.mcu.externaltools.gnu-tools-for-stm32.7-2018-q2-update.win32_1.0.0.201904181610/tools/bin/../lib/gcc/arm-none-eabi/7.3.1/../../../../arm-none-eabi/lib/thumb/v7e-m/fpv4-sp/hard\libc_nano.a(lib_a-nano-vfprintf_float.o)
                0x000000000800a588                _printf_float
 .text._printf_common
                0x000000000800aa08       0xea d:/program files (x86)/stm32/stm32cubeide_1.1.0/stm32cubeide/plugins/com.st.stm32cube.ide.mcu.externaltools.gnu-tools-for-stm32.7-2018-q2-update.win32_1.0.0.201904181610/tools/bin/../lib/gcc/arm-none-eabi/7.3.1/../../../../arm-none-eabi/lib/thumb/v7e-m/fpv4-sp/hard\libc_nano.a(lib_a-nano-vfprintf_i.o)
                0x000000000800aa08                _printf_common
 *fill*         0x000000000800aaf2        0x2 
 .text._printf_i
                0x000000000800aaf4      0x224 d:/program files (x86)/stm32/stm32cubeide_1.1.0/stm32cubeide/plugins/com.st.stm32cube.ide.mcu.externaltools.gnu-tools-for-stm32.7-2018-q2-update.win32_1.0.0.201904181610/tools/bin/../lib/gcc/arm-none-eabi/7.3.1/../../../../arm-none-eabi/lib/thumb/v7e-m/fpv4-sp/hard\libc_nano.a(lib_a-nano-vfprintf_i.o)
                0x000000000800aaf4                _printf_i
 .text.printf   0x000000000800ad18       0x30 d:/program files (x86)/stm32/stm32cubeide_1.1.0/stm32cubeide/plugins/com.st.stm32cube.ide.mcu.externaltools.gnu-tools-for-stm32.7-2018-q2-update.win32_1.0.0.201904181610/tools/bin/../lib/gcc/arm-none-eabi/7.3.1/../../../../arm-none-eabi/lib/thumb/v7e-m/fpv4-sp/hard\libc_nano.a(lib_a-printf.o)
                0x000000000800ad18                iprintf
                0x000000000800ad18                printf
 .text.quorem   0x000000000800ad48      0x118 d:/program files (x86)/stm32/stm32cubeide_1.1.0/stm32cubeide/plugins/com.st.stm32cube.ide.mcu.externaltools.gnu-tools-for-stm32.7-2018-q2-update.win32_1.0.0.201904181610/tools/bin/../lib/gcc/arm-none-eabi/7.3.1/../../../../arm-none-eabi/lib/thumb/v7e-m/fpv4-sp/hard\libc_nano.a(lib_a-dtoa.o)
 .text._dtoa_r  0x000000000800ae60      0xb70 d:/program files (x86)/stm32/stm32cubeide_1.1.0/stm32cubeide/plugins/com.st.stm32cube.ide.mcu.externaltools.gnu-tools-for-stm32.7-2018-q2-update.win32_1.0.0.201904181610/tools/bin/../lib/gcc/arm-none-eabi/7.3.1/../../../../arm-none-eabi/lib/thumb/v7e-m/fpv4-sp/hard\libc_nano.a(lib_a-dtoa.o)
                0x000000000800ae60                _dtoa_r
 .text.std      0x000000000800b9d0       0x48 d:/program files (x86)/stm32/stm32cubeide_1.1.0/stm32cubeide/plugins/com.st.stm32cube.ide.mcu.externaltools.gnu-tools-for-stm32.7-2018-q2-update.win32_1.0.0.201904181610/tools/bin/../lib/gcc/arm-none-eabi/7.3.1/../../../../arm-none-eabi/lib/thumb/v7e-m/fpv4-sp/hard\libc_nano.a(lib_a-findfp.o)
 .text._cleanup_r
                0x000000000800ba18        0xc d:/program files (x86)/stm32/stm32cubeide_1.1.0/stm32cubeide/plugins/com.st.stm32cube.ide.mcu.externaltools.gnu-tools-for-stm32.7-2018-q2-update.win32_1.0.0.201904181610/tools/bin/../lib/gcc/arm-none-eabi/7.3.1/../../../../arm-none-eabi/lib/thumb/v7e-m/fpv4-sp/hard\libc_nano.a(lib_a-findfp.o)
                0x000000000800ba18                _cleanup_r
 .text.__sfmoreglue
                0x000000000800ba24       0x2c d:/program files (x86)/stm32/stm32cubeide_1.1.0/stm32cubeide/plugins/com.st.stm32cube.ide.mcu.externaltools.gnu-tools-for-stm32.7-2018-q2-update.win32_1.0.0.201904181610/tools/bin/../lib/gcc/arm-none-eabi/7.3.1/../../../../arm-none-eabi/lib/thumb/v7e-m/fpv4-sp/hard\libc_nano.a(lib_a-findfp.o)
                0x000000000800ba24                __sfmoreglue
 .text.__sinit  0x000000000800ba50       0x60 d:/program files (x86)/stm32/stm32cubeide_1.1.0/stm32cubeide/plugins/com.st.stm32cube.ide.mcu.externaltools.gnu-tools-for-stm32.7-2018-q2-update.win32_1.0.0.201904181610/tools/bin/../lib/gcc/arm-none-eabi/7.3.1/../../../../arm-none-eabi/lib/thumb/v7e-m/fpv4-sp/hard\libc_nano.a(lib_a-findfp.o)
                0x000000000800ba50                __sinit
 .text.__sfp    0x000000000800bab0       0x78 d:/program files (x86)/stm32/stm32cubeide_1.1.0/stm32cubeide/plugins/com.st.stm32cube.ide.mcu.externaltools.gnu-tools-for-stm32.7-2018-q2-update.win32_1.0.0.201904181610/tools/bin/../lib/gcc/arm-none-eabi/7.3.1/../../../../arm-none-eabi/lib/thumb/v7e-m/fpv4-sp/hard\libc_nano.a(lib_a-findfp.o)
                0x000000000800bab0                __sfp
 .text._fwalk_reent
                0x000000000800bb28       0x3c d:/program files (x86)/stm32/stm32cubeide_1.1.0/stm32cubeide/plugins/com.st.stm32cube.ide.mcu.externaltools.gnu-tools-for-stm32.7-2018-q2-update.win32_1.0.0.201904181610/tools/bin/../lib/gcc/arm-none-eabi/7.3.1/../../../../arm-none-eabi/lib/thumb/v7e-m/fpv4-sp/hard\libc_nano.a(lib_a-fwalk.o)
                0x000000000800bb28                _fwalk_reent
 .text._localeconv_r
                0x000000000800bb64       0x1c d:/program files (x86)/stm32/stm32cubeide_1.1.0/stm32cubeide/plugins/com.st.stm32cube.ide.mcu.externaltools.gnu-tools-for-stm32.7-2018-q2-update.win32_1.0.0.201904181610/tools/bin/../lib/gcc/arm-none-eabi/7.3.1/../../../../arm-none-eabi/lib/thumb/v7e-m/fpv4-sp/hard\libc_nano.a(lib_a-localeconv.o)
                0x000000000800bb64                _localeconv_r
 .text.malloc   0x000000000800bb80       0x10 d:/program files (x86)/stm32/stm32cubeide_1.1.0/stm32cubeide/plugins/com.st.stm32cube.ide.mcu.externaltools.gnu-tools-for-stm32.7-2018-q2-update.win32_1.0.0.201904181610/tools/bin/../lib/gcc/arm-none-eabi/7.3.1/../../../../arm-none-eabi/lib/thumb/v7e-m/fpv4-sp/hard\libc_nano.a(lib_a-malloc.o)
                0x000000000800bb80                malloc
 .text.memcpy   0x000000000800bb90       0x16 d:/program files (x86)/stm32/stm32cubeide_1.1.0/stm32cubeide/plugins/com.st.stm32cube.ide.mcu.externaltools.gnu-tools-for-stm32.7-2018-q2-update.win32_1.0.0.201904181610/tools/bin/../lib/gcc/arm-none-eabi/7.3.1/../../../../arm-none-eabi/lib/thumb/v7e-m/fpv4-sp/hard\libc_nano.a(lib_a-memcpy-stub.o)
                0x000000000800bb90                memcpy
 .text._Balloc  0x000000000800bba6       0x68 d:/program files (x86)/stm32/stm32cubeide_1.1.0/stm32cubeide/plugins/com.st.stm32cube.ide.mcu.externaltools.gnu-tools-for-stm32.7-2018-q2-update.win32_1.0.0.201904181610/tools/bin/../lib/gcc/arm-none-eabi/7.3.1/../../../../arm-none-eabi/lib/thumb/v7e-m/fpv4-sp/hard\libc_nano.a(lib_a-mprec.o)
                0x000000000800bba6                _Balloc
 .text._Bfree   0x000000000800bc0e       0x2e d:/program files (x86)/stm32/stm32cubeide_1.1.0/stm32cubeide/plugins/com.st.stm32cube.ide.mcu.externaltools.gnu-tools-for-stm32.7-2018-q2-update.win32_1.0.0.201904181610/tools/bin/../lib/gcc/arm-none-eabi/7.3.1/../../../../arm-none-eabi/lib/thumb/v7e-m/fpv4-sp/hard\libc_nano.a(lib_a-mprec.o)
                0x000000000800bc0e                _Bfree
 .text.__multadd
                0x000000000800bc3c       0x76 d:/program files (x86)/stm32/stm32cubeide_1.1.0/stm32cubeide/plugins/com.st.stm32cube.ide.mcu.externaltools.gnu-tools-for-stm32.7-2018-q2-update.win32_1.0.0.201904181610/tools/bin/../lib/gcc/arm-none-eabi/7.3.1/../../../../arm-none-eabi/lib/thumb/v7e-m/fpv4-sp/hard\libc_nano.a(lib_a-mprec.o)
                0x000000000800bc3c                __multadd
 .text.__hi0bits
                0x000000000800bcb2       0x3e d:/program files (x86)/stm32/stm32cubeide_1.1.0/stm32cubeide/plugins/com.st.stm32cube.ide.mcu.externaltools.gnu-tools-for-stm32.7-2018-q2-update.win32_1.0.0.201904181610/tools/bin/../lib/gcc/arm-none-eabi/7.3.1/../../../../arm-none-eabi/lib/thumb/v7e-m/fpv4-sp/hard\libc_nano.a(lib_a-mprec.o)
                0x000000000800bcb2                __hi0bits
 .text.__lo0bits
                0x000000000800bcf0       0x5e d:/program files (x86)/stm32/stm32cubeide_1.1.0/stm32cubeide/plugins/com.st.stm32cube.ide.mcu.externaltools.gnu-tools-for-stm32.7-2018-q2-update.win32_1.0.0.201904181610/tools/bin/../lib/gcc/arm-none-eabi/7.3.1/../../../../arm-none-eabi/lib/thumb/v7e-m/fpv4-sp/hard\libc_nano.a(lib_a-mprec.o)
                0x000000000800bcf0                __lo0bits
 .text.__i2b    0x000000000800bd4e       0x12 d:/program files (x86)/stm32/stm32cubeide_1.1.0/stm32cubeide/plugins/com.st.stm32cube.ide.mcu.externaltools.gnu-tools-for-stm32.7-2018-q2-update.win32_1.0.0.201904181610/tools/bin/../lib/gcc/arm-none-eabi/7.3.1/../../../../arm-none-eabi/lib/thumb/v7e-m/fpv4-sp/hard\libc_nano.a(lib_a-mprec.o)
                0x000000000800bd4e                __i2b
 .text.__multiply
                0x000000000800bd60      0x12c d:/program files (x86)/stm32/stm32cubeide_1.1.0/stm32cubeide/plugins/com.st.stm32cube.ide.mcu.externaltools.gnu-tools-for-stm32.7-2018-q2-update.win32_1.0.0.201904181610/tools/bin/../lib/gcc/arm-none-eabi/7.3.1/../../../../arm-none-eabi/lib/thumb/v7e-m/fpv4-sp/hard\libc_nano.a(lib_a-mprec.o)
                0x000000000800bd60                __multiply
 .text.__pow5mult
                0x000000000800be8c       0x9c d:/program files (x86)/stm32/stm32cubeide_1.1.0/stm32cubeide/plugins/com.st.stm32cube.ide.mcu.externaltools.gnu-tools-for-stm32.7-2018-q2-update.win32_1.0.0.201904181610/tools/bin/../lib/gcc/arm-none-eabi/7.3.1/../../../../arm-none-eabi/lib/thumb/v7e-m/fpv4-sp/hard\libc_nano.a(lib_a-mprec.o)
                0x000000000800be8c                __pow5mult
 .text.__lshift
                0x000000000800bf28       0xa8 d:/program files (x86)/stm32/stm32cubeide_1.1.0/stm32cubeide/plugins/com.st.stm32cube.ide.mcu.externaltools.gnu-tools-for-stm32.7-2018-q2-update.win32_1.0.0.201904181610/tools/bin/../lib/gcc/arm-none-eabi/7.3.1/../../../../arm-none-eabi/lib/thumb/v7e-m/fpv4-sp/hard\libc_nano.a(lib_a-mprec.o)
                0x000000000800bf28                __lshift
 .text.__mcmp   0x000000000800bfd0       0x34 d:/program files (x86)/stm32/stm32cubeide_1.1.0/stm32cubeide/plugins/com.st.stm32cube.ide.mcu.externaltools.gnu-tools-for-stm32.7-2018-q2-update.win32_1.0.0.201904181610/tools/bin/../lib/gcc/arm-none-eabi/7.3.1/../../../../arm-none-eabi/lib/thumb/v7e-m/fpv4-sp/hard\libc_nano.a(lib_a-mprec.o)
                0x000000000800bfd0                __mcmp
 .text.__mdiff  0x000000000800c004       0xba d:/program files (x86)/stm32/stm32cubeide_1.1.0/stm32cubeide/plugins/com.st.stm32cube.ide.mcu.externaltools.gnu-tools-for-stm32.7-2018-q2-update.win32_1.0.0.201904181610/tools/bin/../lib/gcc/arm-none-eabi/7.3.1/../../../../arm-none-eabi/lib/thumb/v7e-m/fpv4-sp/hard\libc_nano.a(lib_a-mprec.o)
                0x000000000800c004                __mdiff
 .text.__d2b    0x000000000800c0be       0x9e d:/program files (x86)/stm32/stm32cubeide_1.1.0/stm32cubeide/plugins/com.st.stm32cube.ide.mcu.externaltools.gnu-tools-for-stm32.7-2018-q2-update.win32_1.0.0.201904181610/tools/bin/../lib/gcc/arm-none-eabi/7.3.1/../../../../arm-none-eabi/lib/thumb/v7e-m/fpv4-sp/hard\libc_nano.a(lib_a-mprec.o)
                0x000000000800c0be                __d2b
 .text._calloc_r
                0x000000000800c15c       0x1c d:/program files (x86)/stm32/stm32cubeide_1.1.0/stm32cubeide/plugins/com.st.stm32cube.ide.mcu.externaltools.gnu-tools-for-stm32.7-2018-q2-update.win32_1.0.0.201904181610/tools/bin/../lib/gcc/arm-none-eabi/7.3.1/../../../../arm-none-eabi/lib/thumb/v7e-m/fpv4-sp/hard\libc_nano.a(lib_a-nano-callocr.o)
                0x000000000800c15c                _calloc_r
 .text._free_r  0x000000000800c178       0x9c d:/program files (x86)/stm32/stm32cubeide_1.1.0/stm32cubeide/plugins/com.st.stm32cube.ide.mcu.externaltools.gnu-tools-for-stm32.7-2018-q2-update.win32_1.0.0.201904181610/tools/bin/../lib/gcc/arm-none-eabi/7.3.1/../../../../arm-none-eabi/lib/thumb/v7e-m/fpv4-sp/hard\libc_nano.a(lib_a-nano-freer.o)
                0x000000000800c178                _free_r
 .text._malloc_r
                0x000000000800c214       0xb4 d:/program files (x86)/stm32/stm32cubeide_1.1.0/stm32cubeide/plugins/com.st.stm32cube.ide.mcu.externaltools.gnu-tools-for-stm32.7-2018-q2-update.win32_1.0.0.201904181610/tools/bin/../lib/gcc/arm-none-eabi/7.3.1/../../../../arm-none-eabi/lib/thumb/v7e-m/fpv4-sp/hard\libc_nano.a(lib_a-nano-mallocr.o)
                0x000000000800c214                _malloc_r
 .text.__sfputc_r
                0x000000000800c2c8       0x2e d:/program files (x86)/stm32/stm32cubeide_1.1.0/stm32cubeide/plugins/com.st.stm32cube.ide.mcu.externaltools.gnu-tools-for-stm32.7-2018-q2-update.win32_1.0.0.201904181610/tools/bin/../lib/gcc/arm-none-eabi/7.3.1/../../../../arm-none-eabi/lib/thumb/v7e-m/fpv4-sp/hard\libc_nano.a(lib_a-nano-vfprintf.o)
 .text.__sfputs_r
                0x000000000800c2f6       0x24 d:/program files (x86)/stm32/stm32cubeide_1.1.0/stm32cubeide/plugins/com.st.stm32cube.ide.mcu.externaltools.gnu-tools-for-stm32.7-2018-q2-update.win32_1.0.0.201904181610/tools/bin/../lib/gcc/arm-none-eabi/7.3.1/../../../../arm-none-eabi/lib/thumb/v7e-m/fpv4-sp/hard\libc_nano.a(lib_a-nano-vfprintf.o)
                0x000000000800c2f6                __sfputs_r
 *fill*         0x000000000800c31a        0x2 
 .text._vfprintf_r
                0x000000000800c31c      0x22c d:/program files (x86)/stm32/stm32cubeide_1.1.0/stm32cubeide/plugins/com.st.stm32cube.ide.mcu.externaltools.gnu-tools-for-stm32.7-2018-q2-update.win32_1.0.0.201904181610/tools/bin/../lib/gcc/arm-none-eabi/7.3.1/../../../../arm-none-eabi/lib/thumb/v7e-m/fpv4-sp/hard\libc_nano.a(lib_a-nano-vfprintf.o)
                0x000000000800c31c                _vfprintf_r
                0x000000000800c31c                _vfiprintf_r
 .text._sbrk_r  0x000000000800c548       0x20 d:/program files (x86)/stm32/stm32cubeide_1.1.0/stm32cubeide/plugins/com.st.stm32cube.ide.mcu.externaltools.gnu-tools-for-stm32.7-2018-q2-update.win32_1.0.0.201904181610/tools/bin/../lib/gcc/arm-none-eabi/7.3.1/../../../../arm-none-eabi/lib/thumb/v7e-m/fpv4-sp/hard\libc_nano.a(lib_a-sbrkr.o)
                0x000000000800c548                _sbrk_r
 .text.__sread  0x000000000800c568       0x22 d:/program files (x86)/stm32/stm32cubeide_1.1.0/stm32cubeide/plugins/com.st.stm32cube.ide.mcu.externaltools.gnu-tools-for-stm32.7-2018-q2-update.win32_1.0.0.201904181610/tools/bin/../lib/gcc/arm-none-eabi/7.3.1/../../../../arm-none-eabi/lib/thumb/v7e-m/fpv4-sp/hard\libc_nano.a(lib_a-stdio.o)
                0x000000000800c568                __sread
 .text.__swrite
                0x000000000800c58a       0x38 d:/program files (x86)/stm32/stm32cubeide_1.1.0/stm32cubeide/plugins/com.st.stm32cube.ide.mcu.externaltools.gnu-tools-for-stm32.7-2018-q2-update.win32_1.0.0.201904181610/tools/bin/../lib/gcc/arm-none-eabi/7.3.1/../../../../arm-none-eabi/lib/thumb/v7e-m/fpv4-sp/hard\libc_nano.a(lib_a-stdio.o)
                0x000000000800c58a                __swrite
 .text.__sseek  0x000000000800c5c2       0x24 d:/program files (x86)/stm32/stm32cubeide_1.1.0/stm32cubeide/plugins/com.st.stm32cube.ide.mcu.externaltools.gnu-tools-for-stm32.7-2018-q2-update.win32_1.0.0.201904181610/tools/bin/../lib/gcc/arm-none-eabi/7.3.1/../../../../arm-none-eabi/lib/thumb/v7e-m/fpv4-sp/hard\libc_nano.a(lib_a-stdio.o)
                0x000000000800c5c2                __sseek
 .text.__sclose
                0x000000000800c5e6        0x8 d:/program files (x86)/stm32/stm32cubeide_1.1.0/stm32cubeide/plugins/com.st.stm32cube.ide.mcu.externaltools.gnu-tools-for-stm32.7-2018-q2-update.win32_1.0.0.201904181610/tools/bin/../lib/gcc/arm-none-eabi/7.3.1/../../../../arm-none-eabi/lib/thumb/v7e-m/fpv4-sp/hard\libc_nano.a(lib_a-stdio.o)
                0x000000000800c5e6                __sclose
 *fill*         0x000000000800c5ee        0x2 
 .text.__swbuf_r
                0x000000000800c5f0       0xa4 d:/program files (x86)/stm32/stm32cubeide_1.1.0/stm32cubeide/plugins/com.st.stm32cube.ide.mcu.externaltools.gnu-tools-for-stm32.7-2018-q2-update.win32_1.0.0.201904181610/tools/bin/../lib/gcc/arm-none-eabi/7.3.1/../../../../arm-none-eabi/lib/thumb/v7e-m/fpv4-sp/hard\libc_nano.a(lib_a-wbuf.o)
                0x000000000800c5f0                __swbuf_r
 .text._write_r
                0x000000000800c694       0x24 d:/program files (x86)/stm32/stm32cubeide_1.1.0/stm32cubeide/plugins/com.st.stm32cube.ide.mcu.externaltools.gnu-tools-for-stm32.7-2018-q2-update.win32_1.0.0.201904181610/tools/bin/../lib/gcc/arm-none-eabi/7.3.1/../../../../arm-none-eabi/lib/thumb/v7e-m/fpv4-sp/hard\libc_nano.a(lib_a-writer.o)
                0x000000000800c694                _write_r
 .text.__swsetup_r
                0x000000000800c6b8       0xdc d:/program files (x86)/stm32/stm32cubeide_1.1.0/stm32cubeide/plugins/com.st.stm32cube.ide.mcu.externaltools.gnu-tools-for-stm32.7-2018-q2-update.win32_1.0.0.201904181610/tools/bin/../lib/gcc/arm-none-eabi/7.3.1/../../../../arm-none-eabi/lib/thumb/v7e-m/fpv4-sp/hard\libc_nano.a(lib_a-wsetup.o)
                0x000000000800c6b8                __swsetup_r
 .text._close_r
                0x000000000800c794       0x20 d:/program files (x86)/stm32/stm32cubeide_1.1.0/stm32cubeide/plugins/com.st.stm32cube.ide.mcu.externaltools.gnu-tools-for-stm32.7-2018-q2-update.win32_1.0.0.201904181610/tools/bin/../lib/gcc/arm-none-eabi/7.3.1/../../../../arm-none-eabi/lib/thumb/v7e-m/fpv4-sp/hard\libc_nano.a(lib_a-closer.o)
                0x000000000800c794                _close_r
 .text.__sflush_r
                0x000000000800c7b4      0x10c d:/program files (x86)/stm32/stm32cubeide_1.1.0/stm32cubeide/plugins/com.st.stm32cube.ide.mcu.externaltools.gnu-tools-for-stm32.7-2018-q2-update.win32_1.0.0.201904181610/tools/bin/../lib/gcc/arm-none-eabi/7.3.1/../../../../arm-none-eabi/lib/thumb/v7e-m/fpv4-sp/hard\libc_nano.a(lib_a-fflush.o)
                0x000000000800c7b4                __sflush_r
 .text._fflush_r
                0x000000000800c8c0       0x54 d:/program files (x86)/stm32/stm32cubeide_1.1.0/stm32cubeide/plugins/com.st.stm32cube.ide.mcu.externaltools.gnu-tools-for-stm32.7-2018-q2-update.win32_1.0.0.201904181610/tools/bin/../lib/gcc/arm-none-eabi/7.3.1/../../../../arm-none-eabi/lib/thumb/v7e-m/fpv4-sp/hard\libc_nano.a(lib_a-fflush.o)
                0x000000000800c8c0                _fflush_r
 .text._lseek_r
                0x000000000800c914       0x24 d:/program files (x86)/stm32/stm32cubeide_1.1.0/stm32cubeide/plugins/com.st.stm32cube.ide.mcu.externaltools.gnu-tools-for-stm32.7-2018-q2-update.win32_1.0.0.201904181610/tools/bin/../lib/gcc/arm-none-eabi/7.3.1/../../../../arm-none-eabi/lib/thumb/v7e-m/fpv4-sp/hard\libc_nano.a(lib_a-lseekr.o)
                0x000000000800c914                _lseek_r
 .text.__swhatbuf_r
                0x000000000800c938       0x48 d:/program files (x86)/stm32/stm32cubeide_1.1.0/stm32cubeide/plugins/com.st.stm32cube.ide.mcu.externaltools.gnu-tools-for-stm32.7-2018-q2-update.win32_1.0.0.201904181610/tools/bin/../lib/gcc/arm-none-eabi/7.3.1/../../../../arm-none-eabi/lib/thumb/v7e-m/fpv4-sp/hard\libc_nano.a(lib_a-makebuf.o)
                0x000000000800c938                __swhatbuf_r
 .text.__smakebuf_r
                0x000000000800c980       0x80 d:/program files (x86)/stm32/stm32cubeide_1.1.0/stm32cubeide/plugins/com.st.stm32cube.ide.mcu.externaltools.gnu-tools-for-stm32.7-2018-q2-update.win32_1.0.0.201904181610/tools/bin/../lib/gcc/arm-none-eabi/7.3.1/../../../../arm-none-eabi/lib/thumb/v7e-m/fpv4-sp/hard\libc_nano.a(lib_a-makebuf.o)
                0x000000000800c980                __smakebuf_r
 .text.__ascii_mbtowc
                0x000000000800ca00       0x24 d:/program files (x86)/stm32/stm32cubeide_1.1.0/stm32cubeide/plugins/com.st.stm32cube.ide.mcu.externaltools.gnu-tools-for-stm32.7-2018-q2-update.win32_1.0.0.201904181610/tools/bin/../lib/gcc/arm-none-eabi/7.3.1/../../../../arm-none-eabi/lib/thumb/v7e-m/fpv4-sp/hard\libc_nano.a(lib_a-mbtowc_r.o)
                0x000000000800ca00                __ascii_mbtowc
 .text.__malloc_lock
                0x000000000800ca24        0x2 d:/program files (x86)/stm32/stm32cubeide_1.1.0/stm32cubeide/plugins/com.st.stm32cube.ide.mcu.externaltools.gnu-tools-for-stm32.7-2018-q2-update.win32_1.0.0.201904181610/tools/bin/../lib/gcc/arm-none-eabi/7.3.1/../../../../arm-none-eabi/lib/thumb/v7e-m/fpv4-sp/hard\libc_nano.a(lib_a-mlock.o)
                0x000000000800ca24                __malloc_lock
 .text.__malloc_unlock
                0x000000000800ca26        0x2 d:/program files (x86)/stm32/stm32cubeide_1.1.0/stm32cubeide/plugins/com.st.stm32cube.ide.mcu.externaltools.gnu-tools-for-stm32.7-2018-q2-update.win32_1.0.0.201904181610/tools/bin/../lib/gcc/arm-none-eabi/7.3.1/../../../../arm-none-eabi/lib/thumb/v7e-m/fpv4-sp/hard\libc_nano.a(lib_a-mlock.o)
                0x000000000800ca26                __malloc_unlock
 .text._read_r  0x000000000800ca28       0x24 d:/program files (x86)/stm32/stm32cubeide_1.1.0/stm32cubeide/plugins/com.st.stm32cube.ide.mcu.externaltools.gnu-tools-for-stm32.7-2018-q2-update.win32_1.0.0.201904181610/tools/bin/../lib/gcc/arm-none-eabi/7.3.1/../../../../arm-none-eabi/lib/thumb/v7e-m/fpv4-sp/hard\libc_nano.a(lib_a-readr.o)
                0x000000000800ca28                _read_r
 .text.__ascii_wctomb
                0x000000000800ca4c       0x1a d:/program files (x86)/stm32/stm32cubeide_1.1.0/stm32cubeide/plugins/com.st.stm32cube.ide.mcu.externaltools.gnu-tools-for-stm32.7-2018-q2-update.win32_1.0.0.201904181610/tools/bin/../lib/gcc/arm-none-eabi/7.3.1/../../../../arm-none-eabi/lib/thumb/v7e-m/fpv4-sp/hard\libc_nano.a(lib_a-wctomb_r.o)
                0x000000000800ca4c                __ascii_wctomb
 *fill*         0x000000000800ca66        0x2 
 .text._fstat_r
                0x000000000800ca68       0x24 d:/program files (x86)/stm32/stm32cubeide_1.1.0/stm32cubeide/plugins/com.st.stm32cube.ide.mcu.externaltools.gnu-tools-for-stm32.7-2018-q2-update.win32_1.0.0.201904181610/tools/bin/../lib/gcc/arm-none-eabi/7.3.1/../../../../arm-none-eabi/lib/thumb/v7e-m/fpv4-sp/hard\libc_nano.a(lib_a-fstatr.o)
                0x000000000800ca68                _fstat_r
 .text._isatty_r
                0x000000000800ca8c       0x20 d:/program files (x86)/stm32/stm32cubeide_1.1.0/stm32cubeide/plugins/com.st.stm32cube.ide.mcu.externaltools.gnu-tools-for-stm32.7-2018-q2-update.win32_1.0.0.201904181610/tools/bin/../lib/gcc/arm-none-eabi/7.3.1/../../../../arm-none-eabi/lib/thumb/v7e-m/fpv4-sp/hard\libc_nano.a(lib_a-isattyr.o)
                0x000000000800ca8c                _isatty_r
 *(.glue_7)
 .glue_7        0x000000000800caac        0x0 linker stubs
 *(.glue_7t)
 .glue_7t       0x000000000800caac        0x0 linker stubs
 *(.eh_frame)
 .eh_frame      0x000000000800caac        0x0 d:/program files (x86)/stm32/stm32cubeide_1.1.0/stm32cubeide/plugins/com.st.stm32cube.ide.mcu.externaltools.gnu-tools-for-stm32.7-2018-q2-update.win32_1.0.0.201904181610/tools/bin/../lib/gcc/arm-none-eabi/7.3.1/thumb/v7e-m/fpv4-sp/hard/crtbegin.o
 *(.init)
 .init          0x000000000800caac        0x4 d:/program files (x86)/stm32/stm32cubeide_1.1.0/stm32cubeide/plugins/com.st.stm32cube.ide.mcu.externaltools.gnu-tools-for-stm32.7-2018-q2-update.win32_1.0.0.201904181610/tools/bin/../lib/gcc/arm-none-eabi/7.3.1/thumb/v7e-m/fpv4-sp/hard/crti.o
                0x000000000800caac                _init
 .init          0x000000000800cab0        0x8 d:/program files (x86)/stm32/stm32cubeide_1.1.0/stm32cubeide/plugins/com.st.stm32cube.ide.mcu.externaltools.gnu-tools-for-stm32.7-2018-q2-update.win32_1.0.0.201904181610/tools/bin/../lib/gcc/arm-none-eabi/7.3.1/thumb/v7e-m/fpv4-sp/hard/crtn.o
 *(.fini)
 .fini          0x000000000800cab8        0x4 d:/program files (x86)/stm32/stm32cubeide_1.1.0/stm32cubeide/plugins/com.st.stm32cube.ide.mcu.externaltools.gnu-tools-for-stm32.7-2018-q2-update.win32_1.0.0.201904181610/tools/bin/../lib/gcc/arm-none-eabi/7.3.1/thumb/v7e-m/fpv4-sp/hard/crti.o
                0x000000000800cab8                _fini
 .fini          0x000000000800cabc        0x8 d:/program files (x86)/stm32/stm32cubeide_1.1.0/stm32cubeide/plugins/com.st.stm32cube.ide.mcu.externaltools.gnu-tools-for-stm32.7-2018-q2-update.win32_1.0.0.201904181610/tools/bin/../lib/gcc/arm-none-eabi/7.3.1/thumb/v7e-m/fpv4-sp/hard/crtn.o
                0x000000000800cac4                . = ALIGN (0x4)
                0x000000000800cac4                _etext = .

.vfp11_veneer   0x000000000800cac4        0x0
 .vfp11_veneer  0x000000000800cac4        0x0 linker stubs

.v4_bx          0x000000000800cac4        0x0
 .v4_bx         0x000000000800cac4        0x0 linker stubs

.iplt           0x000000000800cac4        0x0
 .iplt          0x000000000800cac4        0x0 d:/program files (x86)/stm32/stm32cubeide_1.1.0/stm32cubeide/plugins/com.st.stm32cube.ide.mcu.externaltools.gnu-tools-for-stm32.7-2018-q2-update.win32_1.0.0.201904181610/tools/bin/../lib/gcc/arm-none-eabi/7.3.1/thumb/v7e-m/fpv4-sp/hard/crtbegin.o

.rodata         0x000000000800cac8      0x3c0
                0x000000000800cac8                . = ALIGN (0x4)
 *(.rodata)
 .rodata        0x000000000800cac8       0x42 Core/Src/camera.o
 *fill*         0x000000000800cb0a        0x2 
 .rodata        0x000000000800cb0c       0x1a Core/Src/ff.o
 *fill*         0x000000000800cb26        0x2 
 .rodata        0x000000000800cb28        0xe Core/Src/main.o
 *fill*         0x000000000800cb36        0x2 
 .rodata        0x000000000800cb38       0x18 Core/Src/ov7670.o
 *(.rodata*)
 .rodata.OV7670_reg
                0x000000000800cb50       0x5a Core/Src/ov7670.o
                0x000000000800cb50                OV7670_reg
 *fill*         0x000000000800cbaa        0x2 
 .rodata.AHBPrescTable
                0x000000000800cbac       0x10 Core/Src/system_stm32f4xx.o
                0x000000000800cbac                AHBPrescTable
 .rodata.APBPrescTable
                0x000000000800cbbc        0x8 Core/Src/system_stm32f4xx.o
                0x000000000800cbbc                APBPrescTable
 .rodata._global_impure_ptr
                0x000000000800cbc4        0x4 d:/program files (x86)/stm32/stm32cubeide_1.1.0/stm32cubeide/plugins/com.st.stm32cube.ide.mcu.externaltools.gnu-tools-for-stm32.7-2018-q2-update.win32_1.0.0.201904181610/tools/bin/../lib/gcc/arm-none-eabi/7.3.1/../../../../arm-none-eabi/lib/thumb/v7e-m/fpv4-sp/hard\libc_nano.a(lib_a-impure.o)
                0x000000000800cbc4                _global_impure_ptr
 .rodata._printf_float.str1.1
                0x000000000800cbc8       0x12 d:/program files (x86)/stm32/stm32cubeide_1.1.0/stm32cubeide/plugins/com.st.stm32cube.ide.mcu.externaltools.gnu-tools-for-stm32.7-2018-q2-update.win32_1.0.0.201904181610/tools/bin/../lib/gcc/arm-none-eabi/7.3.1/../../../../arm-none-eabi/lib/thumb/v7e-m/fpv4-sp/hard\libc_nano.a(lib_a-nano-vfprintf_float.o)
 .rodata._printf_i.str1.1
                0x000000000800cbda       0x22 d:/program files (x86)/stm32/stm32cubeide_1.1.0/stm32cubeide/plugins/com.st.stm32cube.ide.mcu.externaltools.gnu-tools-for-stm32.7-2018-q2-update.win32_1.0.0.201904181610/tools/bin/../lib/gcc/arm-none-eabi/7.3.1/../../../../arm-none-eabi/lib/thumb/v7e-m/fpv4-sp/hard\libc_nano.a(lib_a-nano-vfprintf_i.o)
 .rodata._dtoa_r.str1.1
                0x000000000800cbfc        0xd d:/program files (x86)/stm32/stm32cubeide_1.1.0/stm32cubeide/plugins/com.st.stm32cube.ide.mcu.externaltools.gnu-tools-for-stm32.7-2018-q2-update.win32_1.0.0.201904181610/tools/bin/../lib/gcc/arm-none-eabi/7.3.1/../../../../arm-none-eabi/lib/thumb/v7e-m/fpv4-sp/hard\libc_nano.a(lib_a-dtoa.o)
                                          0xf (size before relaxing)
 *fill*         0x000000000800cc09        0x3 
 .rodata.__sf_fake_stderr
                0x000000000800cc0c       0x20 d:/program files (x86)/stm32/stm32cubeide_1.1.0/stm32cubeide/plugins/com.st.stm32cube.ide.mcu.externaltools.gnu-tools-for-stm32.7-2018-q2-update.win32_1.0.0.201904181610/tools/bin/../lib/gcc/arm-none-eabi/7.3.1/../../../../arm-none-eabi/lib/thumb/v7e-m/fpv4-sp/hard\libc_nano.a(lib_a-findfp.o)
                0x000000000800cc0c                __sf_fake_stderr
 .rodata.__sf_fake_stdin
                0x000000000800cc2c       0x20 d:/program files (x86)/stm32/stm32cubeide_1.1.0/stm32cubeide/plugins/com.st.stm32cube.ide.mcu.externaltools.gnu-tools-for-stm32.7-2018-q2-update.win32_1.0.0.201904181610/tools/bin/../lib/gcc/arm-none-eabi/7.3.1/../../../../arm-none-eabi/lib/thumb/v7e-m/fpv4-sp/hard\libc_nano.a(lib_a-findfp.o)
                0x000000000800cc2c                __sf_fake_stdin
 .rodata.__sf_fake_stdout
                0x000000000800cc4c       0x20 d:/program files (x86)/stm32/stm32cubeide_1.1.0/stm32cubeide/plugins/com.st.stm32cube.ide.mcu.externaltools.gnu-tools-for-stm32.7-2018-q2-update.win32_1.0.0.201904181610/tools/bin/../lib/gcc/arm-none-eabi/7.3.1/../../../../arm-none-eabi/lib/thumb/v7e-m/fpv4-sp/hard\libc_nano.a(lib_a-findfp.o)
                0x000000000800cc4c                __sf_fake_stdout
 *fill*         0x000000000800cc6c        0x4 
 .rodata.__mprec_bigtens
                0x000000000800cc70       0x28 d:/program files (x86)/stm32/stm32cubeide_1.1.0/stm32cubeide/plugins/com.st.stm32cube.ide.mcu.externaltools.gnu-tools-for-stm32.7-2018-q2-update.win32_1.0.0.201904181610/tools/bin/../lib/gcc/arm-none-eabi/7.3.1/../../../../arm-none-eabi/lib/thumb/v7e-m/fpv4-sp/hard\libc_nano.a(lib_a-mprec.o)
                0x000000000800cc70                __mprec_bigtens
 .rodata.__mprec_tens
                0x000000000800cc98       0xc8 d:/program files (x86)/stm32/stm32cubeide_1.1.0/stm32cubeide/plugins/com.st.stm32cube.ide.mcu.externaltools.gnu-tools-for-stm32.7-2018-q2-update.win32_1.0.0.201904181610/tools/bin/../lib/gcc/arm-none-eabi/7.3.1/../../../../arm-none-eabi/lib/thumb/v7e-m/fpv4-sp/hard\libc_nano.a(lib_a-mprec.o)
                0x000000000800cc98                __mprec_tens
 .rodata.p05.7359
                0x000000000800cd60        0xc d:/program files (x86)/stm32/stm32cubeide_1.1.0/stm32cubeide/plugins/com.st.stm32cube.ide.mcu.externaltools.gnu-tools-for-stm32.7-2018-q2-update.win32_1.0.0.201904181610/tools/bin/../lib/gcc/arm-none-eabi/7.3.1/../../../../arm-none-eabi/lib/thumb/v7e-m/fpv4-sp/hard\libc_nano.a(lib_a-mprec.o)
 .rodata._vfprintf_r.str1.1
                0x000000000800cd6c       0x11 d:/program files (x86)/stm32/stm32cubeide_1.1.0/stm32cubeide/plugins/com.st.stm32cube.ide.mcu.externaltools.gnu-tools-for-stm32.7-2018-q2-update.win32_1.0.0.201904181610/tools/bin/../lib/gcc/arm-none-eabi/7.3.1/../../../../arm-none-eabi/lib/thumb/v7e-m/fpv4-sp/hard\libc_nano.a(lib_a-nano-vfprintf.o)
 .rodata._setlocale_r.str1.1
                0x000000000800cd7d        0x8 d:/program files (x86)/stm32/stm32cubeide_1.1.0/stm32cubeide/plugins/com.st.stm32cube.ide.mcu.externaltools.gnu-tools-for-stm32.7-2018-q2-update.win32_1.0.0.201904181610/tools/bin/../lib/gcc/arm-none-eabi/7.3.1/../../../../arm-none-eabi/lib/thumb/v7e-m/fpv4-sp/hard\libc_nano.a(lib_a-locale.o)
                                          0x9 (size before relaxing)
 .rodata.str1.1
                0x000000000800cd85        0x2 d:/program files (x86)/stm32/stm32cubeide_1.1.0/stm32cubeide/plugins/com.st.stm32cube.ide.mcu.externaltools.gnu-tools-for-stm32.7-2018-q2-update.win32_1.0.0.201904181610/tools/bin/../lib/gcc/arm-none-eabi/7.3.1/../../../../arm-none-eabi/lib/thumb/v7e-m/fpv4-sp/hard\libc_nano.a(lib_a-locale.o)
 .rodata._ctype_
                0x000000000800cd87      0x101 d:/program files (x86)/stm32/stm32cubeide_1.1.0/stm32cubeide/plugins/com.st.stm32cube.ide.mcu.externaltools.gnu-tools-for-stm32.7-2018-q2-update.win32_1.0.0.201904181610/tools/bin/../lib/gcc/arm-none-eabi/7.3.1/../../../../arm-none-eabi/lib/thumb/v7e-m/fpv4-sp/hard\libc_nano.a(lib_a-ctype_.o)
                0x000000000800cd87                _ctype_
                0x000000000800ce88                . = ALIGN (0x4)

.ARM.extab      0x000000000800ce88        0x0
                0x000000000800ce88                . = ALIGN (0x4)
 *(.ARM.extab* .gnu.linkonce.armextab.*)
                0x000000000800ce88                . = ALIGN (0x4)

.ARM            0x000000000800ce88        0x8
                0x000000000800ce88                . = ALIGN (0x4)
                0x000000000800ce88                __exidx_start = .
 *(.ARM.exidx*)
 .ARM.exidx     0x000000000800ce88        0x8 d:/program files (x86)/stm32/stm32cubeide_1.1.0/stm32cubeide/plugins/com.st.stm32cube.ide.mcu.externaltools.gnu-tools-for-stm32.7-2018-q2-update.win32_1.0.0.201904181610/tools/bin/../lib/gcc/arm-none-eabi/7.3.1/thumb/v7e-m/fpv4-sp/hard\libgcc.a(_udivmoddi4.o)
                0x000000000800ce90                __exidx_end = .
                0x000000000800ce90                . = ALIGN (0x4)

.rel.dyn        0x000000000800ce90        0x0
 .rel.iplt      0x000000000800ce90        0x0 d:/program files (x86)/stm32/stm32cubeide_1.1.0/stm32cubeide/plugins/com.st.stm32cube.ide.mcu.externaltools.gnu-tools-for-stm32.7-2018-q2-update.win32_1.0.0.201904181610/tools/bin/../lib/gcc/arm-none-eabi/7.3.1/thumb/v7e-m/fpv4-sp/hard/crtbegin.o

.preinit_array  0x000000000800ce90        0x0
                0x000000000800ce90                . = ALIGN (0x4)
                0x000000000800ce90                PROVIDE (__preinit_array_start = .)
 *(.preinit_array*)
                0x000000000800ce90                PROVIDE (__preinit_array_end = .)
                0x000000000800ce90                . = ALIGN (0x4)

.init_array     0x000000000800ce90        0x4
                0x000000000800ce90                . = ALIGN (0x4)
                0x000000000800ce90                PROVIDE (__init_array_start = .)
 *(SORT_BY_NAME(.init_array.*))
 *(.init_array*)
 .init_array    0x000000000800ce90        0x4 d:/program files (x86)/stm32/stm32cubeide_1.1.0/stm32cubeide/plugins/com.st.stm32cube.ide.mcu.externaltools.gnu-tools-for-stm32.7-2018-q2-update.win32_1.0.0.201904181610/tools/bin/../lib/gcc/arm-none-eabi/7.3.1/thumb/v7e-m/fpv4-sp/hard/crtbegin.o
                0x000000000800ce94                PROVIDE (__init_array_end = .)
                0x000000000800ce94                . = ALIGN (0x4)

.fini_array     0x000000000800ce94        0x4
                0x000000000800ce94                . = ALIGN (0x4)
                [!provide]                        PROVIDE (__fini_array_start = .)
 *(SORT_BY_NAME(.fini_array.*))
 *(.fini_array*)
 .fini_array    0x000000000800ce94        0x4 d:/program files (x86)/stm32/stm32cubeide_1.1.0/stm32cubeide/plugins/com.st.stm32cube.ide.mcu.externaltools.gnu-tools-for-stm32.7-2018-q2-update.win32_1.0.0.201904181610/tools/bin/../lib/gcc/arm-none-eabi/7.3.1/thumb/v7e-m/fpv4-sp/hard/crtbegin.o
                [!provide]                        PROVIDE (__fini_array_end = .)
                0x000000000800ce98                . = ALIGN (0x4)
                0x000000000800ce98                _sidata = LOADADDR (.data)

.data           0x0000000020000000      0x1f4 load address 0x000000000800ce98
                0x0000000020000000                . = ALIGN (0x4)
                0x0000000020000000                _sdata = .
 *(.data)
 *(.data*)
 .data.Stat     0x0000000020000000        0x1 Core/Src/diskio.o
 *fill*         0x0000000020000001        0x3 
 .data.sendNot  0x0000000020000004        0xc Core/Src/main.o
                0x0000000020000004                sendNot
 .data.sizeNot  0x0000000020000010        0x2 Core/Src/main.o
                0x0000000020000010                sizeNot
 .data.sizeSendUARTz2
                0x0000000020000012        0x2 Core/Src/main.o
                0x0000000020000012                sizeSendUARTz2
 .data.sizeReceiveUART
                0x0000000020000014        0x2 Core/Src/main.o
                0x0000000020000014                sizeReceiveUART
 *fill*         0x0000000020000016        0x2 
 .data.SystemCoreClock
                0x0000000020000018        0x4 Core/Src/system_stm32f4xx.o
                0x0000000020000018                SystemCoreClock
 .data.uwTickPrio
                0x000000002000001c        0x4 Drivers/STM32F4xx_HAL_Driver/Src/stm32f4xx_hal.o
                0x000000002000001c                uwTickPrio
 .data.uwTickFreq
                0x0000000020000020        0x1 Drivers/STM32F4xx_HAL_Driver/Src/stm32f4xx_hal.o
                0x0000000020000020                uwTickFreq
 *fill*         0x0000000020000021        0x3 
 .data._impure_ptr
                0x0000000020000024        0x4 d:/program files (x86)/stm32/stm32cubeide_1.1.0/stm32cubeide/plugins/com.st.stm32cube.ide.mcu.externaltools.gnu-tools-for-stm32.7-2018-q2-update.win32_1.0.0.201904181610/tools/bin/../lib/gcc/arm-none-eabi/7.3.1/../../../../arm-none-eabi/lib/thumb/v7e-m/fpv4-sp/hard\libc_nano.a(lib_a-impure.o)
                0x0000000020000024                _impure_ptr
 .data.impure_data
                0x0000000020000028       0x60 d:/program files (x86)/stm32/stm32cubeide_1.1.0/stm32cubeide/plugins/com.st.stm32cube.ide.mcu.externaltools.gnu-tools-for-stm32.7-2018-q2-update.win32_1.0.0.201904181610/tools/bin/../lib/gcc/arm-none-eabi/7.3.1/../../../../arm-none-eabi/lib/thumb/v7e-m/fpv4-sp/hard\libc_nano.a(lib_a-impure.o)
 .data.__global_locale
                0x0000000020000088      0x16c d:/program files (x86)/stm32/stm32cubeide_1.1.0/stm32cubeide/plugins/com.st.stm32cube.ide.mcu.externaltools.gnu-tools-for-stm32.7-2018-q2-update.win32_1.0.0.201904181610/tools/bin/../lib/gcc/arm-none-eabi/7.3.1/../../../../arm-none-eabi/lib/thumb/v7e-m/fpv4-sp/hard\libc_nano.a(lib_a-locale.o)
                0x0000000020000088                __global_locale
                0x00000000200001f4                . = ALIGN (0x4)
                0x00000000200001f4                _edata = .

.igot.plt       0x00000000200001f4        0x0 load address 0x000000000800d08c
 .igot.plt      0x00000000200001f4        0x0 d:/program files (x86)/stm32/stm32cubeide_1.1.0/stm32cubeide/plugins/com.st.stm32cube.ide.mcu.externaltools.gnu-tools-for-stm32.7-2018-q2-update.win32_1.0.0.201904181610/tools/bin/../lib/gcc/arm-none-eabi/7.3.1/thumb/v7e-m/fpv4-sp/hard/crtbegin.o
                0x00000000200001f4                . = ALIGN (0x4)

.bss            0x00000000200001f4     0xce38 load address 0x000000000800d08c
                0x00000000200001f4                _sbss = .
                0x00000000200001f4                __bss_start__ = _sbss
 *(.bss)
 .bss           0x00000000200001f4       0x1c d:/program files (x86)/stm32/stm32cubeide_1.1.0/stm32cubeide/plugins/com.st.stm32cube.ide.mcu.externaltools.gnu-tools-for-stm32.7-2018-q2-update.win32_1.0.0.201904181610/tools/bin/../lib/gcc/arm-none-eabi/7.3.1/thumb/v7e-m/fpv4-sp/hard/crtbegin.o
 *(.bss*)
 .bss.Timer1    0x0000000020000210        0x1 Core/Src/diskio.o
 .bss.Timer2    0x0000000020000211        0x1 Core/Src/diskio.o
 .bss.CardType  0x0000000020000212        0x1 Core/Src/diskio.o
 .bss.PowerFlag
                0x0000000020000213        0x1 Core/Src/diskio.o
 .bss.FatFs     0x0000000020000214        0x4 Core/Src/ff.o
 .bss.Fsid      0x0000000020000218        0x2 Core/Src/ff.o
 *fill*         0x000000002000021a        0x2 
 .bss.flag_xd   0x000000002000021c        0x4 Core/Src/main.o
                0x000000002000021c                flag_xd
 .bss.FatFs     0x0000000020000220      0x230 Core/Src/main.o
 .bss.YValues   0x0000000020000450       0xae Core/Src/main.o
                0x0000000020000450                YValues
 *fill*         0x00000000200004fe        0x2 
 .bss.sp_hdcmi  0x0000000020000500        0x4 Core/Src/ov7670.o
 .bss.sp_hdma_dcmi
                0x0000000020000504        0x4 Core/Src/ov7670.o
 .bss.sp_hi2c   0x0000000020000508        0x4 Core/Src/ov7670.o
 .bss.s_destAddressForContiuousMode
                0x000000002000050c        0x4 Core/Src/ov7670.o
 .bss.s_cbVsync
                0x0000000020000510        0x4 Core/Src/ov7670.o
 .bss.s_currentH
                0x0000000020000514        0x4 Core/Src/ov7670.o
 .bss.s_currentV
                0x0000000020000518        0x4 Core/Src/ov7670.o
 .bss.heap_end.6424
                0x000000002000051c        0x4 Core/Src/sysmem.o
 .bss.__malloc_free_list
                0x0000000020000520        0x4 d:/program files (x86)/stm32/stm32cubeide_1.1.0/stm32cubeide/plugins/com.st.stm32cube.ide.mcu.externaltools.gnu-tools-for-stm32.7-2018-q2-update.win32_1.0.0.201904181610/tools/bin/../lib/gcc/arm-none-eabi/7.3.1/../../../../arm-none-eabi/lib/thumb/v7e-m/fpv4-sp/hard\libc_nano.a(lib_a-nano-mallocr.o)
                0x0000000020000520                __malloc_free_list
 .bss.__malloc_sbrk_start
                0x0000000020000524        0x4 d:/program files (x86)/stm32/stm32cubeide_1.1.0/stm32cubeide/plugins/com.st.stm32cube.ide.mcu.externaltools.gnu-tools-for-stm32.7-2018-q2-update.win32_1.0.0.201904181610/tools/bin/../lib/gcc/arm-none-eabi/7.3.1/../../../../arm-none-eabi/lib/thumb/v7e-m/fpv4-sp/hard\libc_nano.a(lib_a-nano-mallocr.o)
                0x0000000020000524                __malloc_sbrk_start
 *(COMMON)
 COMMON         0x0000000020000528        0x2 Core/Src/diskio.o
                0x0000000020000528                sdcard_timer
 *fill*         0x000000002000052a        0x2 
 COMMON         0x000000002000052c     0xcaf6 Core/Src/main.o
                0x000000002000052c                file2
                0x0000000020000754                cam_buf
                0x000000002000cb14                sensor_time
                0x000000002000cb18                hi2c2
                0x000000002000cb6c                signal_time
                0x000000002000cb70                hdma_dcmi
                0x000000002000cbd0                distance
                0x000000002000cbd4                htim3
                0x000000002000cc14                file
                0x000000002000ce3c                hdcmi
                0x000000002000ce7c                bytes_read
                0x000000002000ce80                buffer
                0x000000002000cf80                znak
                0x000000002000cf84                receiveUART
                0x000000002000cf85                fresult
                0x000000002000cf88                hspi1
                0x000000002000cfe0                huart2
                0x000000002000d020                bytes_written
 *fill*         0x000000002000d022        0x2 
 COMMON         0x000000002000d024        0x4 Drivers/STM32F4xx_HAL_Driver/Src/stm32f4xx_hal.o
                0x000000002000d024                uwTick
 COMMON         0x000000002000d028        0x4 d:/program files (x86)/stm32/stm32cubeide_1.1.0/stm32cubeide/plugins/com.st.stm32cube.ide.mcu.externaltools.gnu-tools-for-stm32.7-2018-q2-update.win32_1.0.0.201904181610/tools/bin/../lib/gcc/arm-none-eabi/7.3.1/../../../../arm-none-eabi/lib/thumb/v7e-m/fpv4-sp/hard\libc_nano.a(lib_a-reent.o)
                0x000000002000d028                errno
                0x000000002000d02c                . = ALIGN (0x4)
                0x000000002000d02c                _ebss = .
                0x000000002000d02c                __bss_end__ = _ebss

._user_heap_stack
                0x000000002000d02c      0x604 load address 0x000000000800d08c
                0x000000002000d030                . = ALIGN (0x8)
 *fill*         0x000000002000d02c        0x4 
                0x000000002000d030                PROVIDE (end = .)
                [!provide]                        PROVIDE (_end = .)
                0x000000002000d230                . = (. + _Min_Heap_Size)
 *fill*         0x000000002000d030      0x200 
                0x000000002000d630                . = (. + _Min_Stack_Size)
 *fill*         0x000000002000d230      0x400 
                0x000000002000d630                . = ALIGN (0x8)

/DISCARD/
 libc.a(*)
 libm.a(*)
 libgcc.a(*)

.ARM.attributes
                0x0000000000000000       0x30
 *(.ARM.attributes)
 .ARM.attributes
                0x0000000000000000       0x22 d:/program files (x86)/stm32/stm32cubeide_1.1.0/stm32cubeide/plugins/com.st.stm32cube.ide.mcu.externaltools.gnu-tools-for-stm32.7-2018-q2-update.win32_1.0.0.201904181610/tools/bin/../lib/gcc/arm-none-eabi/7.3.1/thumb/v7e-m/fpv4-sp/hard/crti.o
 .ARM.attributes
                0x0000000000000022       0x34 d:/program files (x86)/stm32/stm32cubeide_1.1.0/stm32cubeide/plugins/com.st.stm32cube.ide.mcu.externaltools.gnu-tools-for-stm32.7-2018-q2-update.win32_1.0.0.201904181610/tools/bin/../lib/gcc/arm-none-eabi/7.3.1/thumb/v7e-m/fpv4-sp/hard/crtbegin.o
 .ARM.attributes
                0x0000000000000056       0x39 Core/Src/camera.o
 .ARM.attributes
                0x000000000000008f       0x39 Core/Src/diskio.o
 .ARM.attributes
                0x00000000000000c8       0x39 Core/Src/dwt_delay.o
 .ARM.attributes
                0x0000000000000101       0x39 Core/Src/ff.o
 .ARM.attributes
                0x000000000000013a       0x39 Core/Src/main.o
 .ARM.attributes
                0x0000000000000173       0x39 Core/Src/ov7670.o
 .ARM.attributes
                0x00000000000001ac       0x39 Core/Src/stm32f4xx_hal_msp.o
 .ARM.attributes
                0x00000000000001e5       0x39 Core/Src/stm32f4xx_it.o
 .ARM.attributes
                0x000000000000021e       0x39 Core/Src/syscalls.o
 .ARM.attributes
                0x0000000000000257       0x39 Core/Src/sysmem.o
 .ARM.attributes
                0x0000000000000290       0x39 Core/Src/system_stm32f4xx.o
 .ARM.attributes
                0x00000000000002c9       0x21 Core/Startup/startup_stm32f407vgtx.o
 .ARM.attributes
                0x00000000000002ea       0x39 Drivers/STM32F4xx_HAL_Driver/Src/stm32f4xx_hal.o
 .ARM.attributes
                0x0000000000000323       0x39 Drivers/STM32F4xx_HAL_Driver/Src/stm32f4xx_hal_cortex.o