Archive member included to satisfy reference by file (symbol)

d:/program files (x86)/stm32/stm32cubeide_1.1.0/stm32cubeide/plugins/com.st.stm32cube.ide.mcu.externaltools.gnu-tools-for-stm32.7-2018-q2-update.win32_1.0.0.201904181610/tools/bin/../lib/gcc/arm-none-eabi/7.3.1/../../../../arm-none-eabi/lib/thumb/v7e-m/fpv4-sp/hard\libc_nano.a(lib_a-errno.o)
                              Core/Src/syscalls.o (__errno)
d:/program files (x86)/stm32/stm32cubeide_1.1.0/stm32cubeide/plugins/com.st.stm32cube.ide.mcu.externaltools.gnu-tools-for-stm32.7-2018-q2-update.win32_1.0.0.201904181610/tools/bin/../lib/gcc/arm-none-eabi/7.3.1/../../../../arm-none-eabi/lib/thumb/v7e-m/fpv4-sp/hard\libc_nano.a(lib_a-exit.o)
                              d:/program files (x86)/stm32/stm32cubeide_1.1.0/stm32cubeide/plugins/com.st.stm32cube.ide.mcu.externaltools.gnu-tools-for-stm32.7-2018-q2-update.win32_1.0.0.201904181610/tools/bin/../lib/gcc/arm-none-eabi/7.3.1/../../../../arm-none-eabi/lib/thumb/v7e-m/fpv4-sp/hard/crt0.o (exit)
d:/program files (x86)/stm32/stm32cubeide_1.1.0/stm32cubeide/plugins/com.st.stm32cube.ide.mcu.externaltools.gnu-tools-for-stm32.7-2018-q2-update.win32_1.0.0.201904181610/tools/bin/../lib/gcc/arm-none-eabi/7.3.1/../../../../arm-none-eabi/lib/thumb/v7e-m/fpv4-sp/hard\libc_nano.a(lib_a-impure.o)
                              d:/program files (x86)/stm32/stm32cubeide_1.1.0/stm32cubeide/plugins/com.st.stm32cube.ide.mcu.externaltools.gnu-tools-for-stm32.7-2018-q2-update.win32_1.0.0.201904181610/tools/bin/../lib/gcc/arm-none-eabi/7.3.1/../../../../arm-none-eabi/lib/thumb/v7e-m/fpv4-sp/hard\libc_nano.a(lib_a-exit.o) (_global_impure_ptr)
d:/program files (x86)/stm32/stm32cubeide_1.1.0/stm32cubeide/plugins/com.st.stm32cube.ide.mcu.externaltools.gnu-tools-for-stm32.7-2018-q2-update.win32_1.0.0.201904181610/tools/bin/../lib/gcc/arm-none-eabi/7.3.1/../../../../arm-none-eabi/lib/thumb/v7e-m/fpv4-sp/hard\libc_nano.a(lib_a-init.o)
                              d:/program files (x86)/stm32/stm32cubeide_1.1.0/stm32cubeide/plugins/com.st.stm32cube.ide.mcu.externaltools.gnu-tools-for-stm32.7-2018-q2-update.win32_1.0.0.201904181610/tools/bin/../lib/gcc/arm-none-eabi/7.3.1/../../../../arm-none-eabi/lib/thumb/v7e-m/fpv4-sp/hard/crt0.o (__libc_init_array)
d:/program files (x86)/stm32/stm32cubeide_1.1.0/stm32cubeide/plugins/com.st.stm32cube.ide.mcu.externaltools.gnu-tools-for-stm32.7-2018-q2-update.win32_1.0.0.201904181610/tools/bin/../lib/gcc/arm-none-eabi/7.3.1/../../../../arm-none-eabi/lib/thumb/v7e-m/fpv4-sp/hard\libc_nano.a(lib_a-malloc.o)
                              Core/Src/main.o (malloc)
d:/program files (x86)/stm32/stm32cubeide_1.1.0/stm32cubeide/plugins/com.st.stm32cube.ide.mcu.externaltools.gnu-tools-for-stm32.7-2018-q2-update.win32_1.0.0.201904181610/tools/bin/../lib/gcc/arm-none-eabi/7.3.1/../../../../arm-none-eabi/lib/thumb/v7e-m/fpv4-sp/hard\libc_nano.a(lib_a-memset.o)
                              d:/program files (x86)/stm32/stm32cubeide_1.1.0/stm32cubeide/plugins/com.st.stm32cube.ide.mcu.externaltools.gnu-tools-for-stm32.7-2018-q2-update.win32_1.0.0.201904181610/tools/bin/../lib/gcc/arm-none-eabi/7.3.1/../../../../arm-none-eabi/lib/thumb/v7e-m/fpv4-sp/hard/crt0.o (memset)
d:/program files (x86)/stm32/stm32cubeide_1.1.0/stm32cubeide/plugins/com.st.stm32cube.ide.mcu.externaltools.gnu-tools-for-stm32.7-2018-q2-update.win32_1.0.0.201904181610/tools/bin/../lib/gcc/arm-none-eabi/7.3.1/../../../../arm-none-eabi/lib/thumb/v7e-m/fpv4-sp/hard\libc_nano.a(lib_a-nano-freer.o)
                              d:/program files (x86)/stm32/stm32cubeide_1.1.0/stm32cubeide/plugins/com.st.stm32cube.ide.mcu.externaltools.gnu-tools-for-stm32.7-2018-q2-update.win32_1.0.0.201904181610/tools/bin/../lib/gcc/arm-none-eabi/7.3.1/../../../../arm-none-eabi/lib/thumb/v7e-m/fpv4-sp/hard\libc_nano.a(lib_a-malloc.o) (_free_r)
d:/program files (x86)/stm32/stm32cubeide_1.1.0/stm32cubeide/plugins/com.st.stm32cube.ide.mcu.externaltools.gnu-tools-for-stm32.7-2018-q2-update.win32_1.0.0.201904181610/tools/bin/../lib/gcc/arm-none-eabi/7.3.1/../../../../arm-none-eabi/lib/thumb/v7e-m/fpv4-sp/hard\libc_nano.a(lib_a-nano-mallocr.o)
                              d:/program files (x86)/stm32/stm32cubeide_1.1.0/stm32cubeide/plugins/com.st.stm32cube.ide.mcu.externaltools.gnu-tools-for-stm32.7-2018-q2-update.win32_1.0.0.201904181610/tools/bin/../lib/gcc/arm-none-eabi/7.3.1/../../../../arm-none-eabi/lib/thumb/v7e-m/fpv4-sp/hard\libc_nano.a(lib_a-malloc.o) (_malloc_r)
d:/program files (x86)/stm32/stm32cubeide_1.1.0/stm32cubeide/plugins/com.st.stm32cube.ide.mcu.externaltools.gnu-tools-for-stm32.7-2018-q2-update.win32_1.0.0.201904181610/tools/bin/../lib/gcc/arm-none-eabi/7.3.1/../../../../arm-none-eabi/lib/thumb/v7e-m/fpv4-sp/hard\libc_nano.a(lib_a-nano-vfprintf_float.o)
                              (_printf_float)
[...]
Memory Configuration

Name             Origin             Length             Attributes
CCMRAM           0x0000000010000000 0x0000000000010000 xrw
RAM              0x0000000020000000 0x0000000000020000 xrw
FLASH            0x0000000008000000 0x0000000000100000 xr
*default*        0x0000000000000000 0xffffffffffffffff

Linker script and memory map

LOAD d:/program files (x86)/stm32/stm32cubeide_1.1.0/stm32cubeide/plugins/com.st.stm32cube.ide.mcu.externaltools.gnu-tools-for-stm32.7-2018-q2-update.win32_1.0.0.201904181610/tools/bin/../lib/gcc/arm-none-eabi/7.3.1/thumb/v7e-m/fpv4-sp/hard/crti.o
LOAD d:/program files (x86)/stm32/stm32cubeide_1.1.0/stm32cubeide/plugins/com.st.stm32cube.ide.mcu.externaltools.gnu-tools-for-stm32.7-2018-q2-update.win32_1.0.0.201904181610/tools/bin/../lib/gcc/arm-none-eabi/7.3.1/thumb/v7e-m/fpv4-sp/hard/crtbegin.o
LOAD d:/program files (x86)/stm32/stm32cubeide_1.1.0/stm32cubeide/plugins/com.st.stm32cube.ide.mcu.externaltools.gnu-tools-for-stm32.7-2018-q2-update.win32_1.0.0.201904181610/tools/bin/../lib/gcc/arm-none-eabi/7.3.1/../../../../arm-none-eabi/lib/thumb/v7e-m/fpv4-sp/hard/crt0.o
LOAD Core/Src/camera.o
LOAD Core/Src/diskio.o
LOAD Core/Src/dwt_delay.o
LOAD Core/Src/ff.o
LOAD Core/Src/ffsystem.o
LOAD Core/Src/ffunicode.o
LOAD Core/Src/main.o
LOAD Core/Src/ov7670.o
LOAD Core/Src/stm32f4xx_hal_msp.o
LOAD Core/Src/stm32f4xx_it.o
LOAD Core/Src/syscalls.o
LOAD Core/Src/sysmem.o
LOAD Core/Src/system_stm32f4xx.o
LOAD Core/Startup/startup_stm32f407vgtx.o
LOAD Drivers/STM32F4xx_HAL_Driver/Src/stm32f4xx_hal.o
LOAD Drivers/STM32F4xx_HAL_Driver/Src/stm32f4xx_hal_cortex.o
LOAD Drivers/STM32F4xx_HAL_Driver/Src/stm32f4xx_hal_dcmi.o
LOAD Drivers/STM32F4xx_HAL_Driver/Src/stm32f4xx_hal_dcmi_ex.o
LOAD Drivers/STM32F4xx_HAL_Driver/Src/stm32f4xx_hal_dma.o
LOAD Drivers/STM32F4xx_HAL_Driver/Src/stm32f4xx_hal_dma_ex.o
LOAD Drivers/STM32F4xx_HAL_Driver/Src/stm32f4xx_hal_exti.o
LOAD Drivers/STM32F4xx_HAL_Driver/Src/stm32f4xx_hal_flash.o
LOAD Drivers/STM32F4xx_HAL_Driver/Src/stm32f4xx_hal_flash_ex.o
LOAD Drivers/STM32F4xx_HAL_Driver/Src/stm32f4xx_hal_flash_ramfunc.o
LOAD Drivers/STM32F4xx_HAL_Driver/Src/stm32f4xx_hal_gpio.o
LOAD Drivers/STM32F4xx_HAL_Driver/Src/stm32f4xx_hal_i2c.o
LOAD Drivers/STM32F4xx_HAL_Driver/Src/stm32f4xx_hal_i2c_ex.o
LOAD Drivers/STM32F4xx_HAL_Driver/Src/stm32f4xx_hal_pwr.o
LOAD Drivers/STM32F4xx_HAL_Driver/Src/stm32f4xx_hal_pwr_ex.o
LOAD Drivers/STM32F4xx_HAL_Driver/Src/stm32f4xx_hal_rcc.o
LOAD Drivers/STM32F4xx_HAL_Driver/Src/stm32f4xx_hal_rcc_ex.o
LOAD Drivers/STM32F4xx_HAL_Driver/Src/stm32f4xx_hal_spi.o
LOAD Drivers/STM32F4xx_HAL_Driver/Src/stm32f4xx_hal_tim.o
LOAD Drivers/STM32F4xx_HAL_Driver/Src/stm32f4xx_hal_tim_ex.o
LOAD Drivers/STM32F4xx_HAL_Driver/Src/stm32f4xx_hal_uart.o
START GROUP
LOAD d:/program files (x86)/stm32/stm32cubeide_1.1.0/stm32cubeide/plugins/com.st.stm32cube.ide.mcu.externaltools.gnu-tools-for-stm32.7-2018-q2-update.win32_1.0.0.201904181610/tools/bin/../lib/gcc/arm-none-eabi/7.3.1/../../../../arm-none-eabi/lib/thumb/v7e-m/fpv4-sp/hard\libc_nano.a
LOAD d:/program files (x86)/stm32/stm32cubeide_1.1.0/stm32cubeide/plugins/com.st.stm32cube.ide.mcu.externaltools.gnu-tools-for-stm32.7-2018-q2-update.win32_1.0.0.201904181610/tools/bin/../lib/gcc/arm-none-eabi/7.3.1/../../../../arm-none-eabi/lib/thumb/v7e-m/fpv4-sp/hard\libm.a
END GROUP
START GROUP
LOAD d:/program files (x86)/stm32/stm32cubeide_1.1.0/stm32cubeide/plugins/com.st.stm32cube.ide.mcu.externaltools.gnu-tools-for-stm32.7-2018-q2-update.win32_1.0.0.201904181610/tools/bin/../lib/gcc/arm-none-eabi/7.3.1/thumb/v7e-m/fpv4-sp/hard\libgcc.a
LOAD d:/program files (x86)/stm32/stm32cubeide_1.1.0/stm32cubeide/plugins/com.st.stm32cube.ide.mcu.externaltools.gnu-tools-for-stm32.7-2018-q2-update.win32_1.0.0.201904181610/tools/bin/../lib/gcc/arm-none-eabi/7.3.1/../../../../arm-none-eabi/lib/thumb/v7e-m/fpv4-sp/hard\libc_nano.a
END GROUP
START GROUP
LOAD d:/program files (x86)/stm32/stm32cubeide_1.1.0/stm32cubeide/plugins/com.st.stm32cube.ide.mcu.externaltools.gnu-tools-for-stm32.7-2018-q2-update.win32_1.0.0.201904181610/tools/bin/../lib/gcc/arm-none-eabi/7.3.1/thumb/v7e-m/fpv4-sp/hard\libgcc.a
LOAD d:/program files (x86)/stm32/stm32cubeide_1.1.0/stm32cubeide/plugins/com.st.stm32cube.ide.mcu.externaltools.gnu-tools-for-stm32.7-2018-q2-update.win32_1.0.0.201904181610/tools/bin/../lib/gcc/arm-none-eabi/7.3.1/../../../../arm-none-eabi/lib/thumb/v7e-m/fpv4-sp/hard\libc_nano.a
LOAD d:/program files (x86)/stm32/stm32cubeide_1.1.0/stm32cubeide/plugins/com.st.stm32cube.ide.mcu.externaltools.gnu-tools-for-stm32.7-2018-q2-update.win32_1.0.0.201904181610/tools/bin/../lib/gcc/arm-none-eabi/7.3.1/../../../../arm-none-eabi/lib/thumb/v7e-m/fpv4-sp/hard\libnosys.a
END GROUP
START GROUP
LOAD d:/program files (x86)/stm32/stm32cubeide_1.1.0/stm32cubeide/plugins/com.st.stm32cube.ide.mcu.externaltools.gnu-tools-for-stm32.7-2018-q2-update.win32_1.0.0.201904181610/tools/bin/../lib/gcc/arm-none-eabi/7.3.1/thumb/v7e-m/fpv4-sp/hard\libgcc.a
LOAD d:/program files (x86)/stm32/stm32cubeide_1.1.0/stm32cubeide/plugins/com.st.stm32cube.ide.mcu.externaltools.gnu-tools-for-stm32.7-2018-q2-update.win32_1.0.0.201904181610/tools/bin/../lib/gcc/arm-none-eabi/7.3.1/../../../../arm-none-eabi/lib/thumb/v7e-m/fpv4-sp/hard\libc_nano.a
LOAD d:/program files (x86)/stm32/stm32cubeide_1.1.0/stm32cubeide/plugins/com.st.stm32cube.ide.mcu.externaltools.gnu-tools-for-stm32.7-2018-q2-update.win32_1.0.0.201904181610/tools/bin/../lib/gcc/arm-none-eabi/7.3.1/../../../../arm-none-eabi/lib/thumb/v7e-m/fpv4-sp/hard\libnosys.a
END GROUP
LOAD d:/program files (x86)/stm32/stm32cubeide_1.1.0/stm32cubeide/plugins/com.st.stm32cube.ide.mcu.externaltools.gnu-tools-for-stm32.7-2018-q2-update.win32_1.0.0.201904181610/tools/bin/../lib/gcc/arm-none-eabi/7.3.1/thumb/v7e-m/fpv4-sp/hard/crtend.o
LOAD d:/program files (x86)/stm32/stm32cubeide_1.1.0/stm32cubeide/plugins/com.st.stm32cube.ide.mcu.externaltools.gnu-tools-for-stm32.7-2018-q2-update.win32_1.0.0.201904181610/tools/bin/../lib/gcc/arm-none-eabi/7.3.1/thumb/v7e-m/fpv4-sp/hard/crtn.o
                0x0000000020020000                _estack = (ORIGIN (RAM) + LENGTH (RAM))
                0x0000000000000200                _Min_Heap_Size = 0x200
                0x0000000000000400                _Min_Stack_Size = 0x400

.isr_vector     0x0000000008000000      0x188
                0x0000000008000000                . = ALIGN (0x4)
 *(.isr_vector)
 .isr_vector    0x0000000008000000      0x188 Core/Startup/startup_stm32f407vgtx.o
                0x0000000008000000                g_pfnVectors
                0x0000000008000188                . = ALIGN (0x4)

.text           0x0000000008000190     0xd390
                0x0000000008000190                . = ALIGN (0x4)
 *(.text)
 .text          0x0000000008000190       0x40 d:/program files (x86)/stm32/stm32cubeide_1.1.0/stm32cubeide/plugins/com.st.stm32cube.ide.mcu.externaltools.gnu-tools-for-stm32.7-2018-q2-update.win32_1.0.0.201904181610/tools/bin/../lib/gcc/arm-none-eabi/7.3.1/thumb/v7e-m/fpv4-sp/hard/crtbegin.o
 .text          0x00000000080001d0       0x10 d:/program files (x86)/stm32/stm32cubeide_1.1.0/stm32cubeide/plugins/com.st.stm32cube.ide.mcu.externaltools.gnu-tools-for-stm32.7-2018-q2-update.win32_1.0.0.201904181610/tools/bin/../lib/gcc/arm-none-eabi/7.3.1/../../../../arm-none-eabi/lib/thumb/v7e-m/fpv4-sp/hard\libc_nano.a(lib_a-strlen.o)
                0x00000000080001d0                strlen
 .text          0x00000000080001e0       0xa0 d:/program files (x86)/stm32/stm32cubeide_1.1.0/stm32cubeide/plugins/com.st.stm32cube.ide.mcu.externaltools.gnu-tools-for-stm32.7-2018-q2-update.win32_1.0.0.201904181610/tools/bin/../lib/gcc/arm-none-eabi/7.3.1/../../../../arm-none-eabi/lib/thumb/v7e-m/fpv4-sp/hard\libc_nano.a(lib_a-memchr.o)
                0x00000000080001e0                memchr
 .text          0x0000000008000280      0x378 d:/program files (x86)/stm32/stm32cubeide_1.1.0/stm32cubeide/plugins/com.st.stm32cube.ide.mcu.externaltools.gnu-tools-for-stm32.7-2018-q2-update.win32_1.0.0.201904181610/tools/bin/../lib/gcc/arm-none-eabi/7.3.1/thumb/v7e-m/fpv4-sp/hard\libgcc.a(_arm_addsubdf3.o)
                0x0000000008000280                __aeabi_drsub
                0x0000000008000288                __aeabi_dsub
                0x0000000008000288                __subdf3
                0x000000000800028c                __aeabi_dadd
                0x000000000800028c                __adddf3
                0x0000000008000504                __floatunsidf
                0x0000000008000504                __aeabi_ui2d
                0x0000000008000524                __floatsidf
                0x0000000008000524                __aeabi_i2d
                0x0000000008000548                __aeabi_f2d
                0x0000000008000548                __extendsfdf2
                0x000000000800058c                __floatundidf
                0x000000000800058c                __aeabi_ul2d
                0x000000000800059c                __floatdidf
                0x000000000800059c                __aeabi_l2d
 .text          0x00000000080005f8      0x424 d:/program files (x86)/stm32/stm32cubeide_1.1.0/stm32cubeide/plugins/com.st.stm32cube.ide.mcu.externaltools.gnu-tools-for-stm32.7-2018-q2-update.win32_1.0.0.201904181610/tools/bin/../lib/gcc/arm-none-eabi/7.3.1/thumb/v7e-m/fpv4-sp/hard\libgcc.a(_arm_muldivdf3.o)
                0x00000000080005f8                __aeabi_dmul
                0x00000000080005f8                __muldf3
                0x000000000800084c                __divdf3
                0x000000000800084c                __aeabi_ddiv
 .text          0x0000000008000a1c      0x110 d:/program files (x86)/stm32/stm32cubeide_1.1.0/stm32cubeide/plugins/com.st.stm32cube.ide.mcu.externaltools.gnu-tools-for-stm32.7-2018-q2-update.win32_1.0.0.201904181610/tools/bin/../lib/gcc/arm-none-eabi/7.3.1/thumb/v7e-m/fpv4-sp/hard\libgcc.a(_arm_cmpdf2.o)
                0x0000000008000a1c                __gtdf2
                0x0000000008000a1c                __gedf2
                0x0000000008000a24                __ltdf2
                0x0000000008000a24                __ledf2
                0x0000000008000a2c                __nedf2
                0x0000000008000a2c                __eqdf2
                0x0000000008000a2c                __cmpdf2
                0x0000000008000aa8                __aeabi_cdrcmple
                0x0000000008000ab8                __aeabi_cdcmpeq
                0x0000000008000ab8                __aeabi_cdcmple
                0x0000000008000ac8                __aeabi_dcmpeq
                0x0000000008000adc                __aeabi_dcmplt
                0x0000000008000af0                __aeabi_dcmple
                0x0000000008000b04                __aeabi_dcmpge
                0x0000000008000b18                __aeabi_dcmpgt
 .text          0x0000000008000b2c       0x2c d:/program files (x86)/stm32/stm32cubeide_1.1.0/stm32cubeide/plugins/com.st.stm32cube.ide.mcu.externaltools.gnu-tools-for-stm32.7-2018-q2-update.win32_1.0.0.201904181610/tools/bin/../lib/gcc/arm-none-eabi/7.3.1/thumb/v7e-m/fpv4-sp/hard\libgcc.a(_arm_unorddf2.o)
                0x0000000008000b2c                __unorddf2
                0x0000000008000b2c                __aeabi_dcmpun
 .text          0x0000000008000b58       0x50 d:/program files (x86)/stm32/stm32cubeide_1.1.0/stm32cubeide/plugins/com.st.stm32cube.ide.mcu.externaltools.gnu-tools-for-stm32.7-2018-q2-update.win32_1.0.0.201904181610/tools/bin/../lib/gcc/arm-none-eabi/7.3.1/thumb/v7e-m/fpv4-sp/hard\libgcc.a(_arm_fixdfsi.o)
                0x0000000008000b58                __aeabi_d2iz
                0x0000000008000b58                __fixdfsi
 .text          0x0000000008000ba8       0x40 d:/program files (x86)/stm32/stm32cubeide_1.1.0/stm32cubeide/plugins/com.st.stm32cube.ide.mcu.externaltools.gnu-tools-for-stm32.7-2018-q2-update.win32_1.0.0.201904181610/tools/bin/../lib/gcc/arm-none-eabi/7.3.1/thumb/v7e-m/fpv4-sp/hard\libgcc.a(_arm_fixunsdfsi.o)
                0x0000000008000ba8                __aeabi_d2uiz
                0x0000000008000ba8                __fixunsdfsi
 .text          0x0000000008000be8       0x30 d:/program files (x86)/stm32/stm32cubeide_1.1.0/stm32cubeide/plugins/com.st.stm32cube.ide.mcu.externaltools.gnu-tools-for-stm32.7-2018-q2-update.win32_1.0.0.201904181610/tools/bin/../lib/gcc/arm-none-eabi/7.3.1/thumb/v7e-m/fpv4-sp/hard\libgcc.a(_aeabi_uldivmod.o)
                0x0000000008000be8                __aeabi_uldivmod
 .text          0x0000000008000c18      0x2cc d:/program files (x86)/stm32/stm32cubeide_1.1.0/stm32cubeide/plugins/com.st.stm32cube.ide.mcu.externaltools.gnu-tools-for-stm32.7-2018-q2-update.win32_1.0.0.201904181610/tools/bin/../lib/gcc/arm-none-eabi/7.3.1/thumb/v7e-m/fpv4-sp/hard\libgcc.a(_udivmoddi4.o)
                0x0000000008000c18                __udivmoddi4
 .text          0x0000000008000ee4        0x4 d:/program files (x86)/stm32/stm32cubeide_1.1.0/stm32cubeide/plugins/com.st.stm32cube.ide.mcu.externaltools.gnu-tools-for-stm32.7-2018-q2-update.win32_1.0.0.201904181610/tools/bin/../lib/gcc/arm-none-eabi/7.3.1/thumb/v7e-m/fpv4-sp/hard\libgcc.a(_dvmd_tls.o)
                0x0000000008000ee4                __aeabi_idiv0
                0x0000000008000ee4                __aeabi_ldiv0
 *(.text*)
 .text.camera_init
                0x0000000008000ee8       0x20 Core/Src/camera.o
                0x0000000008000ee8                camera_init
 .text.camera_config
                0x0000000008000f08       0x44 Core/Src/camera.o
                0x0000000008000f08                camera_config
 .text.camera_startCap
                0x0000000008000f4c       0x4c Core/Src/camera.o
                0x0000000008000f4c                camera_startCap
 .text.camera_stopCap
                0x0000000008000f98        0xe Core/Src/camera.o
                0x0000000008000f98                camera_stopCap
 .text.SELECT   0x0000000008000fa6        0xe Core/Src/diskio.o
 .text.DESELECT
                0x0000000008000fb4        0xe Core/Src/diskio.o
 *fill*         0x0000000008000fc2        0x2 
 .text.xmit_spi
                0x0000000008000fc4       0x34 Core/Src/diskio.o
 .text.rcvr_spi
                0x0000000008000ff8       0x3c Core/Src/diskio.o
 .text.rcvr_spi_m
                0x0000000008001034       0x1c Core/Src/diskio.o
 .text.wait_ready
                0x0000000008001050       0x38 Core/Src/diskio.o
 .text.power_on
                0x0000000008001088       0x9c Core/Src/diskio.o
 .text.power_off
                0x0000000008001124       0x18 Core/Src/diskio.o
 .text.chk_power
                0x000000000800113c       0x18 Core/Src/diskio.o
 .text.rcvr_datablock
                0x0000000008001154       0x6c Core/Src/diskio.o
 .text.xmit_datablock
                0x00000000080011c0       0xa8 Core/Src/diskio.o
 .text.send_cmd
                0x0000000008001268       0xa4 Core/Src/diskio.o
 .text.disk_initialize
                0x000000000800130c      0x1d4 Core/Src/diskio.o
                0x000000000800130c                disk_initialize
 .text.disk_status
                0x00000000080014e0       0x2c Core/Src/diskio.o
                0x00000000080014e0                disk_status
 .text.disk_read
                0x000000000800150c       0xd4 Core/Src/diskio.o
                0x000000000800150c                disk_read
 .text.disk_write
                0x00000000080015e0      0x108 Core/Src/diskio.o
                0x00000000080015e0                disk_write
 .text.disk_ioctl
                0x00000000080016e8      0x300 Core/Src/diskio.o
                0x00000000080016e8                disk_ioctl
 .text.disk_timerproc
                0x00000000080019e8       0x4c Core/Src/diskio.o
                0x00000000080019e8                disk_timerproc
 .text.sdcard_systick_timerproc
                0x0000000008001a34       0x30 Core/Src/diskio.o
                0x0000000008001a34                sdcard_systick_timerproc
 .text.get_fattime
                0x0000000008001a64       0x14 Core/Src/diskio.o
                0x0000000008001a64                get_fattime
 .text.DWT_Init
                0x0000000008001a78       0x40 Core/Src/dwt_delay.o
                0x0000000008001a78                DWT_Init
 .text.DWT_Delay
                0x0000000008001ab8       0x4c Core/Src/dwt_delay.o
                0x0000000008001ab8                DWT_Delay
 .text.ld_word  0x0000000008001b04       0x30 Core/Src/ff.o
 .text.ld_dword
                0x0000000008001b34       0x46 Core/Src/ff.o
 .text.st_word  0x0000000008001b7a       0x36 Core/Src/ff.o
 .text.st_dword
                0x0000000008001bb0       0x58 Core/Src/ff.o
 .text.mem_cpy  0x0000000008001c08       0x42 Core/Src/ff.o
 .text.mem_set  0x0000000008001c4a       0x34 Core/Src/ff.o
 .text.mem_cmp  0x0000000008001c7e       0x4e Core/Src/ff.o
 .text.chk_chr  0x0000000008001ccc       0x36 Core/Src/ff.o
 .text.dbc_1st  0x0000000008001d02       0x40 Core/Src/ff.o
 .text.dbc_2nd  0x0000000008001d42       0x54 Core/Src/ff.o
 .text.sync_window
                0x0000000008001d96       0x78 Core/Src/ff.o
 .text.move_window
                0x0000000008001e0e       0x5a Core/Src/ff.o
 .text.sync_fs  0x0000000008001e68       0xdc Core/Src/ff.o
 .text.clst2sect
                0x0000000008001f44       0x3e Core/Src/ff.o
 .text.get_fat  0x0000000008001f82      0x14a Core/Src/ff.o
 .text.put_fat  0x00000000080020cc      0x1ce Core/Src/ff.o
 .text.remove_chain
                0x000000000800229a       0xca Core/Src/ff.o
 .text.create_chain
                0x0000000008002364      0x1a2 Core/Src/ff.o
 .text.dir_clear
                0x0000000008002506       0x90 Core/Src/ff.o
 .text.dir_sdi  0x0000000008002596       0xf6 Core/Src/ff.o
 .text.dir_next
                0x000000000800268c      0x12c Core/Src/ff.o
 .text.dir_alloc
                0x00000000080027b8       0x8e Core/Src/ff.o
 .text.ld_clust
                0x0000000008002846       0x3e Core/Src/ff.o
 .text.st_clust
                0x0000000008002884       0x40 Core/Src/ff.o
 .text.dir_find
                0x00000000080028c4       0xaa Core/Src/ff.o
 .text.dir_register
                0x000000000800296e       0x64 Core/Src/ff.o
 *fill*         0x00000000080029d2        0x2 
 .text.create_name
                0x00000000080029d4      0x184 Core/Src/ff.o
 .text.follow_path
                0x0000000008002b58       0xde Core/Src/ff.o
 .text.get_ldnumber
                0x0000000008002c36       0x8a Core/Src/ff.o
 .text.check_fs
                0x0000000008002cc0       0xac Core/Src/ff.o
 .text.find_volume
                0x0000000008002d6c      0x4b0 Core/Src/ff.o
 .text.validate
                0x000000000800321c       0x6a Core/Src/ff.o
 *fill*         0x0000000008003286        0x2 
 .text.f_mount  0x0000000008003288       0x80 Core/Src/ff.o
                0x0000000008003288                f_mount
 .text.f_open   0x0000000008003308      0x306 Core/Src/ff.o
                0x0000000008003308                f_open
 .text.f_write  0x000000000800360e      0x2d2 Core/Src/ff.o
                0x000000000800360e                f_write
 .text.f_sync   0x00000000080038e0       0xfc Core/Src/ff.o
                0x00000000080038e0                f_sync
 .text.f_close  0x00000000080039dc       0x40 Core/Src/ff.o
                0x00000000080039dc                f_close
 .text.concat   0x0000000008003a1c       0x42 Core/Src/main.o
                0x0000000008003a1c                concat
 *fill*         0x0000000008003a5e        0x2 
 .text.HAL_UART_RxCpltCallback
                0x0000000008003a60       0x70 Core/Src/main.o
                0x0000000008003a60                HAL_UART_RxCpltCallback
 .text.hcsr04_read
                0x0000000008003ad0       0x78 Core/Src/main.o
                0x0000000008003ad0                hcsr04_read
 .text.HAL_TIM_PeriodElapsedCallback
                0x0000000008003b48       0x14 Core/Src/main.o
                0x0000000008003b48                HAL_TIM_PeriodElapsedCallback
 *fill*         0x0000000008003b5c        0x4 
 .text.main     0x0000000008003b60      0x1b4 Core/Src/main.o
                0x0000000008003b60                main
 .text.SystemClock_Config
                0x0000000008003d14       0xe0 Core/Src/main.o
                0x0000000008003d14                SystemClock_Config
 .text.MX_DCMI_Init
                0x0000000008003df4       0x50 Core/Src/main.o
 .text.MX_I2C2_Init
                0x0000000008003e44       0x5c Core/Src/main.o
 .text.MX_SPI1_Init
                0x0000000008003ea0       0x6c Core/Src/main.o
 .text.MX_TIM3_Init
                0x0000000008003f0c       0x9c Core/Src/main.o
 .text.MX_USART2_UART_Init
                0x0000000008003fa8       0x54 Core/Src/main.o
 .text.MX_DMA_Init
                0x0000000008003ffc       0x40 Core/Src/main.o
 .text.MX_GPIO_Init
                0x000000000800403c      0x160 Core/Src/main.o
 .text.Error_Handler
                0x000000000800419c        0xe Core/Src/main.o
                0x000000000800419c                Error_Handler
 *fill*         0x00000000080041aa        0x2 
 .text.ov7670_init
                0x00000000080041ac       0x90 Core/Src/ov7670.o
                0x00000000080041ac                ov7670_init
 .text.ov7670_config
                0x000000000800423c       0x60 Core/Src/ov7670.o
                0x000000000800423c                ov7670_config
 .text.ov7670_startCap
                0x000000000800429c       0x5c Core/Src/ov7670.o
                0x000000000800429c                ov7670_startCap
 .text.ov7670_stopCap
                0x00000000080042f8       0x18 Core/Src/ov7670.o
                0x00000000080042f8                ov7670_stopCap
 .text.HAL_DCMI_FrameEventCallback
                0x0000000008004310       0x64 Core/Src/ov7670.o
                0x0000000008004310                HAL_DCMI_FrameEventCallback
 .text.HAL_DCMI_VsyncEventCallback
                0x0000000008004374       0x14 Core/Src/ov7670.o
                0x0000000008004374                HAL_DCMI_VsyncEventCallback
 .text.ov7670_write
                0x0000000008004388       0x40 Core/Src/ov7670.o
                0x0000000008004388                ov7670_write
 .text.ov7670_read
                0x00000000080043c8       0x4c Core/Src/ov7670.o
                0x00000000080043c8                ov7670_read
 .text.HAL_MspInit
                0x0000000008004414       0x50 Core/Src/stm32f4xx_hal_msp.o
                0x0000000008004414                HAL_MspInit
 .text.HAL_DCMI_MspInit
                0x0000000008004464      0x1cc Core/Src/stm32f4xx_hal_msp.o
                0x0000000008004464                HAL_DCMI_MspInit
 .text.HAL_I2C_MspInit
                0x0000000008004630       0x90 Core/Src/stm32f4xx_hal_msp.o
                0x0000000008004630                HAL_I2C_MspInit
 .text.HAL_SPI_MspInit
                0x00000000080046c0       0x90 Core/Src/stm32f4xx_hal_msp.o
                0x00000000080046c0                HAL_SPI_MspInit
 .text.HAL_TIM_Base_MspInit
                0x0000000008004750       0x50 Core/Src/stm32f4xx_hal_msp.o
                0x0000000008004750                HAL_TIM_Base_MspInit
 .text.HAL_UART_MspInit
                0x00000000080047a0       0xa0 Core/Src/stm32f4xx_hal_msp.o
                0x00000000080047a0                HAL_UART_MspInit
 .text.NMI_Handler
                0x0000000008004840        0xe Core/Src/stm32f4xx_it.o
                0x0000000008004840                NMI_Handler
 .text.HardFault_Handler
                0x000000000800484e        0x6 Core/Src/stm32f4xx_it.o
                0x000000000800484e                HardFault_Handler
 .text.MemManage_Handler
                0x0000000008004854        0x6 Core/Src/stm32f4xx_it.o
                0x0000000008004854                MemManage_Handler
 .text.BusFault_Handler
                0x000000000800485a        0x6 Core/Src/stm32f4xx_it.o
                0x000000000800485a                BusFault_Handler
 .text.UsageFault_Handler
                0x0000000008004860        0x6 Core/Src/stm32f4xx_it.o
                0x0000000008004860                UsageFault_Handler
 .text.SVC_Handler
                0x0000000008004866        0xe Core/Src/stm32f4xx_it.o
                0x0000000008004866                SVC_Handler
 .text.DebugMon_Handler
                0x0000000008004874        0xe Core/Src/stm32f4xx_it.o
                0x0000000008004874                DebugMon_Handler
 .text.PendSV_Handler
                0x0000000008004882        0xe Core/Src/stm32f4xx_it.o
                0x0000000008004882                PendSV_Handler
 .text.SysTick_Handler
                0x0000000008004890       0x10 Core/Src/stm32f4xx_it.o
                0x0000000008004890                SysTick_Handler
 .text.TIM3_IRQHandler
                0x00000000080048a0       0x14 Core/Src/stm32f4xx_it.o
                0x00000000080048a0                TIM3_IRQHandler
 .text.USART2_IRQHandler
                0x00000000080048b4       0x14 Core/Src/stm32f4xx_it.o
                0x00000000080048b4                USART2_IRQHandler
 .text.DMA2_Stream1_IRQHandler
                0x00000000080048c8       0x14 Core/Src/stm32f4xx_it.o
                0x00000000080048c8                DMA2_Stream1_IRQHandler
 .text.DCMI_IRQHandler
                0x00000000080048dc       0x14 Core/Src/stm32f4xx_it.o
                0x00000000080048dc                DCMI_IRQHandler
 .text._read    0x00000000080048f0       0x3a Core/Src/syscalls.o
                0x00000000080048f0                _read
 .text._write   0x000000000800492a       0x38 Core/Src/syscalls.o
                0x000000000800492a                _write
 .text._close   0x0000000008004962       0x18 Core/Src/syscalls.o
                0x0000000008004962                _close
 .text._fstat   0x000000000800497a       0x20 Core/Src/syscalls.o
                0x000000000800497a                _fstat
 .text._isatty  0x000000000800499a       0x16 Core/Src/syscalls.o
                0x000000000800499a                _isatty
 .text._lseek   0x00000000080049b0       0x1a Core/Src/syscalls.o
                0x00000000080049b0                _lseek
 *fill*         0x00000000080049ca        0x2 
 .text._sbrk    0x00000000080049cc       0x58 Core/Src/sysmem.o
                0x00000000080049cc                _sbrk
 .text.SystemInit
                0x0000000008004a24       0x2c Core/Src/system_stm32f4xx.o
                0x0000000008004a24                SystemInit
 .text.Reset_Handler
                0x0000000008004a50       0x50 Core/Startup/startup_stm32f407vgtx.o
                0x0000000008004a50                Reset_Handler
 .text.Default_Handler
                0x0000000008004aa0        0x2 Core/Startup/startup_stm32f407vgtx.o
                0x0000000008004aa0                RTC_Alarm_IRQHandler
                0x0000000008004aa0                HASH_RNG_IRQHandler
                0x0000000008004aa0                EXTI2_IRQHandler
                0x0000000008004aa0                TIM8_CC_IRQHandler
                0x0000000008004aa0                TIM1_CC_IRQHandler
                0x0000000008004aa0                DMA2_Stream5_IRQHandler
                0x0000000008004aa0                DMA1_Stream5_IRQHandler
                0x0000000008004aa0                PVD_IRQHandler
                0x0000000008004aa0                SDIO_IRQHandler
                0x0000000008004aa0                TAMP_STAMP_IRQHandler
                0x0000000008004aa0                CAN2_RX1_IRQHandler
                0x0000000008004aa0                EXTI3_IRQHandler
                0x0000000008004aa0                TIM8_TRG_COM_TIM14_IRQHandler
                0x0000000008004aa0                TIM1_UP_TIM10_IRQHandler
                0x0000000008004aa0                TIM8_UP_TIM13_IRQHandler
                0x0000000008004aa0                I2C3_ER_IRQHandler
                0x0000000008004aa0                EXTI0_IRQHandler
                0x0000000008004aa0                I2C2_EV_IRQHandler
                0x0000000008004aa0                DMA1_Stream2_IRQHandler
                0x0000000008004aa0                CAN1_RX0_IRQHandler
                0x0000000008004aa0                FPU_IRQHandler
                0x0000000008004aa0                OTG_HS_WKUP_IRQHandler
                0x0000000008004aa0                CAN2_SCE_IRQHandler
                0x0000000008004aa0                DMA2_Stream2_IRQHandler
                0x0000000008004aa0                SPI1_IRQHandler
                0x0000000008004aa0                TIM6_DAC_IRQHandler
                0x0000000008004aa0                TIM1_BRK_TIM9_IRQHandler
                0x0000000008004aa0                CAN2_RX0_IRQHandler
                0x0000000008004aa0                DMA2_Stream3_IRQHandler
                0x0000000008004aa0                USART6_IRQHandler
                0x0000000008004aa0                USART3_IRQHandler
                0x0000000008004aa0                CAN1_RX1_IRQHandler
                0x0000000008004aa0                UART5_IRQHandler
                0x0000000008004aa0                DMA2_Stream0_IRQHandler
                0x0000000008004aa0                TIM4_IRQHandler
                0x0000000008004aa0                I2C1_EV_IRQHandler
                0x0000000008004aa0                DMA1_Stream6_IRQHandler
                0x0000000008004aa0                DMA1_Stream1_IRQHandler
                0x0000000008004aa0                UART4_IRQHandler
                0x0000000008004aa0                RCC_IRQHandler
                0x0000000008004aa0                TIM8_BRK_TIM12_IRQHandler
                0x0000000008004aa0                Default_Handler
                0x0000000008004aa0                EXTI15_10_IRQHandler
                0x0000000008004aa0                ADC_IRQHandler
                0x0000000008004aa0                DMA1_Stream7_IRQHandler
                0x0000000008004aa0                TIM7_IRQHandler
                0x0000000008004aa0                CAN2_TX_IRQHandler
                0x0000000008004aa0                TIM5_IRQHandler
                0x0000000008004aa0                DMA2_Stream7_IRQHandler
                0x0000000008004aa0                I2C3_EV_IRQHandler
                0x0000000008004aa0                EXTI9_5_IRQHandler
                0x0000000008004aa0                RTC_WKUP_IRQHandler
                0x0000000008004aa0                ETH_WKUP_IRQHandler
                0x0000000008004aa0                SPI2_IRQHandler
                0x0000000008004aa0                OTG_HS_EP1_IN_IRQHandler
                0x0000000008004aa0                DMA1_Stream0_IRQHandler
                0x0000000008004aa0                CAN1_TX_IRQHandler
                0x0000000008004aa0                EXTI4_IRQHandler
                0x0000000008004aa0                FSMC_IRQHandler
                0x0000000008004aa0                ETH_IRQHandler
                0x0000000008004aa0                OTG_HS_EP1_OUT_IRQHandler
                0x0000000008004aa0                WWDG_IRQHandler
                0x0000000008004aa0                TIM2_IRQHandler
                0x0000000008004aa0                OTG_FS_WKUP_IRQHandler
                0x0000000008004aa0                TIM1_TRG_COM_TIM11_IRQHandler
                0x0000000008004aa0                OTG_HS_IRQHandler
                0x0000000008004aa0                EXTI1_IRQHandler
                0x0000000008004aa0                I2C2_ER_IRQHandler
                0x0000000008004aa0                CAN1_SCE_IRQHandler
                0x0000000008004aa0                FLASH_IRQHandler
                0x0000000008004aa0                DMA2_Stream4_IRQHandler
                0x0000000008004aa0                USART1_IRQHandler
                0x0000000008004aa0                OTG_FS_IRQHandler
                0x0000000008004aa0                SPI3_IRQHandler
                0x0000000008004aa0                DMA1_Stream4_IRQHandler
                0x0000000008004aa0                I2C1_ER_IRQHandler
                0x0000000008004aa0                DMA2_Stream6_IRQHandler
                0x0000000008004aa0                DMA1_Stream3_IRQHandler
 *fill*         0x0000000008004aa2        0x2 
 .text.HAL_Init
                0x0000000008004aa4       0x44 Drivers/STM32F4xx_HAL_Driver/Src/stm32f4xx_hal.o
                0x0000000008004aa4                HAL_Init
 .text.HAL_InitTick
                0x0000000008004ae8       0x60 Drivers/STM32F4xx_HAL_Driver/Src/stm32f4xx_hal.o
                0x0000000008004ae8                HAL_InitTick
 .text.HAL_IncTick
                0x0000000008004b48       0x28 Drivers/STM32F4xx_HAL_Driver/Src/stm32f4xx_hal.o
                0x0000000008004b48                HAL_IncTick
 .text.HAL_GetTick
                0x0000000008004b70       0x18 Drivers/STM32F4xx_HAL_Driver/Src/stm32f4xx_hal.o
                0x0000000008004b70                HAL_GetTick
 .text.HAL_Delay
                0x0000000008004b88       0x44 Drivers/STM32F4xx_HAL_Driver/Src/stm32f4xx_hal.o
                0x0000000008004b88                HAL_Delay
 .text.__NVIC_SetPriorityGrouping
                0x0000000008004bcc       0x48 Drivers/STM32F4xx_HAL_Driver/Src/stm32f4xx_hal_cortex.o
 .text.__NVIC_GetPriorityGrouping
                0x0000000008004c14       0x1c Drivers/STM32F4xx_HAL_Driver/Src/stm32f4xx_hal_cortex.o
 .text.__NVIC_EnableIRQ
                0x0000000008004c30       0x3c Drivers/STM32F4xx_HAL_Driver/Src/stm32f4xx_hal_cortex.o
 .text.__NVIC_SetPriority
                0x0000000008004c6c       0x54 Drivers/STM32F4xx_HAL_Driver/Src/stm32f4xx_hal_cortex.o
 .text.NVIC_EncodePriority
                0x0000000008004cc0       0x66 Drivers/STM32F4xx_HAL_Driver/Src/stm32f4xx_hal_cortex.o
 *fill*         0x0000000008004d26        0x2 
 .text.SysTick_Config
                0x0000000008004d28       0x44 Drivers/STM32F4xx_HAL_Driver/Src/stm32f4xx_hal_cortex.o
 .text.HAL_NVIC_SetPriorityGrouping
                0x0000000008004d6c       0x16 Drivers/STM32F4xx_HAL_Driver/Src/stm32f4xx_hal_cortex.o
                0x0000000008004d6c                HAL_NVIC_SetPriorityGrouping
 .text.HAL_NVIC_SetPriority
                0x0000000008004d82       0x38 Drivers/STM32F4xx_HAL_Driver/Src/stm32f4xx_hal_cortex.o
                0x0000000008004d82                HAL_NVIC_SetPriority
 .text.HAL_NVIC_EnableIRQ
                0x0000000008004dba       0x1c Drivers/STM32F4xx_HAL_Driver/Src/stm32f4xx_hal_cortex.o
                0x0000000008004dba                HAL_NVIC_EnableIRQ
 .text.HAL_SYSTICK_Config
                0x0000000008004dd6       0x18 Drivers/STM32F4xx_HAL_Driver/Src/stm32f4xx_hal_cortex.o
                0x0000000008004dd6                HAL_SYSTICK_Config
 *fill*         0x0000000008004dee        0x2 
 .text.HAL_DCMI_Start_DMA
                0x0000000008004df0      0x140 Drivers/STM32F4xx_HAL_Driver/Src/stm32f4xx_hal_dcmi.o
                0x0000000008004df0                HAL_DCMI_Start_DMA
 .text.HAL_DCMI_Stop
                0x0000000008004f30       0xb8 Drivers/STM32F4xx_HAL_Driver/Src/stm32f4xx_hal_dcmi.o
                0x0000000008004f30                HAL_DCMI_Stop
 .text.HAL_DCMI_IRQHandler
                0x0000000008004fe8       0xfc Drivers/STM32F4xx_HAL_Driver/Src/stm32f4xx_hal_dcmi.o
                0x0000000008004fe8                HAL_DCMI_IRQHandler
 .text.HAL_DCMI_ErrorCallback
                0x00000000080050e4       0x14 Drivers/STM32F4xx_HAL_Driver/Src/stm32f4xx_hal_dcmi.o
                0x00000000080050e4                HAL_DCMI_ErrorCallback
 .text.HAL_DCMI_LineEventCallback
                0x00000000080050f8       0x14 Drivers/STM32F4xx_HAL_Driver/Src/stm32f4xx_hal_dcmi.o
                0x00000000080050f8                HAL_DCMI_LineEventCallback
 .text.DCMI_DMAXferCplt
                0x000000000800510c      0x12a Drivers/STM32F4xx_HAL_Driver/Src/stm32f4xx_hal_dcmi.o
 .text.DCMI_DMAError
                0x0000000008005236       0x2e Drivers/STM32F4xx_HAL_Driver/Src/stm32f4xx_hal_dcmi.o
 .text.HAL_DCMI_Init
                0x0000000008005264       0xcc Drivers/STM32F4xx_HAL_Driver/Src/stm32f4xx_hal_dcmi_ex.o
                0x0000000008005264                HAL_DCMI_Init
 .text.HAL_DMA_Init
                0x0000000008005330      0x15c Drivers/STM32F4xx_HAL_Driver/Src/stm32f4xx_hal_dma.o
                0x0000000008005330                HAL_DMA_Init
 .text.HAL_DMA_Start_IT
                0x000000000800548c       0xb0 Drivers/STM32F4xx_HAL_Driver/Src/stm32f4xx_hal_dma.o
                0x000000000800548c                HAL_DMA_Start_IT
 .text.HAL_DMA_Abort
                0x000000000800553c       0xe0 Drivers/STM32F4xx_HAL_Driver/Src/stm32f4xx_hal_dma.o
                0x000000000800553c                HAL_DMA_Abort
 .text.HAL_DMA_Abort_IT
                0x000000000800561c       0x44 Drivers/STM32F4xx_HAL_Driver/Src/stm32f4xx_hal_dma.o
                0x000000000800561c                HAL_DMA_Abort_IT
 .text.HAL_DMA_IRQHandler
                0x0000000008005660      0x314 Drivers/STM32F4xx_HAL_Driver/Src/stm32f4xx_hal_dma.o
                0x0000000008005660                HAL_DMA_IRQHandler
 .text.DMA_SetConfig
                0x0000000008005974       0x5c Drivers/STM32F4xx_HAL_Driver/Src/stm32f4xx_hal_dma.o
 .text.DMA_CalcBaseAndBitshift
                0x00000000080059d0       0x6c Drivers/STM32F4xx_HAL_Driver/Src/stm32f4xx_hal_dma.o
 .text.DMA_CheckFifoParam
                0x0000000008005a3c       0xf4 Drivers/STM32F4xx_HAL_Driver/Src/stm32f4xx_hal_dma.o
 .text.HAL_DMAEx_MultiBufferStart_IT
                0x0000000008005b30     0x1290 Drivers/STM32F4xx_HAL_Driver/Src/stm32f4xx_hal_dma_ex.o
                0x0000000008005b30                HAL_DMAEx_MultiBufferStart_IT
 .text.HAL_DMAEx_ChangeMemory
                0x0000000008006dc0       0x34 Drivers/STM32F4xx_HAL_Driver/Src/stm32f4xx_hal_dma_ex.o
                0x0000000008006dc0                HAL_DMAEx_ChangeMemory
 .text.DMA_MultiBufferSetConfig
                0x0000000008006df4       0x4c Drivers/STM32F4xx_HAL_Driver/Src/stm32f4xx_hal_dma_ex.o
 .text.HAL_GPIO_Init
                0x0000000008006e40      0x334 Drivers/STM32F4xx_HAL_Driver/Src/stm32f4xx_hal_gpio.o
                0x0000000008006e40                HAL_GPIO_Init
 .text.HAL_GPIO_ReadPin
                0x0000000008007174       0x30 Drivers/STM32F4xx_HAL_Driver/Src/stm32f4xx_hal_gpio.o
                0x0000000008007174                HAL_GPIO_ReadPin
 .text.HAL_GPIO_WritePin
                0x00000000080071a4       0x32 Drivers/STM32F4xx_HAL_Driver/Src/stm32f4xx_hal_gpio.o
                0x00000000080071a4                HAL_GPIO_WritePin
 *fill*         0x00000000080071d6        0x2 
 .text.HAL_I2C_Init
                0x00000000080071d8      0x270 Drivers/STM32F4xx_HAL_Driver/Src/stm32f4xx_hal_i2c.o
                0x00000000080071d8                HAL_I2C_Init
 .text.HAL_I2C_Master_Transmit
                0x0000000008007448      0x1fc Drivers/STM32F4xx_HAL_Driver/Src/stm32f4xx_hal_i2c.o
                0x0000000008007448                HAL_I2C_Master_Transmit
 .text.HAL_I2C_Master_Receive
                0x0000000008007644      0x44c Drivers/STM32F4xx_HAL_Driver/Src/stm32f4xx_hal_i2c.o
                0x0000000008007644                HAL_I2C_Master_Receive
 .text.HAL_I2C_Mem_Write
                0x0000000008007a90      0x1f4 Drivers/STM32F4xx_HAL_Driver/Src/stm32f4xx_hal_i2c.o
                0x0000000008007a90                HAL_I2C_Mem_Write
 .text.I2C_MasterRequestWrite
                0x0000000008007c84      0x104 Drivers/STM32F4xx_HAL_Driver/Src/stm32f4xx_hal_i2c.o
 .text.I2C_MasterRequestRead
                0x0000000008007d88      0x198 Drivers/STM32F4xx_HAL_Driver/Src/stm32f4xx_hal_i2c.o
 .text.I2C_RequestMemoryWrite
                0x0000000008007f20      0x128 Drivers/STM32F4xx_HAL_Driver/Src/stm32f4xx_hal_i2c.o
 .text.I2C_WaitOnFlagUntilTimeout
                0x0000000008008048       0xae Drivers/STM32F4xx_HAL_Driver/Src/stm32f4xx_hal_i2c.o
 .text.I2C_WaitOnMasterAddressFlagUntilTimeout
                0x00000000080080f6       0xfe Drivers/STM32F4xx_HAL_Driver/Src/stm32f4xx_hal_i2c.o
 .text.I2C_WaitOnTXEFlagUntilTimeout
                0x00000000080081f4       0x82 Drivers/STM32F4xx_HAL_Driver/Src/stm32f4xx_hal_i2c.o
 .text.I2C_WaitOnBTFFlagUntilTimeout
                0x0000000008008276       0x82 Drivers/STM32F4xx_HAL_Driver/Src/stm32f4xx_hal_i2c.o
 .text.I2C_WaitOnRXNEFlagUntilTimeout
                0x00000000080082f8       0xac Drivers/STM32F4xx_HAL_Driver/Src/stm32f4xx_hal_i2c.o
 .text.I2C_IsAcknowledgeFailed
                0x00000000080083a4       0x5e Drivers/STM32F4xx_HAL_Driver/Src/stm32f4xx_hal_i2c.o
 *fill*         0x0000000008008402        0x2 
 .text.HAL_RCC_OscConfig
                0x0000000008008404      0x4e0 Drivers/STM32F4xx_HAL_Driver/Src/stm32f4xx_hal_rcc.o
                0x0000000008008404                HAL_RCC_OscConfig
 .text.HAL_RCC_ClockConfig
                0x00000000080088e4      0x1cc Drivers/STM32F4xx_HAL_Driver/Src/stm32f4xx_hal_rcc.o
                0x00000000080088e4                HAL_RCC_ClockConfig
 .text.HAL_RCC_MCOConfig
                0x0000000008008ab0       0xd0 Drivers/STM32F4xx_HAL_Driver/Src/stm32f4xx_hal_rcc.o
                0x0000000008008ab0                HAL_RCC_MCOConfig
 .text.HAL_RCC_GetSysClockFreq
                0x0000000008008b80      0x1b0 Drivers/STM32F4xx_HAL_Driver/Src/stm32f4xx_hal_rcc.o
                0x0000000008008b80                HAL_RCC_GetSysClockFreq
 .text.HAL_RCC_GetHCLKFreq
                0x0000000008008d30       0x18 Drivers/STM32F4xx_HAL_Driver/Src/stm32f4xx_hal_rcc.o
                0x0000000008008d30                HAL_RCC_GetHCLKFreq
 .text.HAL_RCC_GetPCLK1Freq
                0x0000000008008d48       0x28 Drivers/STM32F4xx_HAL_Driver/Src/stm32f4xx_hal_rcc.o
                0x0000000008008d48                HAL_RCC_GetPCLK1Freq
 .text.HAL_RCC_GetPCLK2Freq
                0x0000000008008d70       0x28 Drivers/STM32F4xx_HAL_Driver/Src/stm32f4xx_hal_rcc.o
                0x0000000008008d70                HAL_RCC_GetPCLK2Freq
 .text.HAL_SPI_Init
                0x0000000008008d98       0xc8 Drivers/STM32F4xx_HAL_Driver/Src/stm32f4xx_hal_spi.o
                0x0000000008008d98                HAL_SPI_Init
 .text.HAL_SPI_Transmit
                0x0000000008008e60      0x268 Drivers/STM32F4xx_HAL_Driver/Src/stm32f4xx_hal_spi.o
                0x0000000008008e60                HAL_SPI_Transmit
 .text.HAL_SPI_TransmitReceive
                0x00000000080090c8      0x344 Drivers/STM32F4xx_HAL_Driver/Src/stm32f4xx_hal_spi.o
                0x00000000080090c8                HAL_SPI_TransmitReceive
 .text.HAL_SPI_GetState
                0x000000000800940c       0x1c Drivers/STM32F4xx_HAL_Driver/Src/stm32f4xx_hal_spi.o
                0x000000000800940c                HAL_SPI_GetState
 .text.SPI_WaitFlagStateUntilTimeout
                0x0000000008009428       0xd4 Drivers/STM32F4xx_HAL_Driver/Src/stm32f4xx_hal_spi.o
 .text.SPI_EndRxTxTransaction
                0x00000000080094fc       0x84 Drivers/STM32F4xx_HAL_Driver/Src/stm32f4xx_hal_spi.o
 .text.HAL_TIM_Base_Init
                0x0000000008009580       0x56 Drivers/STM32F4xx_HAL_Driver/Src/stm32f4xx_hal_tim.o
                0x0000000008009580                HAL_TIM_Base_Init
 .text.HAL_TIM_Base_Start_IT
                0x00000000080095d6       0x48 Drivers/STM32F4xx_HAL_Driver/Src/stm32f4xx_hal_tim.o
                0x00000000080095d6                HAL_TIM_Base_Start_IT
 .text.HAL_TIM_IRQHandler
                0x000000000800961e      0x210 Drivers/STM32F4xx_HAL_Driver/Src/stm32f4xx_hal_tim.o
                0x000000000800961e                HAL_TIM_IRQHandler
 .text.HAL_TIM_ConfigClockSource
                0x000000000800982e      0x16e Drivers/STM32F4xx_HAL_Driver/Src/stm32f4xx_hal_tim.o
                0x000000000800982e                HAL_TIM_ConfigClockSource
 .text.HAL_TIM_OC_DelayElapsedCallback
                0x000000000800999c       0x14 Drivers/STM32F4xx_HAL_Driver/Src/stm32f4xx_hal_tim.o
                0x000000000800999c                HAL_TIM_OC_DelayElapsedCallback
 .text.HAL_TIM_IC_CaptureCallback
                0x00000000080099b0       0x14 Drivers/STM32F4xx_HAL_Driver/Src/stm32f4xx_hal_tim.o
                0x00000000080099b0                HAL_TIM_IC_CaptureCallback
 .text.HAL_TIM_PWM_PulseFinishedCallback
                0x00000000080099c4       0x14 Drivers/STM32F4xx_HAL_Driver/Src/stm32f4xx_hal_tim.o
                0x00000000080099c4                HAL_TIM_PWM_PulseFinishedCallback
 .text.HAL_TIM_TriggerCallback
                0x00000000080099d8       0x14 Drivers/STM32F4xx_HAL_Driver/Src/stm32f4xx_hal_tim.o
                0x00000000080099d8                HAL_TIM_TriggerCallback
 .text.TIM_Base_SetConfig
                0x00000000080099ec      0x140 Drivers/STM32F4xx_HAL_Driver/Src/stm32f4xx_hal_tim.o
                0x00000000080099ec                TIM_Base_SetConfig
 .text.TIM_TI1_ConfigInputStage
                0x0000000008009b2c       0x5e Drivers/STM32F4xx_HAL_Driver/Src/stm32f4xx_hal_tim.o
 .text.TIM_TI2_ConfigInputStage
                0x0000000008009b8a       0x60 Drivers/STM32F4xx_HAL_Driver/Src/stm32f4xx_hal_tim.o
 .text.TIM_ITRx_SetConfig
                0x0000000008009bea       0x36 Drivers/STM32F4xx_HAL_Driver/Src/stm32f4xx_hal_tim.o
 .text.TIM_ETR_SetConfig
                0x0000000008009c20       0x40 Drivers/STM32F4xx_HAL_Driver/Src/stm32f4xx_hal_tim.o
                0x0000000008009c20                TIM_ETR_SetConfig
 .text.HAL_TIMEx_MasterConfigSynchronization
                0x0000000008009c60       0xf8 Drivers/STM32F4xx_HAL_Driver/Src/stm32f4xx_hal_tim_ex.o
                0x0000000008009c60                HAL_TIMEx_MasterConfigSynchronization
 .text.HAL_TIMEx_CommutCallback
                0x0000000008009d58       0x14 Drivers/STM32F4xx_HAL_Driver/Src/stm32f4xx_hal_tim_ex.o
                0x0000000008009d58                HAL_TIMEx_CommutCallback
 .text.HAL_TIMEx_BreakCallback
                0x0000000008009d6c       0x14 Drivers/STM32F4xx_HAL_Driver/Src/stm32f4xx_hal_tim_ex.o
                0x0000000008009d6c                HAL_TIMEx_BreakCallback
 .text.HAL_UART_Init
                0x0000000008009d80       0x9a Drivers/STM32F4xx_HAL_Driver/Src/stm32f4xx_hal_uart.o
                0x0000000008009d80                HAL_UART_Init
 .text.HAL_UART_Transmit_IT
                0x0000000008009e1a       0x8a Drivers/STM32F4xx_HAL_Driver/Src/stm32f4xx_hal_uart.o
                0x0000000008009e1a                HAL_UART_Transmit_IT
 .text.HAL_UART_Receive_IT
                0x0000000008009ea4       0xaa Drivers/STM32F4xx_HAL_Driver/Src/stm32f4xx_hal_uart.o
                0x0000000008009ea4                HAL_UART_Receive_IT
 *fill*         0x0000000008009f4e        0x2 
 .text.HAL_UART_IRQHandler
                0x0000000008009f50      0x200 Drivers/STM32F4xx_HAL_Driver/Src/stm32f4xx_hal_uart.o
                0x0000000008009f50                HAL_UART_IRQHandler
 .text.HAL_UART_TxCpltCallback
                0x000000000800a150       0x14 Drivers/STM32F4xx_HAL_Driver/Src/stm32f4xx_hal_uart.o
                0x000000000800a150                HAL_UART_TxCpltCallback
 .text.HAL_UART_ErrorCallback
                0x000000000800a164       0x14 Drivers/STM32F4xx_HAL_Driver/Src/stm32f4xx_hal_uart.o
                0x000000000800a164                HAL_UART_ErrorCallback
 .text.UART_EndRxTransfer
                0x000000000800a178       0x3c Drivers/STM32F4xx_HAL_Driver/Src/stm32f4xx_hal_uart.o
 .text.UART_DMAAbortOnError
                0x000000000800a1b4       0x28 Drivers/STM32F4xx_HAL_Driver/Src/stm32f4xx_hal_uart.o
 .text.UART_Transmit_IT
                0x000000000800a1dc       0xac Drivers/STM32F4xx_HAL_Driver/Src/stm32f4xx_hal_uart.o
 .text.UART_EndTransmit_IT
                0x000000000800a288       0x30 Drivers/STM32F4xx_HAL_Driver/Src/stm32f4xx_hal_uart.o
 .text.UART_Receive_IT
                0x000000000800a2b8      0x102 Drivers/STM32F4xx_HAL_Driver/Src/stm32f4xx_hal_uart.o
 *fill*         0x000000000800a3ba        0x2 
 .text.UART_SetConfig
                0x000000000800a3bc      0x6f8 Drivers/STM32F4xx_HAL_Driver/Src/stm32f4xx_hal_uart.o
 .text.__errno  0x000000000800aab4        0xc d:/program files (x86)/stm32/stm32cubeide_1.1.0/stm32cubeide/plugins/com.st.stm32cube.ide.mcu.externaltools.gnu-tools-for-stm32.7-2018-q2-update.win32_1.0.0.201904181610/tools/bin/../lib/gcc/arm-none-eabi/7.3.1/../../../../arm-none-eabi/lib/thumb/v7e-m/fpv4-sp/hard\libc_nano.a(lib_a-errno.o)
                0x000000000800aab4                __errno
 .text.__libc_init_array
                0x000000000800aac0       0x48 d:/program files (x86)/stm32/stm32cubeide_1.1.0/stm32cubeide/plugins/com.st.stm32cube.ide.mcu.externaltools.gnu-tools-for-stm32.7-2018-q2-update.win32_1.0.0.201904181610/tools/bin/../lib/gcc/arm-none-eabi/7.3.1/../../../../arm-none-eabi/lib/thumb/v7e-m/fpv4-sp/hard\libc_nano.a(lib_a-init.o)
                0x000000000800aac0                __libc_init_array
 .text.malloc   0x000000000800ab08       0x10 d:/program files (x86)/stm32/stm32cubeide_1.1.0/stm32cubeide/plugins/com.st.stm32cube.ide.mcu.externaltools.gnu-tools-for-stm32.7-2018-q2-update.win32_1.0.0.201904181610/tools/bin/../lib/gcc/arm-none-eabi/7.3.1/../../../../arm-none-eabi/lib/thumb/v7e-m/fpv4-sp/hard\libc_nano.a(lib_a-malloc.o)
                0x000000000800ab08                malloc
 .text.memset   0x000000000800ab18       0x10 d:/program files (x86)/stm32/stm32cubeide_1.1.0/stm32cubeide/plugins/com.st.stm32cube.ide.mcu.externaltools.gnu-tools-for-stm32.7-2018-q2-update.win32_1.0.0.201904181610/tools/bin/../lib/gcc/arm-none-eabi/7.3.1/../../../../arm-none-eabi/lib/thumb/v7e-m/fpv4-sp/hard\libc_nano.a(lib_a-memset.o)
                0x000000000800ab18                memset
 .text._free_r  0x000000000800ab28       0x9c d:/program files (x86)/stm32/stm32cubeide_1.1.0/stm32cubeide/plugins/com.st.stm32cube.ide.mcu.externaltools.gnu-tools-for-stm32.7-2018-q2-update.win32_1.0.0.201904181610/tools/bin/../lib/gcc/arm-none-eabi/7.3.1/../../../../arm-none-eabi/lib/thumb/v7e-m/fpv4-sp/hard\libc_nano.a(lib_a-nano-freer.o)
                0x000000000800ab28                _free_r
 .text._malloc_r
                0x000000000800abc4       0xb4 d:/program files (x86)/stm32/stm32cubeide_1.1.0/stm32cubeide/plugins/com.st.stm32cube.ide.mcu.externaltools.gnu-tools-for-stm32.7-2018-q2-update.win32_1.0.0.201904181610/tools/bin/../lib/gcc/arm-none-eabi/7.3.1/../../../../arm-none-eabi/lib/thumb/v7e-m/fpv4-sp/hard\libc_nano.a(lib_a-nano-mallocr.o)
                0x000000000800abc4                _malloc_r
 .text.__cvt    0x000000000800ac78       0xc2 d:/program files (x86)/stm32/stm32cubeide_1.1.0/stm32cubeide/plugins/com.st.stm32cube.ide.mcu.externaltools.gnu-tools-for-stm32.7-2018-q2-update.win32_1.0.0.201904181610/tools/bin/../lib/gcc/arm-none-eabi/7.3.1/../../../../arm-none-eabi/lib/thumb/v7e-m/fpv4-sp/hard\libc_nano.a(lib_a-nano-vfprintf_float.o)
                0x000000000800ac78                __cvt
 .text.__exponent
                0x000000000800ad3a       0x66 d:/program files (x86)/stm32/stm32cubeide_1.1.0/stm32cubeide/plugins/com.st.stm32cube.ide.mcu.externaltools.gnu-tools-for-stm32.7-2018-q2-update.win32_1.0.0.201904181610/tools/bin/../lib/gcc/arm-none-eabi/7.3.1/../../../../arm-none-eabi/lib/thumb/v7e-m/fpv4-sp/hard\libc_nano.a(lib_a-nano-vfprintf_float.o)
                0x000000000800ad3a                __exponent
 .text._printf_float
                0x000000000800ada0      0x480 d:/program files (x86)/stm32/stm32cubeide_1.1.0/stm32cubeide/plugins/com.st.stm32cube.ide.mcu.externaltools.gnu-tools-for-stm32.7-2018-q2-update.win32_1.0.0.201904181610/tools/bin/../lib/gcc/arm-none-eabi/7.3.1/../../../../arm-none-eabi/lib/thumb/v7e-m/fpv4-sp/hard\libc_nano.a(lib_a-nano-vfprintf_float.o)
                0x000000000800ada0                _printf_float
 .text._printf_common
                0x000000000800b220       0xea d:/program files (x86)/stm32/stm32cubeide_1.1.0/stm32cubeide/plugins/com.st.stm32cube.ide.mcu.externaltools.gnu-tools-for-stm32.7-2018-q2-update.win32_1.0.0.201904181610/tools/bin/../lib/gcc/arm-none-eabi/7.3.1/../../../../arm-none-eabi/lib/thumb/v7e-m/fpv4-sp/hard\libc_nano.a(lib_a-nano-vfprintf_i.o)
                0x000000000800b220                _printf_common
 *fill*         0x000000000800b30a        0x2 
 .text._printf_i
                0x000000000800b30c      0x224 d:/program files (x86)/stm32/stm32cubeide_1.1.0/stm32cubeide/plugins/com.st.stm32cube.ide.mcu.externaltools.gnu-tools-for-stm32.7-2018-q2-update.win32_1.0.0.201904181610/tools/bin/../lib/gcc/arm-none-eabi/7.3.1/../../../../arm-none-eabi/lib/thumb/v7e-m/fpv4-sp/hard\libc_nano.a(lib_a-nano-vfprintf_i.o)
                0x000000000800b30c                _printf_i
 .text.printf   0x000000000800b530       0x30 d:/program files (x86)/stm32/stm32cubeide_1.1.0/stm32cubeide/plugins/com.st.stm32cube.ide.mcu.externaltools.gnu-tools-for-stm32.7-2018-q2-update.win32_1.0.0.201904181610/tools/bin/../lib/gcc/arm-none-eabi/7.3.1/../../../../arm-none-eabi/lib/thumb/v7e-m/fpv4-sp/hard\libc_nano.a(lib_a-printf.o)
                0x000000000800b530                iprintf
                0x000000000800b530                printf
 .text._sbrk_r  0x000000000800b560       0x20 d:/program files (x86)/stm32/stm32cubeide_1.1.0/stm32cubeide/plugins/com.st.stm32cube.ide.mcu.externaltools.gnu-tools-for-stm32.7-2018-q2-update.win32_1.0.0.201904181610/tools/bin/../lib/gcc/arm-none-eabi/7.3.1/../../../../arm-none-eabi/lib/thumb/v7e-m/fpv4-sp/hard\libc_nano.a(lib_a-sbrkr.o)
                0x000000000800b560                _sbrk_r
 .text.sprintf  0x000000000800b580       0x40 d:/program files (x86)/stm32/stm32cubeide_1.1.0/stm32cubeide/plugins/com.st.stm32cube.ide.mcu.externaltools.gnu-tools-for-stm32.7-2018-q2-update.win32_1.0.0.201904181610/tools/bin/../lib/gcc/arm-none-eabi/7.3.1/../../../../arm-none-eabi/lib/thumb/v7e-m/fpv4-sp/hard\libc_nano.a(lib_a-sprintf.o)
                0x000000000800b580                siprintf
                0x000000000800b580                sprintf
 .text.strcat   0x000000000800b5c0       0x1e d:/program files (x86)/stm32/stm32cubeide_1.1.0/stm32cubeide/plugins/com.st.stm32cube.ide.mcu.externaltools.gnu-tools-for-stm32.7-2018-q2-update.win32_1.0.0.201904181610/tools/bin/../lib/gcc/arm-none-eabi/7.3.1/../../../../arm-none-eabi/lib/thumb/v7e-m/fpv4-sp/hard\libc_nano.a(lib_a-strcat.o)
                0x000000000800b5c0                strcat
 .text.strcpy   0x000000000800b5de       0x10 d:/program files (x86)/stm32/stm32cubeide_1.1.0/stm32cubeide/plugins/com.st.stm32cube.ide.mcu.externaltools.gnu-tools-for-stm32.7-2018-q2-update.win32_1.0.0.201904181610/tools/bin/../lib/gcc/arm-none-eabi/7.3.1/../../../../arm-none-eabi/lib/thumb/v7e-m/fpv4-sp/hard\libc_nano.a(lib_a-strcpy.o)
                0x000000000800b5de                strcpy
 .text.quorem   0x000000000800b5ee      0x118 d:/program files (x86)/stm32/stm32cubeide_1.1.0/stm32cubeide/plugins/com.st.stm32cube.ide.mcu.externaltools.gnu-tools-for-stm32.7-2018-q2-update.win32_1.0.0.201904181610/tools/bin/../lib/gcc/arm-none-eabi/7.3.1/../../../../arm-none-eabi/lib/thumb/v7e-m/fpv4-sp/hard\libc_nano.a(lib_a-dtoa.o)
 *fill*         0x000000000800b706        0x2 
 .text._dtoa_r  0x000000000800b708      0xb70 d:/program files (x86)/stm32/stm32cubeide_1.1.0/stm32cubeide/plugins/com.st.stm32cube.ide.mcu.externaltools.gnu-tools-for-stm32.7-2018-q2-update.win32_1.0.0.201904181610/tools/bin/../lib/gcc/arm-none-eabi/7.3.1/../../../../arm-none-eabi/lib/thumb/v7e-m/fpv4-sp/hard\libc_nano.a(lib_a-dtoa.o)
                0x000000000800b708                _dtoa_r
 .text.std      0x000000000800c278       0x48 d:/program files (x86)/stm32/stm32cubeide_1.1.0/stm32cubeide/plugins/com.st.stm32cube.ide.mcu.externaltools.gnu-tools-for-stm32.7-2018-q2-update.win32_1.0.0.201904181610/tools/bin/../lib/gcc/arm-none-eabi/7.3.1/../../../../arm-none-eabi/lib/thumb/v7e-m/fpv4-sp/hard\libc_nano.a(lib_a-findfp.o)
 .text._cleanup_r
                0x000000000800c2c0        0xc d:/program files (x86)/stm32/stm32cubeide_1.1.0/stm32cubeide/plugins/com.st.stm32cube.ide.mcu.externaltools.gnu-tools-for-stm32.7-2018-q2-update.win32_1.0.0.201904181610/tools/bin/../lib/gcc/arm-none-eabi/7.3.1/../../../../arm-none-eabi/lib/thumb/v7e-m/fpv4-sp/hard\libc_nano.a(lib_a-findfp.o)
                0x000000000800c2c0                _cleanup_r
 .text.__sfmoreglue
                0x000000000800c2cc       0x2c d:/program files (x86)/stm32/stm32cubeide_1.1.0/stm32cubeide/plugins/com.st.stm32cube.ide.mcu.externaltools.gnu-tools-for-stm32.7-2018-q2-update.win32_1.0.0.201904181610/tools/bin/../lib/gcc/arm-none-eabi/7.3.1/../../../../arm-none-eabi/lib/thumb/v7e-m/fpv4-sp/hard\libc_nano.a(lib_a-findfp.o)
                0x000000000800c2cc                __sfmoreglue
 .text.__sinit  0x000000000800c2f8       0x60 d:/program files (x86)/stm32/stm32cubeide_1.1.0/stm32cubeide/plugins/com.st.stm32cube.ide.mcu.externaltools.gnu-tools-for-stm32.7-2018-q2-update.win32_1.0.0.201904181610/tools/bin/../lib/gcc/arm-none-eabi/7.3.1/../../../../arm-none-eabi/lib/thumb/v7e-m/fpv4-sp/hard\libc_nano.a(lib_a-findfp.o)
                0x000000000800c2f8                __sinit
 .text.__sfp    0x000000000800c358       0x78 d:/program files (x86)/stm32/stm32cubeide_1.1.0/stm32cubeide/plugins/com.st.stm32cube.ide.mcu.externaltools.gnu-tools-for-stm32.7-2018-q2-update.win32_1.0.0.201904181610/tools/bin/../lib/gcc/arm-none-eabi/7.3.1/../../../../arm-none-eabi/lib/thumb/v7e-m/fpv4-sp/hard\libc_nano.a(lib_a-findfp.o)
                0x000000000800c358                __sfp
 .text._fwalk_reent
                0x000000000800c3d0       0x3c d:/program files (x86)/stm32/stm32cubeide_1.1.0/stm32cubeide/plugins/com.st.stm32cube.ide.mcu.externaltools.gnu-tools-for-stm32.7-2018-q2-update.win32_1.0.0.201904181610/tools/bin/../lib/gcc/arm-none-eabi/7.3.1/../../../../arm-none-eabi/lib/thumb/v7e-m/fpv4-sp/hard\libc_nano.a(lib_a-fwalk.o)
                0x000000000800c3d0                _fwalk_reent
 .text._localeconv_r
                0x000000000800c40c       0x1c d:/program files (x86)/stm32/stm32cubeide_1.1.0/stm32cubeide/plugins/com.st.stm32cube.ide.mcu.externaltools.gnu-tools-for-stm32.7-2018-q2-update.win32_1.0.0.201904181610/tools/bin/../lib/gcc/arm-none-eabi/7.3.1/../../../../arm-none-eabi/lib/thumb/v7e-m/fpv4-sp/hard\libc_nano.a(lib_a-localeconv.o)
                0x000000000800c40c                _localeconv_r
 .text.memcpy   0x000000000800c428       0x16 d:/program files (x86)/stm32/stm32cubeide_1.1.0/stm32cubeide/plugins/com.st.stm32cube.ide.mcu.externaltools.gnu-tools-for-stm32.7-2018-q2-update.win32_1.0.0.201904181610/tools/bin/../lib/gcc/arm-none-eabi/7.3.1/../../../../arm-none-eabi/lib/thumb/v7e-m/fpv4-sp/hard\libc_nano.a(lib_a-memcpy-stub.o)
                0x000000000800c428                memcpy
 .text.__malloc_lock
                0x000000000800c43e        0x2 d:/program files (x86)/stm32/stm32cubeide_1.1.0/stm32cubeide/plugins/com.st.stm32cube.ide.mcu.externaltools.gnu-tools-for-stm32.7-2018-q2-update.win32_1.0.0.201904181610/tools/bin/../lib/gcc/arm-none-eabi/7.3.1/../../../../arm-none-eabi/lib/thumb/v7e-m/fpv4-sp/hard\libc_nano.a(lib_a-mlock.o)
                0x000000000800c43e                __malloc_lock
 .text.__malloc_unlock
                0x000000000800c440        0x2 d:/program files (x86)/stm32/stm32cubeide_1.1.0/stm32cubeide/plugins/com.st.stm32cube.ide.mcu.externaltools.gnu-tools-for-stm32.7-2018-q2-update.win32_1.0.0.201904181610/tools/bin/../lib/gcc/arm-none-eabi/7.3.1/../../../../arm-none-eabi/lib/thumb/v7e-m/fpv4-sp/hard\libc_nano.a(lib_a-mlock.o)
                0x000000000800c440                __malloc_unlock
 .text._Balloc  0x000000000800c442       0x68 d:/program files (x86)/stm32/stm32cubeide_1.1.0/stm32cubeide/plugins/com.st.stm32cube.ide.mcu.externaltools.gnu-tools-for-stm32.7-2018-q2-update.win32_1.0.0.201904181610/tools/bin/../lib/gcc/arm-none-eabi/7.3.1/../../../../arm-none-eabi/lib/thumb/v7e-m/fpv4-sp/hard\libc_nano.a(lib_a-mprec.o)
                0x000000000800c442                _Balloc
 .text._Bfree   0x000000000800c4aa       0x2e d:/program files (x86)/stm32/stm32cubeide_1.1.0/stm32cubeide/plugins/com.st.stm32cube.ide.mcu.externaltools.gnu-tools-for-stm32.7-2018-q2-update.win32_1.0.0.201904181610/tools/bin/../lib/gcc/arm-none-eabi/7.3.1/../../../../arm-none-eabi/lib/thumb/v7e-m/fpv4-sp/hard\libc_nano.a(lib_a-mprec.o)
                0x000000000800c4aa                _Bfree
 .text.__multadd
                0x000000000800c4d8       0x76 d:/program files (x86)/stm32/stm32cubeide_1.1.0/stm32cubeide/plugins/com.st.stm32cube.ide.mcu.externaltools.gnu-tools-for-stm32.7-2018-q2-update.win32_1.0.0.201904181610/tools/bin/../lib/gcc/arm-none-eabi/7.3.1/../../../../arm-none-eabi/lib/thumb/v7e-m/fpv4-sp/hard\libc_nano.a(lib_a-mprec.o)
                0x000000000800c4d8                __multadd
 .text.__hi0bits
                0x000000000800c54e       0x3e d:/program files (x86)/stm32/stm32cubeide_1.1.0/stm32cubeide/plugins/com.st.stm32cube.ide.mcu.externaltools.gnu-tools-for-stm32.7-2018-q2-update.win32_1.0.0.201904181610/tools/bin/../lib/gcc/arm-none-eabi/7.3.1/../../../../arm-none-eabi/lib/thumb/v7e-m/fpv4-sp/hard\libc_nano.a(lib_a-mprec.o)
                0x000000000800c54e                __hi0bits
 .text.__lo0bits
                0x000000000800c58c       0x5e d:/program files (x86)/stm32/stm32cubeide_1.1.0/stm32cubeide/plugins/com.st.stm32cube.ide.mcu.externaltools.gnu-tools-for-stm32.7-2018-q2-update.win32_1.0.0.201904181610/tools/bin/../lib/gcc/arm-none-eabi/7.3.1/../../../../arm-none-eabi/lib/thumb/v7e-m/fpv4-sp/hard\libc_nano.a(lib_a-mprec.o)
                0x000000000800c58c                __lo0bits
 .text.__i2b    0x000000000800c5ea       0x12 d:/program files (x86)/stm32/stm32cubeide_1.1.0/stm32cubeide/plugins/com.st.stm32cube.ide.mcu.externaltools.gnu-tools-for-stm32.7-2018-q2-update.win32_1.0.0.201904181610/tools/bin/../lib/gcc/arm-none-eabi/7.3.1/../../../../arm-none-eabi/lib/thumb/v7e-m/fpv4-sp/hard\libc_nano.a(lib_a-mprec.o)
                0x000000000800c5ea                __i2b
 .text.__multiply
                0x000000000800c5fc      0x12c d:/program files (x86)/stm32/stm32cubeide_1.1.0/stm32cubeide/plugins/com.st.stm32cube.ide.mcu.externaltools.gnu-tools-for-stm32.7-2018-q2-update.win32_1.0.0.201904181610/tools/bin/../lib/gcc/arm-none-eabi/7.3.1/../../../../arm-none-eabi/lib/thumb/v7e-m/fpv4-sp/hard\libc_nano.a(lib_a-mprec.o)
                0x000000000800c5fc                __multiply
 .text.__pow5mult
                0x000000000800c728       0x9c d:/program files (x86)/stm32/stm32cubeide_1.1.0/stm32cubeide/plugins/com.st.stm32cube.ide.mcu.externaltools.gnu-tools-for-stm32.7-2018-q2-update.win32_1.0.0.201904181610/tools/bin/../lib/gcc/arm-none-eabi/7.3.1/../../../../arm-none-eabi/lib/thumb/v7e-m/fpv4-sp/hard\libc_nano.a(lib_a-mprec.o)
                0x000000000800c728                __pow5mult
 .text.__lshift
                0x000000000800c7c4       0xa8 d:/program files (x86)/stm32/stm32cubeide_1.1.0/stm32cubeide/plugins/com.st.stm32cube.ide.mcu.externaltools.gnu-tools-for-stm32.7-2018-q2-update.win32_1.0.0.201904181610/tools/bin/../lib/gcc/arm-none-eabi/7.3.1/../../../../arm-none-eabi/lib/thumb/v7e-m/fpv4-sp/hard\libc_nano.a(lib_a-mprec.o)
                0x000000000800c7c4                __lshift
 .text.__mcmp   0x000000000800c86c       0x34 d:/program files (x86)/stm32/stm32cubeide_1.1.0/stm32cubeide/plugins/com.st.stm32cube.ide.mcu.externaltools.gnu-tools-for-stm32.7-2018-q2-update.win32_1.0.0.201904181610/tools/bin/../lib/gcc/arm-none-eabi/7.3.1/../../../../arm-none-eabi/lib/thumb/v7e-m/fpv4-sp/hard\libc_nano.a(lib_a-mprec.o)
                0x000000000800c86c                __mcmp
 .text.__mdiff  0x000000000800c8a0       0xba d:/program files (x86)/stm32/stm32cubeide_1.1.0/stm32cubeide/plugins/com.st.stm32cube.ide.mcu.externaltools.gnu-tools-for-stm32.7-2018-q2-update.win32_1.0.0.201904181610/tools/bin/../lib/gcc/arm-none-eabi/7.3.1/../../../../arm-none-eabi/lib/thumb/v7e-m/fpv4-sp/hard\libc_nano.a(lib_a-mprec.o)
                0x000000000800c8a0                __mdiff
 .text.__d2b    0x000000000800c95a       0x9e d:/program files (x86)/stm32/stm32cubeide_1.1.0/stm32cubeide/plugins/com.st.stm32cube.ide.mcu.externaltools.gnu-tools-for-stm32.7-2018-q2-update.win32_1.0.0.201904181610/tools/bin/../lib/gcc/arm-none-eabi/7.3.1/../../../../arm-none-eabi/lib/thumb/v7e-m/fpv4-sp/hard\libc_nano.a(lib_a-mprec.o)
                0x000000000800c95a                __d2b
 .text._calloc_r
                0x000000000800c9f8       0x1c d:/program files (x86)/stm32/stm32cubeide_1.1.0/stm32cubeide/plugins/com.st.stm32cube.ide.mcu.externaltools.gnu-tools-for-stm32.7-2018-q2-update.win32_1.0.0.201904181610/tools/bin/../lib/gcc/arm-none-eabi/7.3.1/../../../../arm-none-eabi/lib/thumb/v7e-m/fpv4-sp/hard\libc_nano.a(lib_a-nano-callocr.o)
                0x000000000800c9f8                _calloc_r
 .text.__ssputs_r
                0x000000000800ca14       0xb4 d:/program files (x86)/stm32/stm32cubeide_1.1.0/stm32cubeide/plugins/com.st.stm32cube.ide.mcu.externaltools.gnu-tools-for-stm32.7-2018-q2-update.win32_1.0.0.201904181610/tools/bin/../lib/gcc/arm-none-eabi/7.3.1/../../../../arm-none-eabi/lib/thumb/v7e-m/fpv4-sp/hard\libc_nano.a(lib_a-nano-svfprintf.o)
                0x000000000800ca14                __ssputs_r
 .text._svfprintf_r
                0x000000000800cac8      0x1f0 d:/program files (x86)/stm32/stm32cubeide_1.1.0/stm32cubeide/plugins/com.st.stm32cube.ide.mcu.externaltools.gnu-tools-for-stm32.7-2018-q2-update.win32_1.0.0.201904181610/tools/bin/../lib/gcc/arm-none-eabi/7.3.1/../../../../arm-none-eabi/lib/thumb/v7e-m/fpv4-sp/hard\libc_nano.a(lib_a-nano-svfprintf.o)
                0x000000000800cac8                _svfiprintf_r
                0x000000000800cac8                _svfprintf_r
 .text.__sfputc_r
                0x000000000800ccb8       0x2e d:/program files (x86)/stm32/stm32cubeide_1.1.0/stm32cubeide/plugins/com.st.stm32cube.ide.mcu.externaltools.gnu-tools-for-stm32.7-2018-q2-update.win32_1.0.0.201904181610/tools/bin/../lib/gcc/arm-none-eabi/7.3.1/../../../../arm-none-eabi/lib/thumb/v7e-m/fpv4-sp/hard\libc_nano.a(lib_a-nano-vfprintf.o)
 .text.__sfputs_r
                0x000000000800cce6       0x24 d:/program files (x86)/stm32/stm32cubeide_1.1.0/stm32cubeide/plugins/com.st.stm32cube.ide.mcu.externaltools.gnu-tools-for-stm32.7-2018-q2-update.win32_1.0.0.201904181610/tools/bin/../lib/gcc/arm-none-eabi/7.3.1/../../../../arm-none-eabi/lib/thumb/v7e-m/fpv4-sp/hard\libc_nano.a(lib_a-nano-vfprintf.o)
                0x000000000800cce6                __sfputs_r
 *fill*         0x000000000800cd0a        0x2 
 .text._vfprintf_r
                0x000000000800cd0c      0x22c d:/program files (x86)/stm32/stm32cubeide_1.1.0/stm32cubeide/plugins/com.st.stm32cube.ide.mcu.externaltools.gnu-tools-for-stm32.7-2018-q2-update.win32_1.0.0.201904181610/tools/bin/../lib/gcc/arm-none-eabi/7.3.1/../../../../arm-none-eabi/lib/thumb/v7e-m/fpv4-sp/hard\libc_nano.a(lib_a-nano-vfprintf.o)
                0x000000000800cd0c                _vfprintf_r
                0x000000000800cd0c                _vfiprintf_r
 .text.__sread  0x000000000800cf38       0x22 d:/program files (x86)/stm32/stm32cubeide_1.1.0/stm32cubeide/plugins/com.st.stm32cube.ide.mcu.externaltools.gnu-tools-for-stm32.7-2018-q2-update.win32_1.0.0.201904181610/tools/bin/../lib/gcc/arm-none-eabi/7.3.1/../../../../arm-none-eabi/lib/thumb/v7e-m/fpv4-sp/hard\libc_nano.a(lib_a-stdio.o)
                0x000000000800cf38                __sread
 .text.__swrite
                0x000000000800cf5a       0x38 d:/program files (x86)/stm32/stm32cubeide_1.1.0/stm32cubeide/plugins/com.st.stm32cube.ide.mcu.externaltools.gnu-tools-for-stm32.7-2018-q2-update.win32_1.0.0.201904181610/tools/bin/../lib/gcc/arm-none-eabi/7.3.1/../../../../arm-none-eabi/lib/thumb/v7e-m/fpv4-sp/hard\libc_nano.a(lib_a-stdio.o)
                0x000000000800cf5a                __swrite
 .text.__sseek  0x000000000800cf92       0x24 d:/program files (x86)/stm32/stm32cubeide_1.1.0/stm32cubeide/plugins/com.st.stm32cube.ide.mcu.externaltools.gnu-tools-for-stm32.7-2018-q2-update.win32_1.0.0.201904181610/tools/bin/../lib/gcc/arm-none-eabi/7.3.1/../../../../arm-none-eabi/lib/thumb/v7e-m/fpv4-sp/hard\libc_nano.a(lib_a-stdio.o)
                0x000000000800cf92                __sseek
 .text.__sclose
                0x000000000800cfb6        0x8 d:/program files (x86)/stm32/stm32cubeide_1.1.0/stm32cubeide/plugins/com.st.stm32cube.ide.mcu.externaltools.gnu-tools-for-stm32.7-2018-q2-update.win32_1.0.0.201904181610/tools/bin/../lib/gcc/arm-none-eabi/7.3.1/../../../../arm-none-eabi/lib/thumb/v7e-m/fpv4-sp/hard\libc_nano.a(lib_a-stdio.o)
                0x000000000800cfb6                __sclose
 *fill*         0x000000000800cfbe        0x2 
 .text.__swbuf_r
                0x000000000800cfc0       0xa4 d:/program files (x86)/stm32/stm32cubeide_1.1.0/stm32cubeide/plugins/com.st.stm32cube.ide.mcu.externaltools.gnu-tools-for-stm32.7-2018-q2-update.win32_1.0.0.201904181610/tools/bin/../lib/gcc/arm-none-eabi/7.3.1/../../../../arm-none-eabi/lib/thumb/v7e-m/fpv4-sp/hard\libc_nano.a(lib_a-wbuf.o)
                0x000000000800cfc0                __swbuf_r
 .text._write_r
                0x000000000800d064       0x24 d:/program files (x86)/stm32/stm32cubeide_1.1.0/stm32cubeide/plugins/com.st.stm32cube.ide.mcu.externaltools.gnu-tools-for-stm32.7-2018-q2-update.win32_1.0.0.201904181610/tools/bin/../lib/gcc/arm-none-eabi/7.3.1/../../../../arm-none-eabi/lib/thumb/v7e-m/fpv4-sp/hard\libc_nano.a(lib_a-writer.o)
                0x000000000800d064                _write_r
 .text.__swsetup_r
                0x000000000800d088       0xdc d:/program files (x86)/stm32/stm32cubeide_1.1.0/stm32cubeide/plugins/com.st.stm32cube.ide.mcu.externaltools.gnu-tools-for-stm32.7-2018-q2-update.win32_1.0.0.201904181610/tools/bin/../lib/gcc/arm-none-eabi/7.3.1/../../../../arm-none-eabi/lib/thumb/v7e-m/fpv4-sp/hard\libc_nano.a(lib_a-wsetup.o)
                0x000000000800d088                __swsetup_r
 .text._close_r
                0x000000000800d164       0x20 d:/program files (x86)/stm32/stm32cubeide_1.1.0/stm32cubeide/plugins/com.st.stm32cube.ide.mcu.externaltools.gnu-tools-for-stm32.7-2018-q2-update.win32_1.0.0.201904181610/tools/bin/../lib/gcc/arm-none-eabi/7.3.1/../../../../arm-none-eabi/lib/thumb/v7e-m/fpv4-sp/hard\libc_nano.a(lib_a-closer.o)
                0x000000000800d164                _close_r
 .text.__sflush_r
                0x000000000800d184      0x10c d:/program files (x86)/stm32/stm32cubeide_1.1.0/stm32cubeide/plugins/com.st.stm32cube.ide.mcu.externaltools.gnu-tools-for-stm32.7-2018-q2-update.win32_1.0.0.201904181610/tools/bin/../lib/gcc/arm-none-eabi/7.3.1/../../../../arm-none-eabi/lib/thumb/v7e-m/fpv4-sp/hard\libc_nano.a(lib_a-fflush.o)
                0x000000000800d184                __sflush_r
 .text._fflush_r
                0x000000000800d290       0x54 d:/program files (x86)/stm32/stm32cubeide_1.1.0/stm32cubeide/plugins/com.st.stm32cube.ide.mcu.externaltools.gnu-tools-for-stm32.7-2018-q2-update.win32_1.0.0.201904181610/tools/bin/../lib/gcc/arm-none-eabi/7.3.1/../../../../arm-none-eabi/lib/thumb/v7e-m/fpv4-sp/hard\libc_nano.a(lib_a-fflush.o)
                0x000000000800d290                _fflush_r
 .text._lseek_r
                0x000000000800d2e4       0x24 d:/program files (x86)/stm32/stm32cubeide_1.1.0/stm32cubeide/plugins/com.st.stm32cube.ide.mcu.externaltools.gnu-tools-for-stm32.7-2018-q2-update.win32_1.0.0.201904181610/tools/bin/../lib/gcc/arm-none-eabi/7.3.1/../../../../arm-none-eabi/lib/thumb/v7e-m/fpv4-sp/hard\libc_nano.a(lib_a-lseekr.o)
                0x000000000800d2e4                _lseek_r
 .text.__swhatbuf_r
                0x000000000800d308       0x48 d:/program files (x86)/stm32/stm32cubeide_1.1.0/stm32cubeide/plugins/com.st.stm32cube.ide.mcu.externaltools.gnu-tools-for-stm32.7-2018-q2-update.win32_1.0.0.201904181610/tools/bin/../lib/gcc/arm-none-eabi/7.3.1/../../../../arm-none-eabi/lib/thumb/v7e-m/fpv4-sp/hard\libc_nano.a(lib_a-makebuf.o)
                0x000000000800d308                __swhatbuf_r
 .text.__smakebuf_r
                0x000000000800d350       0x80 d:/program files (x86)/stm32/stm32cubeide_1.1.0/stm32cubeide/plugins/com.st.stm32cube.ide.mcu.externaltools.gnu-tools-for-stm32.7-2018-q2-update.win32_1.0.0.201904181610/tools/bin/../lib/gcc/arm-none-eabi/7.3.1/../../../../arm-none-eabi/lib/thumb/v7e-m/fpv4-sp/hard\libc_nano.a(lib_a-makebuf.o)
                0x000000000800d350                __smakebuf_r
 .text.__ascii_mbtowc
                0x000000000800d3d0       0x24 d:/program files (x86)/stm32/stm32cubeide_1.1.0/stm32cubeide/plugins/com.st.stm32cube.ide.mcu.externaltools.gnu-tools-for-stm32.7-2018-q2-update.win32_1.0.0.201904181610/tools/bin/../lib/gcc/arm-none-eabi/7.3.1/../../../../arm-none-eabi/lib/thumb/v7e-m/fpv4-sp/hard\libc_nano.a(lib_a-mbtowc_r.o)
                0x000000000800d3d0                __ascii_mbtowc
 .text.memmove  0x000000000800d3f4       0x32 d:/program files (x86)/stm32/stm32cubeide_1.1.0/stm32cubeide/plugins/com.st.stm32cube.ide.mcu.externaltools.gnu-tools-for-stm32.7-2018-q2-update.win32_1.0.0.201904181610/tools/bin/../lib/gcc/arm-none-eabi/7.3.1/../../../../arm-none-eabi/lib/thumb/v7e-m/fpv4-sp/hard\libc_nano.a(lib_a-memmove.o)
                0x000000000800d3f4                memmove
 .text._realloc_r
                0x000000000800d426       0x4c d:/program files (x86)/stm32/stm32cubeide_1.1.0/stm32cubeide/plugins/com.st.stm32cube.ide.mcu.externaltools.gnu-tools-for-stm32.7-2018-q2-update.win32_1.0.0.201904181610/tools/bin/../lib/gcc/arm-none-eabi/7.3.1/../../../../arm-none-eabi/lib/thumb/v7e-m/fpv4-sp/hard\libc_nano.a(lib_a-nano-reallocr.o)
                0x000000000800d426                _realloc_r
 *fill*         0x000000000800d472        0x2 
 .text._read_r  0x000000000800d474       0x24 d:/program files (x86)/stm32/stm32cubeide_1.1.0/stm32cubeide/plugins/com.st.stm32cube.ide.mcu.externaltools.gnu-tools-for-stm32.7-2018-q2-update.win32_1.0.0.201904181610/tools/bin/../lib/gcc/arm-none-eabi/7.3.1/../../../../arm-none-eabi/lib/thumb/v7e-m/fpv4-sp/hard\libc_nano.a(lib_a-readr.o)
                0x000000000800d474                _read_r
 .text.__ascii_wctomb
                0x000000000800d498       0x1a d:/program files (x86)/stm32/stm32cubeide_1.1.0/stm32cubeide/plugins/com.st.stm32cube.ide.mcu.externaltools.gnu-tools-for-stm32.7-2018-q2-update.win32_1.0.0.201904181610/tools/bin/../lib/gcc/arm-none-eabi/7.3.1/../../../../arm-none-eabi/lib/thumb/v7e-m/fpv4-sp/hard\libc_nano.a(lib_a-wctomb_r.o)
                0x000000000800d498                __ascii_wctomb
 *fill*         0x000000000800d4b2        0x2 
 .text._fstat_r
                0x000000000800d4b4       0x24 d:/program files (x86)/stm32/stm32cubeide_1.1.0/stm32cubeide/plugins/com.st.stm32cube.ide.mcu.externaltools.gnu-tools-for-stm32.7-2018-q2-update.win32_1.0.0.201904181610/tools/bin/../lib/gcc/arm-none-eabi/7.3.1/../../../../arm-none-eabi/lib/thumb/v7e-m/fpv4-sp/hard\libc_nano.a(lib_a-fstatr.o)
                0x000000000800d4b4                _fstat_r
 .text._isatty_r
                0x000000000800d4d8       0x20 d:/program files (x86)/stm32/stm32cubeide_1.1.0/stm32cubeide/plugins/com.st.stm32cube.ide.mcu.externaltools.gnu-tools-for-stm32.7-2018-q2-update.win32_1.0.0.201904181610/tools/bin/../lib/gcc/arm-none-eabi/7.3.1/../../../../arm-none-eabi/lib/thumb/v7e-m/fpv4-sp/hard\libc_nano.a(lib_a-isattyr.o)
                0x000000000800d4d8                _isatty_r
 .text._malloc_usable_size_r
                0x000000000800d4f8       0x10 d:/program files (x86)/stm32/stm32cubeide_1.1.0/stm32cubeide/plugins/com.st.stm32cube.ide.mcu.externaltools.gnu-tools-for-stm32.7-2018-q2-update.win32_1.0.0.201904181610/tools/bin/../lib/gcc/arm-none-eabi/7.3.1/../../../../arm-none-eabi/lib/thumb/v7e-m/fpv4-sp/hard\libc_nano.a(lib_a-nano-msizer.o)
                0x000000000800d4f8                _malloc_usable_size_r
 *(.glue_7)
 .glue_7        0x000000000800d508        0x0 linker stubs
 *(.glue_7t)
 .glue_7t       0x000000000800d508        0x0 linker stubs
 *(.eh_frame)
 .eh_frame      0x000000000800d508        0x0 d:/program files (x86)/stm32/stm32cubeide_1.1.0/stm32cubeide/plugins/com.st.stm32cube.ide.mcu.externaltools.gnu-tools-for-stm32.7-2018-q2-update.win32_1.0.0.201904181610/tools/bin/../lib/gcc/arm-none-eabi/7.3.1/thumb/v7e-m/fpv4-sp/hard/crtbegin.o
 *(.init)
 .init          0x000000000800d508        0x4 d:/program files (x86)/stm32/stm32cubeide_1.1.0/stm32cubeide/plugins/com.st.stm32cube.ide.mcu.externaltools.gnu-tools-for-stm32.7-2018-q2-update.win32_1.0.0.201904181610/tools/bin/../lib/gcc/arm-none-eabi/7.3.1/thumb/v7e-m/fpv4-sp/hard/crti.o
                0x000000000800d508                _init
 .init          0x000000000800d50c        0x8 d:/program files (x86)/stm32/stm32cubeide_1.1.0/stm32cubeide/plugins/com.st.stm32cube.ide.mcu.externaltools.gnu-tools-for-stm32.7-2018-q2-update.win32_1.0.0.201904181610/tools/bin/../lib/gcc/arm-none-eabi/7.3.1/thumb/v7e-m/fpv4-sp/hard/crtn.o
 *(.fini)
 .fini          0x000000000800d514        0x4 d:/program files (x86)/stm32/stm32cubeide_1.1.0/stm32cubeide/plugins/com.st.stm32cube.ide.mcu.externaltools.gnu-tools-for-stm32.7-2018-q2-update.win32_1.0.0.201904181610/tools/bin/../lib/gcc/arm-none-eabi/7.3.1/thumb/v7e-m/fpv4-sp/hard/crti.o
                0x000000000800d514                _fini
 .fini          0x000000000800d518        0x8 d:/program files (x86)/stm32/stm32cubeide_1.1.0/stm32cubeide/plugins/com.st.stm32cube.ide.mcu.externaltools.gnu-tools-for-stm32.7-2018-q2-update.win32_1.0.0.201904181610/tools/bin/../lib/gcc/arm-none-eabi/7.3.1/thumb/v7e-m/fpv4-sp/hard/crtn.o
                0x000000000800d520                . = ALIGN (0x4)
                0x000000000800d520                _etext = .

.vfp11_veneer   0x000000000800d520        0x0
 .vfp11_veneer  0x000000000800d520        0x0 linker stubs

.v4_bx          0x000000000800d520        0x0
 .v4_bx         0x000000000800d520        0x0 linker stubs

.iplt           0x000000000800d520        0x0
 .iplt          0x000000000800d520        0x0 d:/program files (x86)/stm32/stm32cubeide_1.1.0/stm32cubeide/plugins/com.st.stm32cube.ide.mcu.externaltools.gnu-tools-for-stm32.7-2018-q2-update.win32_1.0.0.201904181610/tools/bin/../lib/gcc/arm-none-eabi/7.3.1/thumb/v7e-m/fpv4-sp/hard/crtbegin.o

.rodata         0x000000000800d520      0x3d0
                0x000000000800d520                . = ALIGN (0x4)
 *(.rodata)
 .rodata        0x000000000800d520       0x42 Core/Src/camera.o
 *fill*         0x000000000800d562        0x2 
 .rodata        0x000000000800d564       0x1a Core/Src/ff.o
 *fill*         0x000000000800d57e        0x2 
 .rodata        0x000000000800d580       0x1a Core/Src/main.o
 *fill*         0x000000000800d59a        0x2 
 .rodata        0x000000000800d59c       0x18 Core/Src/ov7670.o
 *(.rodata*)
 .rodata.OV7670_reg
                0x000000000800d5b4       0x5a Core/Src/ov7670.o
                0x000000000800d5b4                OV7670_reg
 *fill*         0x000000000800d60e        0x2 
 .rodata.AHBPrescTable
                0x000000000800d610       0x10 Core/Src/system_stm32f4xx.o
                0x000000000800d610                AHBPrescTable
 .rodata.APBPrescTable
                0x000000000800d620        0x8 Core/Src/system_stm32f4xx.o
                0x000000000800d620                APBPrescTable
 .rodata.flagBitshiftOffset.8581
                0x000000000800d628        0x8 Drivers/STM32F4xx_HAL_Driver/Src/stm32f4xx_hal_dma.o
 .rodata._global_impure_ptr
                0x000000000800d630        0x4 d:/program files (x86)/stm32/stm32cubeide_1.1.0/stm32cubeide/plugins/com.st.stm32cube.ide.mcu.externaltools.gnu-tools-for-stm32.7-2018-q2-update.win32_1.0.0.201904181610/tools/bin/../lib/gcc/arm-none-eabi/7.3.1/../../../../arm-none-eabi/lib/thumb/v7e-m/fpv4-sp/hard\libc_nano.a(lib_a-impure.o)
                0x000000000800d630                _global_impure_ptr
 .rodata._printf_float.str1.1
                0x000000000800d634       0x12 d:/program files (x86)/stm32/stm32cubeide_1.1.0/stm32cubeide/plugins/com.st.stm32cube.ide.mcu.externaltools.gnu-tools-for-stm32.7-2018-q2-update.win32_1.0.0.201904181610/tools/bin/../lib/gcc/arm-none-eabi/7.3.1/../../../../arm-none-eabi/lib/thumb/v7e-m/fpv4-sp/hard\libc_nano.a(lib_a-nano-vfprintf_float.o)
 .rodata._printf_i.str1.1
                0x000000000800d646       0x22 d:/program files (x86)/stm32/stm32cubeide_1.1.0/stm32cubeide/plugins/com.st.stm32cube.ide.mcu.externaltools.gnu-tools-for-stm32.7-2018-q2-update.win32_1.0.0.201904181610/tools/bin/../lib/gcc/arm-none-eabi/7.3.1/../../../../arm-none-eabi/lib/thumb/v7e-m/fpv4-sp/hard\libc_nano.a(lib_a-nano-vfprintf_i.o)
 .rodata._dtoa_r.str1.1
                0x000000000800d668        0xd d:/program files (x86)/stm32/stm32cubeide_1.1.0/stm32cubeide/plugins/com.st.stm32cube.ide.mcu.externaltools.gnu-tools-for-stm32.7-2018-q2-update.win32_1.0.0.201904181610/tools/bin/../lib/gcc/arm-none-eabi/7.3.1/../../../../arm-none-eabi/lib/thumb/v7e-m/fpv4-sp/hard\libc_nano.a(lib_a-dtoa.o)
                                          0xf (size before relaxing)
 *fill*         0x000000000800d675        0x3 
 .rodata.__sf_fake_stderr
                0x000000000800d678       0x20 d:/program files (x86)/stm32/stm32cubeide_1.1.0/stm32cubeide/plugins/com.st.stm32cube.ide.mcu.externaltools.gnu-tools-for-stm32.7-2018-q2-update.win32_1.0.0.201904181610/tools/bin/../lib/gcc/arm-none-eabi/7.3.1/../../../../arm-none-eabi/lib/thumb/v7e-m/fpv4-sp/hard\libc_nano.a(lib_a-findfp.o)
                0x000000000800d678                __sf_fake_stderr
 .rodata.__sf_fake_stdin
                0x000000000800d698       0x20 d:/program files (x86)/stm32/stm32cubeide_1.1.0/stm32cubeide/plugins/com.st.stm32cube.ide.mcu.externaltools.gnu-tools-for-stm32.7-2018-q2-update.win32_1.0.0.201904181610/tools/bin/../lib/gcc/arm-none-eabi/7.3.1/../../../../arm-none-eabi/lib/thumb/v7e-m/fpv4-sp/hard\libc_nano.a(lib_a-findfp.o)
                0x000000000800d698                __sf_fake_stdin
 .rodata.__sf_fake_stdout
                0x000000000800d6b8       0x20 d:/program files (x86)/stm32/stm32cubeide_1.1.0/stm32cubeide/plugins/com.st.stm32cube.ide.mcu.externaltools.gnu-tools-for-stm32.7-2018-q2-update.win32_1.0.0.201904181610/tools/bin/../lib/gcc/arm-none-eabi/7.3.1/../../../../arm-none-eabi/lib/thumb/v7e-m/fpv4-sp/hard\libc_nano.a(lib_a-findfp.o)
                0x000000000800d6b8                __sf_fake_stdout
 .rodata.__mprec_bigtens
                0x000000000800d6d8       0x28 d:/program files (x86)/stm32/stm32cubeide_1.1.0/stm32cubeide/plugins/com.st.stm32cube.ide.mcu.externaltools.gnu-tools-for-stm32.7-2018-q2-update.win32_1.0.0.201904181610/tools/bin/../lib/gcc/arm-none-eabi/7.3.1/../../../../arm-none-eabi/lib/thumb/v7e-m/fpv4-sp/hard\libc_nano.a(lib_a-mprec.o)
                0x000000000800d6d8                __mprec_bigtens
 .rodata.__mprec_tens
                0x000000000800d700       0xc8 d:/program files (x86)/stm32/stm32cubeide_1.1.0/stm32cubeide/plugins/com.st.stm32cube.ide.mcu.externaltools.gnu-tools-for-stm32.7-2018-q2-update.win32_1.0.0.201904181610/tools/bin/../lib/gcc/arm-none-eabi/7.3.1/../../../../arm-none-eabi/lib/thumb/v7e-m/fpv4-sp/hard\libc_nano.a(lib_a-mprec.o)
                0x000000000800d700                __mprec_tens
 .rodata.p05.7359
                0x000000000800d7c8        0xc d:/program files (x86)/stm32/stm32cubeide_1.1.0/stm32cubeide/plugins/com.st.stm32cube.ide.mcu.externaltools.gnu-tools-for-stm32.7-2018-q2-update.win32_1.0.0.201904181610/tools/bin/../lib/gcc/arm-none-eabi/7.3.1/../../../../arm-none-eabi/lib/thumb/v7e-m/fpv4-sp/hard\libc_nano.a(lib_a-mprec.o)
 .rodata._svfprintf_r.str1.1
                0x000000000800d7d4       0x11 d:/program files (x86)/stm32/stm32cubeide_1.1.0/stm32cubeide/plugins/com.st.stm32cube.ide.mcu.externaltools.gnu-tools-for-stm32.7-2018-q2-update.win32_1.0.0.201904181610/tools/bin/../lib/gcc/arm-none-eabi/7.3.1/../../../../arm-none-eabi/lib/thumb/v7e-m/fpv4-sp/hard\libc_nano.a(lib_a-nano-svfprintf.o)
 .rodata._vfprintf_r.str1.1
                0x000000000800d7e5       0x11 d:/program files (x86)/stm32/stm32cubeide_1.1.0/stm32cubeide/plugins/com.st.stm32cube.ide.mcu.externaltools.gnu-tools-for-stm32.7-2018-q2-update.win32_1.0.0.201904181610/tools/bin/../lib/gcc/arm-none-eabi/7.3.1/../../../../arm-none-eabi/lib/thumb/v7e-m/fpv4-sp/hard\libc_nano.a(lib_a-nano-vfprintf.o)
 .rodata._setlocale_r.str1.1
                0x000000000800d7e5        0x8 d:/program files (x86)/stm32/stm32cubeide_1.1.0/stm32cubeide/plugins/com.st.stm32cube.ide.mcu.externaltools.gnu-tools-for-stm32.7-2018-q2-update.win32_1.0.0.201904181610/tools/bin/../lib/gcc/arm-none-eabi/7.3.1/../../../../arm-none-eabi/lib/thumb/v7e-m/fpv4-sp/hard\libc_nano.a(lib_a-locale.o)
                                          0x9 (size before relaxing)
 .rodata.str1.1
                0x000000000800d7ed        0x2 d:/program files (x86)/stm32/stm32cubeide_1.1.0/stm32cubeide/plugins/com.st.stm32cube.ide.mcu.externaltools.gnu-tools-for-stm32.7-2018-q2-update.win32_1.0.0.201904181610/tools/bin/../lib/gcc/arm-none-eabi/7.3.1/../../../../arm-none-eabi/lib/thumb/v7e-m/fpv4-sp/hard\libc_nano.a(lib_a-locale.o)
 .rodata._ctype_
                0x000000000800d7ef      0x101 d:/program files (x86)/stm32/stm32cubeide_1.1.0/stm32cubeide/plugins/com.st.stm32cube.ide.mcu.externaltools.gnu-tools-for-stm32.7-2018-q2-update.win32_1.0.0.201904181610/tools/bin/../lib/gcc/arm-none-eabi/7.3.1/../../../../arm-none-eabi/lib/thumb/v7e-m/fpv4-sp/hard\libc_nano.a(lib_a-ctype_.o)
                0x000000000800d7ef                _ctype_
                0x000000000800d8f0                . = ALIGN (0x4)

.ARM.extab      0x000000000800d8f0        0x0
                0x000000000800d8f0                . = ALIGN (0x4)
 *(.ARM.extab* .gnu.linkonce.armextab.*)
                0x000000000800d8f0                . = ALIGN (0x4)

.ARM            0x000000000800d8f0        0x8
                0x000000000800d8f0                . = ALIGN (0x4)
                0x000000000800d8f0                __exidx_start = .
 *(.ARM.exidx*)
 .ARM.exidx     0x000000000800d8f0        0x8 d:/program files (x86)/stm32/stm32cubeide_1.1.0/stm32cubeide/plugins/com.st.stm32cube.ide.mcu.externaltools.gnu-tools-for-stm32.7-2018-q2-update.win32_1.0.0.201904181610/tools/bin/../lib/gcc/arm-none-eabi/7.3.1/thumb/v7e-m/fpv4-sp/hard\libgcc.a(_udivmoddi4.o)
                0x000000000800d8f8                __exidx_end = .
                0x000000000800d8f8                . = ALIGN (0x4)

.rel.dyn        0x000000000800d8f8        0x0
 .rel.iplt      0x000000000800d8f8        0x0 d:/program files (x86)/stm32/stm32cubeide_1.1.0/stm32cubeide/plugins/com.st.stm32cube.ide.mcu.externaltools.gnu-tools-for-stm32.7-2018-q2-update.win32_1.0.0.201904181610/tools/bin/../lib/gcc/arm-none-eabi/7.3.1/thumb/v7e-m/fpv4-sp/hard/crtbegin.o

.preinit_array  0x000000000800d8f8        0x0
                0x000000000800d8f8                . = ALIGN (0x4)
                0x000000000800d8f8                PROVIDE (__preinit_array_start = .)
 *(.preinit_array*)
                0x000000000800d8f8                PROVIDE (__preinit_array_end = .)
                0x000000000800d8f8                . = ALIGN (0x4)

.init_array     0x000000000800d8f8        0x4
                0x000000000800d8f8                . = ALIGN (0x4)
                0x000000000800d8f8                PROVIDE (__init_array_start = .)
 *(SORT_BY_NAME(.init_array.*))
 *(.init_array*)
 .init_array    0x000000000800d8f8        0x4 d:/program files (x86)/stm32/stm32cubeide_1.1.0/stm32cubeide/plugins/com.st.stm32cube.ide.mcu.externaltools.gnu-tools-for-stm32.7-2018-q2-update.win32_1.0.0.201904181610/tools/bin/../lib/gcc/arm-none-eabi/7.3.1/thumb/v7e-m/fpv4-sp/hard/crtbegin.o
                0x000000000800d8fc                PROVIDE (__init_array_end = .)
                0x000000000800d8fc                . = ALIGN (0x4)

.fini_array     0x000000000800d8fc        0x4
                0x000000000800d8fc                . = ALIGN (0x4)
                [!provide]                        PROVIDE (__fini_array_start = .)
 *(SORT_BY_NAME(.fini_array.*))
 *(.fini_array*)
 .fini_array    0x000000000800d8fc        0x4 d:/program files (x86)/stm32/stm32cubeide_1.1.0/stm32cubeide/plugins/com.st.stm32cube.ide.mcu.externaltools.gnu-tools-for-stm32.7-2018-q2-update.win32_1.0.0.201904181610/tools/bin/../lib/gcc/arm-none-eabi/7.3.1/thumb/v7e-m/fpv4-sp/hard/crtbegin.o
                [!provide]                        PROVIDE (__fini_array_end = .)
                0x000000000800d900                . = ALIGN (0x4)
                0x000000000800d900                _sidata = LOADADDR (.data)

.data           0x0000000020000000      0x1e8 load address 0x000000000800d900
                0x0000000020000000                . = ALIGN (0x4)
                0x0000000020000000                _sdata = .
 *(.data)
 *(.data*)
 .data.Stat     0x0000000020000000        0x1 Core/Src/diskio.o
 *fill*         0x0000000020000001        0x1 
 .data.sizeSendUARTz2
                0x0000000020000002        0x2 Core/Src/main.o
                0x0000000020000002                sizeSendUARTz2
 .data.sizeReceiveUART
                0x0000000020000004        0x2 Core/Src/main.o
                0x0000000020000004                sizeReceiveUART
 *fill*         0x0000000020000006        0x2 
 .data.photo_num
                0x0000000020000008        0x4 Core/Src/main.o
                0x0000000020000008                photo_num
 .data.SystemCoreClock
                0x000000002000000c        0x4 Core/Src/system_stm32f4xx.o
                0x000000002000000c                SystemCoreClock
 .data.uwTickPrio
                0x0000000020000010        0x4 Drivers/STM32F4xx_HAL_Driver/Src/stm32f4xx_hal.o
                0x0000000020000010                uwTickPrio
 .data.uwTickFreq
                0x0000000020000014        0x1 Drivers/STM32F4xx_HAL_Driver/Src/stm32f4xx_hal.o
                0x0000000020000014                uwTickFreq
 *fill*         0x0000000020000015        0x3 
 .data._impure_ptr
                0x0000000020000018        0x4 d:/program files (x86)/stm32/stm32cubeide_1.1.0/stm32cubeide/plugins/com.st.stm32cube.ide.mcu.externaltools.gnu-tools-for-stm32.7-2018-q2-update.win32_1.0.0.201904181610/tools/bin/../lib/gcc/arm-none-eabi/7.3.1/../../../../arm-none-eabi/lib/thumb/v7e-m/fpv4-sp/hard\libc_nano.a(lib_a-impure.o)
                0x0000000020000018                _impure_ptr
 .data.impure_data
                0x000000002000001c       0x60 d:/program files (x86)/stm32/stm32cubeide_1.1.0/stm32cubeide/plugins/com.st.stm32cube.ide.mcu.externaltools.gnu-tools-for-stm32.7-2018-q2-update.win32_1.0.0.201904181610/tools/bin/../lib/gcc/arm-none-eabi/7.3.1/../../../../arm-none-eabi/lib/thumb/v7e-m/fpv4-sp/hard\libc_nano.a(lib_a-impure.o)
 .data.__global_locale
                0x000000002000007c      0x16c d:/program files (x86)/stm32/stm32cubeide_1.1.0/stm32cubeide/plugins/com.st.stm32cube.ide.mcu.externaltools.gnu-tools-for-stm32.7-2018-q2-update.win32_1.0.0.201904181610/tools/bin/../lib/gcc/arm-none-eabi/7.3.1/../../../../arm-none-eabi/lib/thumb/v7e-m/fpv4-sp/hard\libc_nano.a(lib_a-locale.o)
                0x000000002000007c                __global_locale
                0x00000000200001e8                . = ALIGN (0x4)
                0x00000000200001e8                _edata = .

.igot.plt       0x00000000200001e8        0x0 load address 0x000000000800dae8
 .igot.plt      0x00000000200001e8        0x0 d:/program files (x86)/stm32/stm32cubeide_1.1.0/stm32cubeide/plugins/com.st.stm32cube.ide.mcu.externaltools.gnu-tools-for-stm32.7-2018-q2-update.win32_1.0.0.201904181610/tools/bin/../lib/gcc/arm-none-eabi/7.3.1/thumb/v7e-m/fpv4-sp/hard/crtbegin.o
                0x00000000200001e8                . = ALIGN (0x4)

.bss            0x00000000200001e8    0x135e8 load address 0x000000000800dae8
                0x00000000200001e8                _sbss = .
                0x00000000200001e8                __bss_start__ = _sbss
 *(.bss)
 .bss           0x00000000200001e8       0x1c d:/program files (x86)/stm32/stm32cubeide_1.1.0/stm32cubeide/plugins/com.st.stm32cube.ide.mcu.externaltools.gnu-tools-for-stm32.7-2018-q2-update.win32_1.0.0.201904181610/tools/bin/../lib/gcc/arm-none-eabi/7.3.1/thumb/v7e-m/fpv4-sp/hard/crtbegin.o
 *(.bss*)
 .bss.Timer1    0x0000000020000204        0x1 Core/Src/diskio.o
 .bss.Timer2    0x0000000020000205        0x1 Core/Src/diskio.o
 .bss.CardType  0x0000000020000206        0x1 Core/Src/diskio.o
 .bss.PowerFlag
                0x0000000020000207        0x1 Core/Src/diskio.o
 .bss.FatFs     0x0000000020000208        0x4 Core/Src/ff.o
 .bss.Fsid      0x000000002000020c        0x2 Core/Src/ff.o
 *fill*         0x000000002000020e        0x2 
 .bss.FatFs     0x0000000020000210      0x230 Core/Src/main.o
 .bss.sp_hdcmi  0x0000000020000440        0x4 Core/Src/ov7670.o
 .bss.sp_hdma_dcmi
                0x0000000020000444        0x4 Core/Src/ov7670.o
 .bss.sp_hi2c   0x0000000020000448        0x4 Core/Src/ov7670.o
 .bss.s_destAddressForContiuousMode
                0x000000002000044c        0x4 Core/Src/ov7670.o
 .bss.s_cbVsync
                0x0000000020000450        0x4 Core/Src/ov7670.o
 .bss.s_currentH
                0x0000000020000454        0x4 Core/Src/ov7670.o
 .bss.s_currentV
                0x0000000020000458        0x4 Core/Src/ov7670.o
 .bss.heap_end.6424
                0x000000002000045c        0x4 Core/Src/sysmem.o
 .bss.__malloc_free_list
                0x0000000020000460        0x4 d:/program files (x86)/stm32/stm32cubeide_1.1.0/stm32cubeide/plugins/com.st.stm32cube.ide.mcu.externaltools.gnu-tools-for-stm32.7-2018-q2-update.win32_1.0.0.201904181610/tools/bin/../lib/gcc/arm-none-eabi/7.3.1/../../../../arm-none-eabi/lib/thumb/v7e-m/fpv4-sp/hard\libc_nano.a(lib_a-nano-mallocr.o)
                0x0000000020000460                __malloc_free_list
 .bss.__malloc_sbrk_start
                0x0000000020000464        0x4 d:/program files (x86)/stm32/stm32cubeide_1.1.0/stm32cubeide/plugins/com.st.stm32cube.ide.mcu.externaltools.gnu-tools-for-stm32.7-2018-q2-update.win32_1.0.0.201904181610/tools/bin/../lib/gcc/arm-none-eabi/7.3.1/../../../../arm-none-eabi/lib/thumb/v7e-m/fpv4-sp/hard\libc_nano.a(lib_a-nano-mallocr.o)
                0x0000000020000464                __malloc_sbrk_start
 *(COMMON)
 COMMON         0x0000000020000468        0x2 Core/Src/diskio.o