main.c:117:7:concat	32	static
main.c:126:6:HAL_UART_RxCpltCallback	16	static
main.c:142:10:hcsr04_read	8	static
main.c:164:6:HAL_TIM_PeriodElapsedCallback	16	static
main.c:185:5:main	32	static
main.c:294:6:SystemClock_Config	88	static
main.c:338:13:MX_DCMI_Init	8	static
main.c:371:13:MX_I2C2_Init	8	static
main.c:405:13:MX_SPI1_Init	8	static
main.c:443:13:MX_TIM3_Init	32	static
main.c:488:13:MX_USART2_UART_Init	8	static
main.c:519:13:MX_DMA_Init	16	static
main.c:537:13:MX_GPIO_Init	56	static
main.c:593:6:Error_Handler	4	static
