main.c:100:6:HAL_UART_RxCpltCallback	16	static
main.c:116:10:hcsr04_read	8	static
main.c:138:6:HAL_TIM_PeriodElapsedCallback	16	static
main.c:159:5:main	24	static
main.c:231:6:SystemClock_Config	88	static
main.c:275:13:MX_DCMI_Init	8	static
main.c:308:13:MX_I2C2_Init	8	static
main.c:342:13:MX_SPI1_Init	8	static
main.c:380:13:MX_TIM3_Init	32	static
main.c:425:13:MX_USART2_UART_Init	8	static
main.c:456:13:MX_DMA_Init	16	static
main.c:474:13:MX_GPIO_Init	48	static
main.c:529:6:Error_Handler	4	static
